Archive member included to satisfy reference by file (symbol)

c:/st/stm32cubeide_1.8.0/stm32cubeide/plugins/com.st.stm32cube.ide.mcu.externaltools.gnu-tools-for-stm32.9-2020-q2-update.win32_2.0.0.202105311346/tools/bin/../lib/gcc/arm-none-eabi/9.3.1/../../../../arm-none-eabi/lib/thumb/v7e-m+fp/hard\libc_nano.a(lib_a-errno.o)
                              ./Core/Src/syscalls.o (__errno)
c:/st/stm32cubeide_1.8.0/stm32cubeide/plugins/com.st.stm32cube.ide.mcu.externaltools.gnu-tools-for-stm32.9-2020-q2-update.win32_2.0.0.202105311346/tools/bin/../lib/gcc/arm-none-eabi/9.3.1/../../../../arm-none-eabi/lib/thumb/v7e-m+fp/hard\libc_nano.a(lib_a-exit.o)
                              c:/st/stm32cubeide_1.8.0/stm32cubeide/plugins/com.st.stm32cube.ide.mcu.externaltools.gnu-tools-for-stm32.9-2020-q2-update.win32_2.0.0.202105311346/tools/bin/../lib/gcc/arm-none-eabi/9.3.1/../../../../arm-none-eabi/lib/thumb/v7e-m+fp/hard/crt0.o (exit)
c:/st/stm32cubeide_1.8.0/stm32cubeide/plugins/com.st.stm32cube.ide.mcu.externaltools.gnu-tools-for-stm32.9-2020-q2-update.win32_2.0.0.202105311346/tools/bin/../lib/gcc/arm-none-eabi/9.3.1/../../../../arm-none-eabi/lib/thumb/v7e-m+fp/hard\libc_nano.a(lib_a-impure.o)
                              c:/st/stm32cubeide_1.8.0/stm32cubeide/plugins/com.st.stm32cube.ide.mcu.externaltools.gnu-tools-for-stm32.9-2020-q2-update.win32_2.0.0.202105311346/tools/bin/../lib/gcc/arm-none-eabi/9.3.1/../../../../arm-none-eabi/lib/thumb/v7e-m+fp/hard\libc_nano.a(lib_a-exit.o) (_global_impure_ptr)
c:/st/stm32cubeide_1.8.0/stm32cubeide/plugins/com.st.stm32cube.ide.mcu.externaltools.gnu-tools-for-stm32.9-2020-q2-update.win32_2.0.0.202105311346/tools/bin/../lib/gcc/arm-none-eabi/9.3.1/../../../../arm-none-eabi/lib/thumb/v7e-m+fp/hard\libc_nano.a(lib_a-init.o)
                              c:/st/stm32cubeide_1.8.0/stm32cubeide/plugins/com.st.stm32cube.ide.mcu.externaltools.gnu-tools-for-stm32.9-2020-q2-update.win32_2.0.0.202105311346/tools/bin/../lib/gcc/arm-none-eabi/9.3.1/../../../../arm-none-eabi/lib/thumb/v7e-m+fp/hard/crt0.o (__libc_init_array)
c:/st/stm32cubeide_1.8.0/stm32cubeide/plugins/com.st.stm32cube.ide.mcu.externaltools.gnu-tools-for-stm32.9-2020-q2-update.win32_2.0.0.202105311346/tools/bin/../lib/gcc/arm-none-eabi/9.3.1/../../../../arm-none-eabi/lib/thumb/v7e-m+fp/hard\libc_nano.a(lib_a-memset.o)
                              c:/st/stm32cubeide_1.8.0/stm32cubeide/plugins/com.st.stm32cube.ide.mcu.externaltools.gnu-tools-for-stm32.9-2020-q2-update.win32_2.0.0.202105311346/tools/bin/../lib/gcc/arm-none-eabi/9.3.1/../../../../arm-none-eabi/lib/thumb/v7e-m+fp/hard/crt0.o (memset)
c:/st/stm32cubeide_1.8.0/stm32cubeide/plugins/com.st.stm32cube.ide.mcu.externaltools.gnu-tools-for-stm32.9-2020-q2-update.win32_2.0.0.202105311346/tools/bin/../lib/gcc/arm-none-eabi/9.3.1/../../../../arm-none-eabi/lib/thumb/v7e-m+fp/hard\libc_nano.a(lib_a-strlen.o)
                              ./Core/Src/main.o (strlen)
c:/st/stm32cubeide_1.8.0/stm32cubeide/plugins/com.st.stm32cube.ide.mcu.externaltools.gnu-tools-for-stm32.9-2020-q2-update.win32_2.0.0.202105311346/tools/bin/../lib/gcc/arm-none-eabi/9.3.1/thumb/v7e-m+fp/hard\libgcc.a(_aeabi_uldivmod.o)
                              ./Drivers/STM32F4xx_HAL_Driver/Src/stm32f4xx_hal_rcc.o (__aeabi_uldivmod)
c:/st/stm32cubeide_1.8.0/stm32cubeide/plugins/com.st.stm32cube.ide.mcu.externaltools.gnu-tools-for-stm32.9-2020-q2-update.win32_2.0.0.202105311346/tools/bin/../lib/gcc/arm-none-eabi/9.3.1/thumb/v7e-m+fp/hard\libgcc.a(_udivmoddi4.o)
                              c:/st/stm32cubeide_1.8.0/stm32cubeide/plugins/com.st.stm32cube.ide.mcu.externaltools.gnu-tools-for-stm32.9-2020-q2-update.win32_2.0.0.202105311346/tools/bin/../lib/gcc/arm-none-eabi/9.3.1/thumb/v7e-m+fp/hard\libgcc.a(_aeabi_uldivmod.o) (__udivmoddi4)
c:/st/stm32cubeide_1.8.0/stm32cubeide/plugins/com.st.stm32cube.ide.mcu.externaltools.gnu-tools-for-stm32.9-2020-q2-update.win32_2.0.0.202105311346/tools/bin/../lib/gcc/arm-none-eabi/9.3.1/thumb/v7e-m+fp/hard\libgcc.a(_dvmd_tls.o)
                              c:/st/stm32cubeide_1.8.0/stm32cubeide/plugins/com.st.stm32cube.ide.mcu.externaltools.gnu-tools-for-stm32.9-2020-q2-update.win32_2.0.0.202105311346/tools/bin/../lib/gcc/arm-none-eabi/9.3.1/thumb/v7e-m+fp/hard\libgcc.a(_aeabi_uldivmod.o) (__aeabi_ldiv0)

Allocating common symbols
Common symbol       size              file

tickstart_seguridad
                    0x4               ./Core/Src/main.o
tickstart_riego     0x4               ./Core/Src/main.o
hi2c1               0x54              ./Core/Src/main.o
uwTick              0x4               ./Drivers/STM32F4xx_HAL_Driver/Src/stm32f4xx_hal.o
pFlash              0x20              ./Drivers/STM32F4xx_HAL_Driver/Src/stm32f4xx_hal_flash.o
button_int          0x4               ./Core/Src/main.o
rx_buffer           0x32              ./Core/Src/main.o
tx_buffer           0x32              ./Core/Src/main.o
hadc1               0x48              ./Core/Src/main.o
[...]
Memory Configuration

Name             Origin             Length             Attributes
CCMRAM           0x0000000010000000 0x0000000000010000 xrw
RAM              0x0000000020000000 0x0000000000020000 xrw
FLASH            0x0000000008000000 0x0000000000100000 xr
*default*        0x0000000000000000 0xffffffffffffffff

Linker script and memory map

LOAD c:/st/stm32cubeide_1.8.0/stm32cubeide/plugins/com.st.stm32cube.ide.mcu.externaltools.gnu-tools-for-stm32.9-2020-q2-update.win32_2.0.0.202105311346/tools/bin/../lib/gcc/arm-none-eabi/9.3.1/thumb/v7e-m+fp/hard/crti.o
LOAD c:/st/stm32cubeide_1.8.0/stm32cubeide/plugins/com.st.stm32cube.ide.mcu.externaltools.gnu-tools-for-stm32.9-2020-q2-update.win32_2.0.0.202105311346/tools/bin/../lib/gcc/arm-none-eabi/9.3.1/thumb/v7e-m+fp/hard/crtbegin.o
LOAD c:/st/stm32cubeide_1.8.0/stm32cubeide/plugins/com.st.stm32cube.ide.mcu.externaltools.gnu-tools-for-stm32.9-2020-q2-update.win32_2.0.0.202105311346/tools/bin/../lib/gcc/arm-none-eabi/9.3.1/../../../../arm-none-eabi/lib/thumb/v7e-m+fp/hard/crt0.o
LOAD ./Core/Src/main.o
LOAD ./Core/Src/stm32f4xx_hal_msp.o
LOAD ./Core/Src/stm32f4xx_it.o
LOAD ./Core/Src/syscalls.o
LOAD ./Core/Src/sysmem.o
LOAD ./Core/Src/system_stm32f4xx.o
LOAD ./Core/Startup/startup_stm32f407vgtx.o
LOAD ./Drivers/STM32F4xx_HAL_Driver/Src/stm32f4xx_hal.o
LOAD ./Drivers/STM32F4xx_HAL_Driver/Src/stm32f4xx_hal_adc.o
LOAD ./Drivers/STM32F4xx_HAL_Driver/Src/stm32f4xx_hal_adc_ex.o
LOAD ./Drivers/STM32F4xx_HAL_Driver/Src/stm32f4xx_hal_cortex.o
LOAD ./Drivers/STM32F4xx_HAL_Driver/Src/stm32f4xx_hal_dma.o
LOAD ./Drivers/STM32F4xx_HAL_Driver/Src/stm32f4xx_hal_dma_ex.o
LOAD ./Drivers/STM32F4xx_HAL_Driver/Src/stm32f4xx_hal_exti.o
LOAD ./Drivers/STM32F4xx_HAL_Driver/Src/stm32f4xx_hal_flash.o
LOAD ./Drivers/STM32F4xx_HAL_Driver/Src/stm32f4xx_hal_flash_ex.o
LOAD ./Drivers/STM32F4xx_HAL_Driver/Src/stm32f4xx_hal_flash_ramfunc.o
LOAD ./Drivers/STM32F4xx_HAL_Driver/Src/stm32f4xx_hal_gpio.o
LOAD ./Drivers/STM32F4xx_HAL_Driver/Src/stm32f4xx_hal_i2c.o
LOAD ./Drivers/STM32F4xx_HAL_Driver/Src/stm32f4xx_hal_i2c_ex.o
LOAD ./Drivers/STM32F4xx_HAL_Driver/Src/stm32f4xx_hal_pwr.o
LOAD ./Drivers/STM32F4xx_HAL_Driver/Src/stm32f4xx_hal_pwr_ex.o
LOAD ./Drivers/STM32F4xx_HAL_Driver/Src/stm32f4xx_hal_rcc.o
LOAD ./Drivers/STM32F4xx_HAL_Driver/Src/stm32f4xx_hal_rcc_ex.o
LOAD ./Drivers/STM32F4xx_HAL_Driver/Src/stm32f4xx_hal_tim.o
LOAD ./Drivers/STM32F4xx_HAL_Driver/Src/stm32f4xx_hal_tim_ex.o
LOAD ./Drivers/STM32F4xx_HAL_Driver/Src/stm32f4xx_hal_uart.o
LOAD ./Drivers/STM32F4xx_HAL_Driver/Src/stm32f4xx_ll_adc.o
START GROUP
LOAD c:/st/stm32cubeide_1.8.0/stm32cubeide/plugins/com.st.stm32cube.ide.mcu.externaltools.gnu-tools-for-stm32.9-2020-q2-update.win32_2.0.0.202105311346/tools/bin/../lib/gcc/arm-none-eabi/9.3.1/../../../../arm-none-eabi/lib/thumb/v7e-m+fp/hard\libc_nano.a
LOAD c:/st/stm32cubeide_1.8.0/stm32cubeide/plugins/com.st.stm32cube.ide.mcu.externaltools.gnu-tools-for-stm32.9-2020-q2-update.win32_2.0.0.202105311346/tools/bin/../lib/gcc/arm-none-eabi/9.3.1/../../../../arm-none-eabi/lib/thumb/v7e-m+fp/hard\libm.a
END GROUP
START GROUP
LOAD c:/st/stm32cubeide_1.8.0/stm32cubeide/plugins/com.st.stm32cube.ide.mcu.externaltools.gnu-tools-for-stm32.9-2020-q2-update.win32_2.0.0.202105311346/tools/bin/../lib/gcc/arm-none-eabi/9.3.1/thumb/v7e-m+fp/hard\libgcc.a
LOAD c:/st/stm32cubeide_1.8.0/stm32cubeide/plugins/com.st.stm32cube.ide.mcu.externaltools.gnu-tools-for-stm32.9-2020-q2-update.win32_2.0.0.202105311346/tools/bin/../lib/gcc/arm-none-eabi/9.3.1/../../../../arm-none-eabi/lib/thumb/v7e-m+fp/hard\libc_nano.a
END GROUP
START GROUP
LOAD c:/st/stm32cubeide_1.8.0/stm32cubeide/plugins/com.st.stm32cube.ide.mcu.externaltools.gnu-tools-for-stm32.9-2020-q2-update.win32_2.0.0.202105311346/tools/bin/../lib/gcc/arm-none-eabi/9.3.1/thumb/v7e-m+fp/hard\libgcc.a
LOAD c:/st/stm32cubeide_1.8.0/stm32cubeide/plugins/com.st.stm32cube.ide.mcu.externaltools.gnu-tools-for-stm32.9-2020-q2-update.win32_2.0.0.202105311346/tools/bin/../lib/gcc/arm-none-eabi/9.3.1/../../../../arm-none-eabi/lib/thumb/v7e-m+fp/hard\libc_nano.a
LOAD c:/st/stm32cubeide_1.8.0/stm32cubeide/plugins/com.st.stm32cube.ide.mcu.externaltools.gnu-tools-for-stm32.9-2020-q2-update.win32_2.0.0.202105311346/tools/bin/../lib/gcc/arm-none-eabi/9.3.1/../../../../arm-none-eabi/lib/thumb/v7e-m+fp/hard\libnosys.a
END GROUP
START GROUP
LOAD c:/st/stm32cubeide_1.8.0/stm32cubeide/plugins/com.st.stm32cube.ide.mcu.externaltools.gnu-tools-for-stm32.9-2020-q2-update.win32_2.0.0.202105311346/tools/bin/../lib/gcc/arm-none-eabi/9.3.1/thumb/v7e-m+fp/hard\libgcc.a
LOAD c:/st/stm32cubeide_1.8.0/stm32cubeide/plugins/com.st.stm32cube.ide.mcu.externaltools.gnu-tools-for-stm32.9-2020-q2-update.win32_2.0.0.202105311346/tools/bin/../lib/gcc/arm-none-eabi/9.3.1/../../../../arm-none-eabi/lib/thumb/v7e-m+fp/hard\libc_nano.a
LOAD c:/st/stm32cubeide_1.8.0/stm32cubeide/plugins/com.st.stm32cube.ide.mcu.externaltools.gnu-tools-for-stm32.9-2020-q2-update.win32_2.0.0.202105311346/tools/bin/../lib/gcc/arm-none-eabi/9.3.1/../../../../arm-none-eabi/lib/thumb/v7e-m+fp/hard\libnosys.a
END GROUP
LOAD c:/st/stm32cubeide_1.8.0/stm32cubeide/plugins/com.st.stm32cube.ide.mcu.externaltools.gnu-tools-for-stm32.9-2020-q2-update.win32_2.0.0.202105311346/tools/bin/../lib/gcc/arm-none-eabi/9.3.1/thumb/v7e-m+fp/hard/crtend.o
LOAD c:/st/stm32cubeide_1.8.0/stm32cubeide/plugins/com.st.stm32cube.ide.mcu.externaltools.gnu-tools-for-stm32.9-2020-q2-update.win32_2.0.0.202105311346/tools/bin/../lib/gcc/arm-none-eabi/9.3.1/thumb/v7e-m+fp/hard/crtn.o
                0x0000000020020000                _estack = (ORIGIN (RAM) + LENGTH (RAM))
                0x0000000000000200                _Min_Heap_Size = 0x200
                0x0000000000000400                _Min_Stack_Size = 0x400

.isr_vector     0x0000000008000000      0x188
                0x0000000008000000                . = ALIGN (0x4)
 *(.isr_vector)
 .isr_vector    0x0000000008000000      0x188 ./Core/Startup/startup_stm32f407vgtx.o
                0x0000000008000000                g_pfnVectors
                0x0000000008000188                . = ALIGN (0x4)

.text           0x0000000008000188     0x5194
                0x0000000008000188                . = ALIGN (0x4)
 *(.text)
 .text          0x0000000008000188       0x40 c:/st/stm32cubeide_1.8.0/stm32cubeide/plugins/com.st.stm32cube.ide.mcu.externaltools.gnu-tools-for-stm32.9-2020-q2-update.win32_2.0.0.202105311346/tools/bin/../lib/gcc/arm-none-eabi/9.3.1/thumb/v7e-m+fp/hard/crtbegin.o
 .text          0x00000000080001c8       0x10 c:/st/stm32cubeide_1.8.0/stm32cubeide/plugins/com.st.stm32cube.ide.mcu.externaltools.gnu-tools-for-stm32.9-2020-q2-update.win32_2.0.0.202105311346/tools/bin/../lib/gcc/arm-none-eabi/9.3.1/../../../../arm-none-eabi/lib/thumb/v7e-m+fp/hard\libc_nano.a(lib_a-strlen.o)
                0x00000000080001c8                strlen
 .text          0x00000000080001d8       0x30 c:/st/stm32cubeide_1.8.0/stm32cubeide/plugins/com.st.stm32cube.ide.mcu.externaltools.gnu-tools-for-stm32.9-2020-q2-update.win32_2.0.0.202105311346/tools/bin/../lib/gcc/arm-none-eabi/9.3.1/thumb/v7e-m+fp/hard\libgcc.a(_aeabi_uldivmod.o)
                0x00000000080001d8                __aeabi_uldivmod
 .text          0x0000000008000208      0x2c4 c:/st/stm32cubeide_1.8.0/stm32cubeide/plugins/com.st.stm32cube.ide.mcu.externaltools.gnu-tools-for-stm32.9-2020-q2-update.win32_2.0.0.202105311346/tools/bin/../lib/gcc/arm-none-eabi/9.3.1/thumb/v7e-m+fp/hard\libgcc.a(_udivmoddi4.o)
                0x0000000008000208                __udivmoddi4
 .text          0x00000000080004cc        0x4 c:/st/stm32cubeide_1.8.0/stm32cubeide/plugins/com.st.stm32cube.ide.mcu.externaltools.gnu-tools-for-stm32.9-2020-q2-update.win32_2.0.0.202105311346/tools/bin/../lib/gcc/arm-none-eabi/9.3.1/thumb/v7e-m+fp/hard\libgcc.a(_dvmd_tls.o)
                0x00000000080004cc                __aeabi_idiv0
                0x00000000080004cc                __aeabi_ldiv0
 *(.text*)
 .text.setLuces
                0x00000000080004d0       0x40 ./Core/Src/main.o
                0x00000000080004d0                setLuces
 .text.getEstadoLuces
                0x0000000008000510       0x18 ./Core/Src/main.o
                0x0000000008000510                getEstadoLuces
 .text.cambiarEstadoLuces
                0x0000000008000528       0x24 ./Core/Src/main.o
                0x0000000008000528                cambiarEstadoLuces
 .text.medirLDR
                0x000000000800054c       0x44 ./Core/Src/main.o
                0x000000000800054c                medirLDR
 .text.luces    0x0000000008000590        0xc ./Core/Src/main.o
                0x0000000008000590                luces
 .text.clrScr   0x000000000800059c       0x28 ./Core/Src/main.o
                0x000000000800059c                clrScr
 .text.setColor
                0x00000000080005c4       0x44 ./Core/Src/main.o
                0x00000000080005c4                setColor
 .text.setBackColor
                0x0000000008000608       0x44 ./Core/Src/main.o
                0x0000000008000608                setBackColor
 .text.drawRect
                0x000000000800064c       0x98 ./Core/Src/main.o
                0x000000000800064c                drawRect
 .text.fillRect
                0x00000000080006e4       0x98 ./Core/Src/main.o
                0x00000000080006e4                fillRect
 .text.print    0x000000000800077c       0xc0 ./Core/Src/main.o
                0x000000000800077c                print
 .text.printfrase
                0x000000000800083c       0x62 ./Core/Src/main.o
                0x000000000800083c                printfrase
 *fill*         0x000000000800089e        0x2 
 .text.setFont  0x00000000080008a0       0x34 ./Core/Src/main.o
                0x00000000080008a0                setFont
 .text.fillCircle
                0x00000000080008d4       0x80 ./Core/Src/main.o
                0x00000000080008d4                fillCircle
 .text.botones  0x0000000008000954      0x168 ./Core/Src/main.o
                0x0000000008000954                botones
 .text.crear_botonera
                0x0000000008000abc      0x108 ./Core/Src/main.o
                0x0000000008000abc                crear_botonera
 .text.resaltar_boton
                0x0000000008000bc4      0x250 ./Core/Src/main.o
                0x0000000008000bc4                resaltar_boton
 .text.rellenar_botones
                0x0000000008000e14      0x2a4 ./Core/Src/main.o
                0x0000000008000e14                rellenar_botones
 .text.pantalla_principal
                0x00000000080010b8      0x194 ./Core/Src/main.o
                0x00000000080010b8                pantalla_principal
 .text.pantalla_luces
                0x000000000800124c      0x19c ./Core/Src/main.o
                0x000000000800124c                pantalla_luces
 .text.pantalla_luces_manual
                0x00000000080013e8      0x1f4 ./Core/Src/main.o
                0x00000000080013e8                pantalla_luces_manual
 .text.reset_buffer
                0x00000000080015dc       0x30 ./Core/Src/main.o
                0x00000000080015dc                reset_buffer
 .text.seleccion_menu_principal
                0x000000000800160c      0x24c ./Core/Src/main.o
                0x000000000800160c                seleccion_menu_principal
 .text.seleccion_menu_luces
                0x0000000008001858      0x170 ./Core/Src/main.o
                0x0000000008001858                seleccion_menu_luces
 .text.menu_luces_manual
                0x00000000080019c8      0x184 ./Core/Src/main.o
                0x00000000080019c8                menu_luces_manual
 .text.setEstadoPersianas
                0x0000000008001b4c       0x90 ./Core/Src/main.o
                0x0000000008001b4c                setEstadoPersianas
 .text.getEstadoPersianas
                0x0000000008001bdc       0x18 ./Core/Src/main.o
                0x0000000008001bdc                getEstadoPersianas
 .text.getEstadoAnteriorPersianas
                0x0000000008001bf4       0x18 ./Core/Src/main.o
                0x0000000008001bf4                getEstadoAnteriorPersianas
 .text.cambiarEstadoPersianas
                0x0000000008001c0c       0x9c ./Core/Src/main.o
                0x0000000008001c0c                cambiarEstadoPersianas
 .text.setEstadoRiego
                0x0000000008001ca8       0x9c ./Core/Src/main.o
                0x0000000008001ca8                setEstadoRiego
 .text.cambiarEstadoRiego
                0x0000000008001d44       0x34 ./Core/Src/main.o
                0x0000000008001d44                cambiarEstadoRiego
 .text.temporizador_riego
                0x0000000008001d78       0x3c ./Core/Src/main.o
                0x0000000008001d78                temporizador_riego
 .text.riego    0x0000000008001db4        0xc ./Core/Src/main.o
                0x0000000008001db4                riego
 .text.setEstadoSeguridad
                0x0000000008001dc0       0x68 ./Core/Src/main.o
                0x0000000008001dc0                setEstadoSeguridad
 .text.activar_sensor
                0x0000000008001e28       0x34 ./Core/Src/main.o
                0x0000000008001e28                activar_sensor
 .text.getEstadoSeguridad
                0x0000000008001e5c       0x18 ./Core/Src/main.o
                0x0000000008001e5c                getEstadoSeguridad
 .text.cambiarEstadoSeguridad
                0x0000000008001e74       0x20 ./Core/Src/main.o
                0x0000000008001e74                cambiarEstadoSeguridad
 .text.intruso_detectado
                0x0000000008001e94       0x2c ./Core/Src/main.o
                0x0000000008001e94                intruso_detectado
 .text.sonar_alarma
                0x0000000008001ec0        0xe ./Core/Src/main.o
                0x0000000008001ec0                sonar_alarma
 .text.seguridad
                0x0000000008001ece       0x10 ./Core/Src/main.o
                0x0000000008001ece                seguridad
 *fill*         0x0000000008001ede        0x2 
 .text.debouncer
                0x0000000008001ee0       0xa0 ./Core/Src/main.o
                0x0000000008001ee0                debouncer
 .text.HAL_GPIO_EXTI_Callback
                0x0000000008001f80      0x120 ./Core/Src/main.o
                0x0000000008001f80                HAL_GPIO_EXTI_Callback
 .text.main     0x00000000080020a0       0xf6 ./Core/Src/main.o
                0x00000000080020a0                main
 *fill*         0x0000000008002196        0x2 
 .text.SystemClock_Config
                0x0000000008002198       0xd4 ./Core/Src/main.o
                0x0000000008002198                SystemClock_Config
 .text.MX_ADC1_Init
                0x000000000800226c       0xa4 ./Core/Src/main.o
 .text.MX_I2C1_Init
                0x0000000008002310       0x5c ./Core/Src/main.o
 .text.MX_TIM6_Init
                0x000000000800236c       0x6c ./Core/Src/main.o
 .text.MX_USART6_UART_Init
                0x00000000080023d8       0x54 ./Core/Src/main.o
 .text.MX_GPIO_Init
                0x000000000800242c      0x188 ./Core/Src/main.o
 .text.Error_Handler
                0x00000000080025b4        0xa ./Core/Src/main.o
                0x00000000080025b4                Error_Handler
 *fill*         0x00000000080025be        0x2 
 .text.HAL_MspInit
                0x00000000080025c0       0x50 ./Core/Src/stm32f4xx_hal_msp.o
                0x00000000080025c0                HAL_MspInit
 .text.HAL_ADC_MspInit
                0x0000000008002610       0x88 ./Core/Src/stm32f4xx_hal_msp.o
                0x0000000008002610                HAL_ADC_MspInit
 .text.HAL_I2C_MspInit
                0x0000000008002698       0x90 ./Core/Src/stm32f4xx_hal_msp.o
                0x0000000008002698                HAL_I2C_MspInit
 .text.HAL_TIM_Base_MspInit
                0x0000000008002728       0x44 ./Core/Src/stm32f4xx_hal_msp.o
                0x0000000008002728                HAL_TIM_Base_MspInit
 .text.HAL_UART_MspInit
                0x000000000800276c       0x90 ./Core/Src/stm32f4xx_hal_msp.o
                0x000000000800276c                HAL_UART_MspInit
 .text.NMI_Handler
                0x00000000080027fc        0x6 ./Core/Src/stm32f4xx_it.o
                0x00000000080027fc                NMI_Handler
 .text.HardFault_Handler
                0x0000000008002802        0x6 ./Core/Src/stm32f4xx_it.o
                0x0000000008002802                HardFault_Handler
 .text.MemManage_Handler
                0x0000000008002808        0x6 ./Core/Src/stm32f4xx_it.o
                0x0000000008002808                MemManage_Handler
 .text.BusFault_Handler
                0x000000000800280e        0x6 ./Core/Src/stm32f4xx_it.o
                0x000000000800280e                BusFault_Handler
 .text.UsageFault_Handler
                0x0000000008002814        0x6 ./Core/Src/stm32f4xx_it.o
                0x0000000008002814                UsageFault_Handler
 .text.SVC_Handler
                0x000000000800281a        0xe ./Core/Src/stm32f4xx_it.o
                0x000000000800281a                SVC_Handler
 .text.DebugMon_Handler
                0x0000000008002828        0xe ./Core/Src/stm32f4xx_it.o
                0x0000000008002828                DebugMon_Handler
 .text.PendSV_Handler
                0x0000000008002836        0xe ./Core/Src/stm32f4xx_it.o
                0x0000000008002836                PendSV_Handler
 .text.SysTick_Handler
                0x0000000008002844        0xc ./Core/Src/stm32f4xx_it.o
                0x0000000008002844                SysTick_Handler
 .text.EXTI0_IRQHandler
                0x0000000008002850        0xe ./Core/Src/stm32f4xx_it.o
                0x0000000008002850                EXTI0_IRQHandler
 .text.EXTI3_IRQHandler
                0x000000000800285e        0xe ./Core/Src/stm32f4xx_it.o
                0x000000000800285e                EXTI3_IRQHandler
 .text.EXTI9_5_IRQHandler
                0x000000000800286c       0x16 ./Core/Src/stm32f4xx_it.o
                0x000000000800286c                EXTI9_5_IRQHandler
 .text.EXTI15_10_IRQHandler
                0x0000000008002882       0x38 ./Core/Src/stm32f4xx_it.o
                0x0000000008002882                EXTI15_10_IRQHandler
 *fill*         0x00000000080028ba        0x2 
 .text.SystemInit
                0x00000000080028bc       0x24 ./Core/Src/system_stm32f4xx.o
                0x00000000080028bc                SystemInit
 .text.Reset_Handler
                0x00000000080028e0       0x50 ./Core/Startup/startup_stm32f407vgtx.o
                0x00000000080028e0                Reset_Handler
 .text.Default_Handler
                0x0000000008002930        0x2 ./Core/Startup/startup_stm32f407vgtx.o
                0x0000000008002930                RTC_Alarm_IRQHandler
                0x0000000008002930                HASH_RNG_IRQHandler
                0x0000000008002930                EXTI2_IRQHandler
                0x0000000008002930                TIM8_CC_IRQHandler
                0x0000000008002930                TIM1_CC_IRQHandler
                0x0000000008002930                DMA2_Stream5_IRQHandler
                0x0000000008002930                DMA1_Stream5_IRQHandler
                0x0000000008002930                PVD_IRQHandler
                0x0000000008002930                SDIO_IRQHandler
                0x0000000008002930                TAMP_STAMP_IRQHandler
                0x0000000008002930                CAN2_RX1_IRQHandler
                0x0000000008002930                TIM8_TRG_COM_TIM14_IRQHandler
                0x0000000008002930                TIM1_UP_TIM10_IRQHandler
                0x0000000008002930                TIM8_UP_TIM13_IRQHandler
                0x0000000008002930                I2C3_ER_IRQHandler
                0x0000000008002930                I2C2_EV_IRQHandler
                0x0000000008002930                DMA1_Stream2_IRQHandler
                0x0000000008002930                CAN1_RX0_IRQHandler
                0x0000000008002930                FPU_IRQHandler
                0x0000000008002930                OTG_HS_WKUP_IRQHandler
                0x0000000008002930                CAN2_SCE_IRQHandler
                0x0000000008002930                DMA2_Stream2_IRQHandler
                0x0000000008002930                SPI1_IRQHandler
                0x0000000008002930                TIM6_DAC_IRQHandler
                0x0000000008002930                TIM1_BRK_TIM9_IRQHandler
                0x0000000008002930                DCMI_IRQHandler
                0x0000000008002930                CAN2_RX0_IRQHandler
                0x0000000008002930                DMA2_Stream3_IRQHandler
                0x0000000008002930                USART6_IRQHandler
                0x0000000008002930                USART3_IRQHandler
                0x0000000008002930                CAN1_RX1_IRQHandler
                0x0000000008002930                UART5_IRQHandler
                0x0000000008002930                DMA2_Stream0_IRQHandler
                0x0000000008002930                TIM4_IRQHandler
                0x0000000008002930                I2C1_EV_IRQHandler
                0x0000000008002930                DMA1_Stream6_IRQHandler
                0x0000000008002930                DMA1_Stream1_IRQHandler
                0x0000000008002930                UART4_IRQHandler
                0x0000000008002930                TIM3_IRQHandler
                0x0000000008002930                RCC_IRQHandler
                0x0000000008002930                TIM8_BRK_TIM12_IRQHandler
                0x0000000008002930                Default_Handler
                0x0000000008002930                ADC_IRQHandler
                0x0000000008002930                DMA1_Stream7_IRQHandler
                0x0000000008002930                TIM7_IRQHandler
                0x0000000008002930                CAN2_TX_IRQHandler
                0x0000000008002930                TIM5_IRQHandler
                0x0000000008002930                DMA2_Stream7_IRQHandler
                0x0000000008002930                I2C3_EV_IRQHandler
                0x0000000008002930                RTC_WKUP_IRQHandler
                0x0000000008002930                ETH_WKUP_IRQHandler
                0x0000000008002930                SPI2_IRQHandler
                0x0000000008002930                OTG_HS_EP1_IN_IRQHandler
                0x0000000008002930                DMA1_Stream0_IRQHandler
                0x0000000008002930                CAN1_TX_IRQHandler
                0x0000000008002930                EXTI4_IRQHandler
                0x0000000008002930                FSMC_IRQHandler
                0x0000000008002930                ETH_IRQHandler
                0x0000000008002930                OTG_HS_EP1_OUT_IRQHandler
                0x0000000008002930                WWDG_IRQHandler
                0x0000000008002930                TIM2_IRQHandler
                0x0000000008002930                OTG_FS_WKUP_IRQHandler
                0x0000000008002930                TIM1_TRG_COM_TIM11_IRQHandler
                0x0000000008002930                OTG_HS_IRQHandler
                0x0000000008002930                EXTI1_IRQHandler
                0x0000000008002930                USART2_IRQHandler
                0x0000000008002930                I2C2_ER_IRQHandler
                0x0000000008002930                DMA2_Stream1_IRQHandler
                0x0000000008002930                CAN1_SCE_IRQHandler
                0x0000000008002930                FLASH_IRQHandler
                0x0000000008002930                DMA2_Stream4_IRQHandler
                0x0000000008002930                USART1_IRQHandler
                0x0000000008002930                OTG_FS_IRQHandler
                0x0000000008002930                SPI3_IRQHandler
                0x0000000008002930                DMA1_Stream4_IRQHandler
                0x0000000008002930                I2C1_ER_IRQHandler
                0x0000000008002930                DMA2_Stream6_IRQHandler
                0x0000000008002930                DMA1_Stream3_IRQHandler
 *fill*         0x0000000008002932        0x2 
 .text.HAL_Init
                0x0000000008002934       0x44 ./Drivers/STM32F4xx_HAL_Driver/Src/stm32f4xx_hal.o
                0x0000000008002934                HAL_Init
 .text.HAL_InitTick
                0x0000000008002978       0x60 ./Drivers/STM32F4xx_HAL_Driver/Src/stm32f4xx_hal.o
                0x0000000008002978                HAL_InitTick
 .text.HAL_IncTick
                0x00000000080029d8       0x28 ./Drivers/STM32F4xx_HAL_Driver/Src/stm32f4xx_hal.o
                0x00000000080029d8                HAL_IncTick
 .text.HAL_GetTick
                0x0000000008002a00       0x18 ./Drivers/STM32F4xx_HAL_Driver/Src/stm32f4xx_hal.o
                0x0000000008002a00                HAL_GetTick
 .text.HAL_ADC_Init
                0x0000000008002a18       0x86 ./Drivers/STM32F4xx_HAL_Driver/Src/stm32f4xx_hal_adc.o
                0x0000000008002a18                HAL_ADC_Init
 *fill*         0x0000000008002a9e        0x2 
 .text.HAL_ADC_Start
                0x0000000008002aa0      0x1a4 ./Drivers/STM32F4xx_HAL_Driver/Src/stm32f4xx_hal_adc.o
                0x0000000008002aa0                HAL_ADC_Start
 .text.HAL_ADC_Stop
                0x0000000008002c44       0x66 ./Drivers/STM32F4xx_HAL_Driver/Src/stm32f4xx_hal_adc.o
                0x0000000008002c44                HAL_ADC_Stop
 .text.HAL_ADC_PollForConversion
                0x0000000008002caa      0x116 ./Drivers/STM32F4xx_HAL_Driver/Src/stm32f4xx_hal_adc.o
                0x0000000008002caa                HAL_ADC_PollForConversion
 .text.HAL_ADC_GetValue
                0x0000000008002dc0       0x1a ./Drivers/STM32F4xx_HAL_Driver/Src/stm32f4xx_hal_adc.o
                0x0000000008002dc0                HAL_ADC_GetValue
 *fill*         0x0000000008002dda        0x2 
 .text.HAL_ADC_ConfigChannel
                0x0000000008002ddc      0x244 ./Drivers/STM32F4xx_HAL_Driver/Src/stm32f4xx_hal_adc.o
                0x0000000008002ddc                HAL_ADC_ConfigChannel
 .text.ADC_Init
                0x0000000008003020      0x1f8 ./Drivers/STM32F4xx_HAL_Driver/Src/stm32f4xx_hal_adc.o
 .text.__NVIC_SetPriorityGrouping
                0x0000000008003218       0x48 ./Drivers/STM32F4xx_HAL_Driver/Src/stm32f4xx_hal_cortex.o
 .text.__NVIC_GetPriorityGrouping
                0x0000000008003260       0x1c ./Drivers/STM32F4xx_HAL_Driver/Src/stm32f4xx_hal_cortex.o
 .text.__NVIC_EnableIRQ
                0x000000000800327c       0x3c ./Drivers/STM32F4xx_HAL_Driver/Src/stm32f4xx_hal_cortex.o
 .text.__NVIC_SetPriority
                0x00000000080032b8       0x54 ./Drivers/STM32F4xx_HAL_Driver/Src/stm32f4xx_hal_cortex.o
 .text.NVIC_EncodePriority
                0x000000000800330c       0x66 ./Drivers/STM32F4xx_HAL_Driver/Src/stm32f4xx_hal_cortex.o
 *fill*         0x0000000008003372        0x2 
 .text.SysTick_Config
                0x0000000008003374       0x44 ./Drivers/STM32F4xx_HAL_Driver/Src/stm32f4xx_hal_cortex.o
 .text.HAL_NVIC_SetPriorityGrouping
                0x00000000080033b8       0x16 ./Drivers/STM32F4xx_HAL_Driver/Src/stm32f4xx_hal_cortex.o
                0x00000000080033b8                HAL_NVIC_SetPriorityGrouping
 .text.HAL_NVIC_SetPriority
                0x00000000080033ce       0x38 ./Drivers/STM32F4xx_HAL_Driver/Src/stm32f4xx_hal_cortex.o
                0x00000000080033ce                HAL_NVIC_SetPriority
 .text.HAL_NVIC_EnableIRQ
                0x0000000008003406       0x1c ./Drivers/STM32F4xx_HAL_Driver/Src/stm32f4xx_hal_cortex.o
                0x0000000008003406                HAL_NVIC_EnableIRQ
 .text.HAL_SYSTICK_Config
                0x0000000008003422       0x18 ./Drivers/STM32F4xx_HAL_Driver/Src/stm32f4xx_hal_cortex.o
                0x0000000008003422                HAL_SYSTICK_Config
 *fill*         0x000000000800343a        0x2 
 .text.HAL_GPIO_Init
                0x000000000800343c      0x338 ./Drivers/STM32F4xx_HAL_Driver/Src/stm32f4xx_hal_gpio.o
                0x000000000800343c                HAL_GPIO_Init
 .text.HAL_GPIO_ReadPin
                0x0000000008003774       0x30 ./Drivers/STM32F4xx_HAL_Driver/Src/stm32f4xx_hal_gpio.o
                0x0000000008003774                HAL_GPIO_ReadPin
 .text.HAL_GPIO_WritePin
                0x00000000080037a4       0x32 ./Drivers/STM32F4xx_HAL_Driver/Src/stm32f4xx_hal_gpio.o
                0x00000000080037a4                HAL_GPIO_WritePin
 *fill*         0x00000000080037d6        0x2 
 .text.HAL_GPIO_EXTI_IRQHandler
                0x00000000080037d8       0x30 ./Drivers/STM32F4xx_HAL_Driver/Src/stm32f4xx_hal_gpio.o
                0x00000000080037d8                HAL_GPIO_EXTI_IRQHandler
 .text.HAL_I2C_Init
                0x0000000008003808      0x288 ./Drivers/STM32F4xx_HAL_Driver/Src/stm32f4xx_hal_i2c.o
                0x0000000008003808                HAL_I2C_Init
 .text.HAL_I2C_Master_Transmit
                0x0000000008003a90      0x1fc ./Drivers/STM32F4xx_HAL_Driver/Src/stm32f4xx_hal_i2c.o
                0x0000000008003a90                HAL_I2C_Master_Transmit
 .text.I2C_MasterRequestWrite
                0x0000000008003c8c      0x104 ./Drivers/STM32F4xx_HAL_Driver/Src/stm32f4xx_hal_i2c.o
 .text.I2C_WaitOnFlagUntilTimeout
                0x0000000008003d90       0xae ./Drivers/STM32F4xx_HAL_Driver/Src/stm32f4xx_hal_i2c.o
 .text.I2C_WaitOnMasterAddressFlagUntilTimeout
                0x0000000008003e3e       0xfe ./Drivers/STM32F4xx_HAL_Driver/Src/stm32f4xx_hal_i2c.o
 .text.I2C_WaitOnTXEFlagUntilTimeout
                0x0000000008003f3c       0x82 ./Drivers/STM32F4xx_HAL_Driver/Src/stm32f4xx_hal_i2c.o
 .text.I2C_WaitOnBTFFlagUntilTimeout
                0x0000000008003fbe       0x82 ./Drivers/STM32F4xx_HAL_Driver/Src/stm32f4xx_hal_i2c.o
 .text.I2C_IsAcknowledgeFailed
                0x0000000008004040       0x5e ./Drivers/STM32F4xx_HAL_Driver/Src/stm32f4xx_hal_i2c.o
 *fill*         0x000000000800409e        0x2 
 .text.HAL_RCC_OscConfig
                0x00000000080040a0      0x4f0 ./Drivers/STM32F4xx_HAL_Driver/Src/stm32f4xx_hal_rcc.o
                0x00000000080040a0                HAL_RCC_OscConfig
 .text.HAL_RCC_ClockConfig
                0x0000000008004590      0x1cc ./Drivers/STM32F4xx_HAL_Driver/Src/stm32f4xx_hal_rcc.o
                0x0000000008004590                HAL_RCC_ClockConfig
 .text.HAL_RCC_GetSysClockFreq
                0x000000000800475c      0x1c4 ./Drivers/STM32F4xx_HAL_Driver/Src/stm32f4xx_hal_rcc.o
                0x000000000800475c                HAL_RCC_GetSysClockFreq
 .text.HAL_RCC_GetHCLKFreq
                0x0000000008004920       0x18 ./Drivers/STM32F4xx_HAL_Driver/Src/stm32f4xx_hal_rcc.o
                0x0000000008004920                HAL_RCC_GetHCLKFreq
 .text.HAL_RCC_GetPCLK1Freq
                0x0000000008004938       0x28 ./Drivers/STM32F4xx_HAL_Driver/Src/stm32f4xx_hal_rcc.o
                0x0000000008004938                HAL_RCC_GetPCLK1Freq
 .text.HAL_RCC_GetPCLK2Freq
                0x0000000008004960       0x28 ./Drivers/STM32F4xx_HAL_Driver/Src/stm32f4xx_hal_rcc.o
                0x0000000008004960                HAL_RCC_GetPCLK2Freq
 .text.HAL_TIM_Base_Init
                0x0000000008004988       0x9e ./Drivers/STM32F4xx_HAL_Driver/Src/stm32f4xx_hal_tim.o
                0x0000000008004988                HAL_TIM_Base_Init
 *fill*         0x0000000008004a26        0x2 
 .text.TIM_Base_SetConfig
                0x0000000008004a28      0x140 ./Drivers/STM32F4xx_HAL_Driver/Src/stm32f4xx_hal_tim.o
                0x0000000008004a28                TIM_Base_SetConfig
 .text.HAL_TIMEx_MasterConfigSynchronization
                0x0000000008004b68       0xf8 ./Drivers/STM32F4xx_HAL_Driver/Src/stm32f4xx_hal_tim_ex.o
                0x0000000008004b68                HAL_TIMEx_MasterConfigSynchronization
 .text.HAL_UART_Init
                0x0000000008004c60       0x9a ./Drivers/STM32F4xx_HAL_Driver/Src/stm32f4xx_hal_uart.o
                0x0000000008004c60                HAL_UART_Init
 .text.HAL_UART_Receive
                0x0000000008004cfa      0x144 ./Drivers/STM32F4xx_HAL_Driver/Src/stm32f4xx_hal_uart.o
                0x0000000008004cfa                HAL_UART_Receive
 .text.UART_WaitOnFlagUntilTimeout
                0x0000000008004e3e       0xdc ./Drivers/STM32F4xx_HAL_Driver/Src/stm32f4xx_hal_uart.o
 *fill*         0x0000000008004f1a        0x2 
 .text.UART_SetConfig
                0x0000000008004f1c      0x390 ./Drivers/STM32F4xx_HAL_Driver/Src/stm32f4xx_hal_uart.o
 .text.__libc_init_array
                0x00000000080052ac       0x48 c:/st/stm32cubeide_1.8.0/stm32cubeide/plugins/com.st.stm32cube.ide.mcu.externaltools.gnu-tools-for-stm32.9-2020-q2-update.win32_2.0.0.202105311346/tools/bin/../lib/gcc/arm-none-eabi/9.3.1/../../../../arm-none-eabi/lib/thumb/v7e-m+fp/hard\libc_nano.a(lib_a-init.o)
                0x00000000080052ac                __libc_init_array
 .text.memset   0x00000000080052f4       0x10 c:/st/stm32cubeide_1.8.0/stm32cubeide/plugins/com.st.stm32cube.ide.mcu.externaltools.gnu-tools-for-stm32.9-2020-q2-update.win32_2.0.0.202105311346/tools/bin/../lib/gcc/arm-none-eabi/9.3.1/../../../../arm-none-eabi/lib/thumb/v7e-m+fp/hard\libc_nano.a(lib_a-memset.o)
                0x00000000080052f4                memset
 *(.glue_7)
 .glue_7        0x0000000008005304        0x0 linker stubs
 *(.glue_7t)
 .glue_7t       0x0000000008005304        0x0 linker stubs
 *(.eh_frame)
 .eh_frame      0x0000000008005304        0x0 c:/st/stm32cubeide_1.8.0/stm32cubeide/plugins/com.st.stm32cube.ide.mcu.externaltools.gnu-tools-for-stm32.9-2020-q2-update.win32_2.0.0.202105311346/tools/bin/../lib/gcc/arm-none-eabi/9.3.1/thumb/v7e-m+fp/hard/crtbegin.o
 *(.init)
 .init          0x0000000008005304        0x4 c:/st/stm32cubeide_1.8.0/stm32cubeide/plugins/com.st.stm32cube.ide.mcu.externaltools.gnu-tools-for-stm32.9-2020-q2-update.win32_2.0.0.202105311346/tools/bin/../lib/gcc/arm-none-eabi/9.3.1/thumb/v7e-m+fp/hard/crti.o
                0x0000000008005304                _init
 .init          0x0000000008005308        0x8 c:/st/stm32cubeide_1.8.0/stm32cubeide/plugins/com.st.stm32cube.ide.mcu.externaltools.gnu-tools-for-stm32.9-2020-q2-update.win32_2.0.0.202105311346/tools/bin/../lib/gcc/arm-none-eabi/9.3.1/thumb/v7e-m+fp/hard/crtn.o
 *(.fini)
 .fini          0x0000000008005310        0x4 c:/st/stm32cubeide_1.8.0/stm32cubeide/plugins/com.st.stm32cube.ide.mcu.externaltools.gnu-tools-for-stm32.9-2020-q2-update.win32_2.0.0.202105311346/tools/bin/../lib/gcc/arm-none-eabi/9.3.1/thumb/v7e-m+fp/hard/crti.o
                0x0000000008005310                _fini
 .fini          0x0000000008005314        0x8 c:/st/stm32cubeide_1.8.0/stm32cubeide/plugins/com.st.stm32cube.ide.mcu.externaltools.gnu-tools-for-stm32.9-2020-q2-update.win32_2.0.0.202105311346/tools/bin/../lib/gcc/arm-none-eabi/9.3.1/thumb/v7e-m+fp/hard/crtn.o
                0x000000000800531c                . = ALIGN (0x4)
                0x000000000800531c                _etext = .

.vfp11_veneer   0x000000000800531c        0x0
 .vfp11_veneer  0x000000000800531c        0x0 linker stubs

.v4_bx          0x000000000800531c        0x0
 .v4_bx         0x000000000800531c        0x0 linker stubs

.iplt           0x000000000800531c        0x0
 .iplt          0x000000000800531c        0x0 c:/st/stm32cubeide_1.8.0/stm32cubeide/plugins/com.st.stm32cube.ide.mcu.externaltools.gnu-tools-for-stm32.9-2020-q2-update.win32_2.0.0.202105311346/tools/bin/../lib/gcc/arm-none-eabi/9.3.1/thumb/v7e-m+fp/hard/crtbegin.o

.rodata         0x000000000800531c      0x180
                0x000000000800531c                . = ALIGN (0x4)
 *(.rodata)
 .rodata        0x000000000800531c      0x168 ./Core/Src/main.o
 *(.rodata*)
 .rodata.AHBPrescTable
                0x0000000008005484       0x10 ./Core/Src/system_stm32f4xx.o
                0x0000000008005484                AHBPrescTable
 .rodata.APBPrescTable
                0x0000000008005494        0x8 ./Core/Src/system_stm32f4xx.o
                0x0000000008005494                APBPrescTable
                0x000000000800549c                . = ALIGN (0x4)

.ARM.extab      0x000000000800549c        0x0
                0x000000000800549c                . = ALIGN (0x4)
 *(.ARM.extab* .gnu.linkonce.armextab.*)
                0x000000000800549c                . = ALIGN (0x4)

.ARM            0x000000000800549c        0x8
                0x000000000800549c                . = ALIGN (0x4)
                0x000000000800549c                __exidx_start = .
 *(.ARM.exidx*)
 .ARM.exidx     0x000000000800549c        0x8 c:/st/stm32cubeide_1.8.0/stm32cubeide/plugins/com.st.stm32cube.ide.mcu.externaltools.gnu-tools-for-stm32.9-2020-q2-update.win32_2.0.0.202105311346/tools/bin/../lib/gcc/arm-none-eabi/9.3.1/thumb/v7e-m+fp/hard\libgcc.a(_udivmoddi4.o)
                0x00000000080054a4                __exidx_end = .
                0x00000000080054a4                . = ALIGN (0x4)

.rel.dyn        0x00000000080054a4        0x0
 .rel.iplt      0x00000000080054a4        0x0 c:/st/stm32cubeide_1.8.0/stm32cubeide/plugins/com.st.stm32cube.ide.mcu.externaltools.gnu-tools-for-stm32.9-2020-q2-update.win32_2.0.0.202105311346/tools/bin/../lib/gcc/arm-none-eabi/9.3.1/thumb/v7e-m+fp/hard/crtbegin.o

.preinit_array  0x00000000080054a4        0x0
                0x00000000080054a4                . = ALIGN (0x4)
                0x00000000080054a4                PROVIDE (__preinit_array_start = .)
 *(.preinit_array*)
                0x00000000080054a4                PROVIDE (__preinit_array_end = .)
                0x00000000080054a4                . = ALIGN (0x4)

.init_array     0x00000000080054a4        0x4
                0x00000000080054a4                . = ALIGN (0x4)
                0x00000000080054a4                PROVIDE (__init_array_start = .)
 *(SORT_BY_NAME(.init_array.*))
 *(.init_array*)
 .init_array    0x00000000080054a4        0x4 c:/st/stm32cubeide_1.8.0/stm32cubeide/plugins/com.st.stm32cube.ide.mcu.externaltools.gnu-tools-for-stm32.9-2020-q2-update.win32_2.0.0.202105311346/tools/bin/../lib/gcc/arm-none-eabi/9.3.1/thumb/v7e-m+fp/hard/crtbegin.o
                0x00000000080054a8                PROVIDE (__init_array_end = .)
                0x00000000080054a8                . = ALIGN (0x4)

.fini_array     0x00000000080054a8        0x4
                0x00000000080054a8                . = ALIGN (0x4)
                [!provide]                        PROVIDE (__fini_array_start = .)
 *(SORT_BY_NAME(.fini_array.*))
 *(.fini_array*)
 .fini_array    0x00000000080054a8        0x4 c:/st/stm32cubeide_1.8.0/stm32cubeide/plugins/com.st.stm32cube.ide.mcu.externaltools.gnu-tools-for-stm32.9-2020-q2-update.win32_2.0.0.202105311346/tools/bin/../lib/gcc/arm-none-eabi/9.3.1/thumb/v7e-m+fp/hard/crtbegin.o
                [!provide]                        PROVIDE (__fini_array_end = .)
                0x00000000080054ac                . = ALIGN (0x4)
                0x00000000080054ac                _sidata = LOADADDR (.data)

.data           0x0000000020000000       0x94 load address 0x00000000080054ac
                0x0000000020000000                . = ALIGN (0x4)
                0x0000000020000000                _sdata = .
 *(.data)
 *(.data*)
 .data.dist_lateral_pared
                0x0000000020000000        0x4 ./Core/Src/main.o
                0x0000000020000000                dist_lateral_pared
 .data.dist_altura_boton
                0x0000000020000004        0x4 ./Core/Src/main.o
                0x0000000020000004                dist_altura_boton
 .data.ancho_boton
                0x0000000020000008        0x4 ./Core/Src/main.o
                0x0000000020000008                ancho_boton
 .data.alto_boton
                0x000000002000000c        0x4 ./Core/Src/main.o
                0x000000002000000c                alto_boton
 .data.marco_boton
                0x0000000020000010        0x4 ./Core/Src/main.o
                0x0000000020000010                marco_boton
 .data.nuevo_marco
                0x0000000020000014        0x4 ./Core/Src/main.o
                0x0000000020000014                nuevo_marco
 .data.cboton   0x0000000020000018        0xc ./Core/Src/main.o
                0x0000000020000018                cboton
 .data.cmarco   0x0000000020000024        0xc ./Core/Src/main.o
                0x0000000020000024                cmarco
 .data.cmarcon  0x0000000020000030        0xc ./Core/Src/main.o
                0x0000000020000030                cmarcon
 .data.ctexto   0x000000002000003c        0xc ./Core/Src/main.o
                0x000000002000003c                ctexto
 .data.filas    0x0000000020000048        0x4 ./Core/Src/main.o
                0x0000000020000048                filas
 .data.columnas
                0x000000002000004c        0x4 ./Core/Src/main.o
                0x000000002000004c                columnas
 .data.t_menu   0x0000000020000050       0x18 ./Core/Src/main.o
                0x0000000020000050                t_menu
 .data.t_menu_luces
                0x0000000020000068       0x18 ./Core/Src/main.o
                0x0000000020000068                t_menu_luces
 .data.estado_riego
                0x0000000020000080        0x4 ./Core/Src/main.o
                0x0000000020000080                estado_riego
 .data.estado_anterior_riego
                0x0000000020000084        0x4 ./Core/Src/main.o
                0x0000000020000084                estado_anterior_riego
 .data.SystemCoreClock
                0x0000000020000088        0x4 ./Core/Src/system_stm32f4xx.o
                0x0000000020000088                SystemCoreClock
 .data.uwTickPrio
                0x000000002000008c        0x4 ./Drivers/STM32F4xx_HAL_Driver/Src/stm32f4xx_hal.o
                0x000000002000008c                uwTickPrio
 .data.uwTickFreq
                0x0000000020000090        0x1 ./Drivers/STM32F4xx_HAL_Driver/Src/stm32f4xx_hal.o
                0x0000000020000090                uwTickFreq
 *(.RamFunc)
 *(.RamFunc*)
                0x0000000020000094                . = ALIGN (0x4)
 *fill*         0x0000000020000091        0x3 
                0x0000000020000094                _edata = .
                0x0000000008005540                _siccmram = LOADADDR (.ccmram)

.igot.plt       0x0000000020000094        0x0 load address 0x0000000008005540
 .igot.plt      0x0000000020000094        0x0 c:/st/stm32cubeide_1.8.0/stm32cubeide/plugins/com.st.stm32cube.ide.mcu.externaltools.gnu-tools-for-stm32.9-2020-q2-update.win32_2.0.0.202105311346/tools/bin/../lib/gcc/arm-none-eabi/9.3.1/thumb/v7e-m+fp/hard/crtbegin.o

.ccmram         0x0000000010000000        0x0 load address 0x0000000008005540
                0x0000000010000000                . = ALIGN (0x4)
                0x0000000010000000                _sccmram = .
 *(.ccmram)
 *(.ccmram*)
                0x0000000010000000                . = ALIGN (0x4)
                0x0000000010000000                _eccmram = .
                0x0000000010000000                . = ALIGN (0x4)

.bss            0x0000000020000094      0x1f0
                0x0000000020000094                _sbss = .
                0x0000000020000094                __bss_start__ = _sbss
 *(.bss)
 .bss           0x0000000020000094       0x1c c:/st/stm32cubeide_1.8.0/stm32cubeide/plugins/com.st.stm32cube.ide.mcu.externaltools.gnu-tools-for-stm32.9-2020-q2-update.win32_2.0.0.202105311346/tools/bin/../lib/gcc/arm-none-eabi/9.3.1/thumb/v7e-m+fp/hard/crtbegin.o
 *(.bss*)
 .bss.estado_luces
                0x00000000200000b0        0x4 ./Core/Src/main.o
                0x00000000200000b0                estado_luces
 .bss.modo_luces
                0x00000000200000b4        0x4 ./Core/Src/main.o
                0x00000000200000b4                modo_luces
 .bss.boton_resaltado
                0x00000000200000b8        0x4 ./Core/Src/main.o
                0x00000000200000b8                boton_resaltado
 .bss.opcion    0x00000000200000bc        0x4 ./Core/Src/main.o
                0x00000000200000bc                opcion
 .bss.opcion_luces
                0x00000000200000c0        0x4 ./Core/Src/main.o
                0x00000000200000c0                opcion_luces
 .bss.estado_persianas
                0x00000000200000c4        0x4 ./Core/Src/main.o
                0x00000000200000c4                estado_persianas
 .bss.estado_anterior_persianas
                0x00000000200000c8        0x4 ./Core/Src/main.o
                0x00000000200000c8                estado_anterior_persianas
 .bss.estado_seguridad
                0x00000000200000cc        0x4 ./Core/Src/main.o
                0x00000000200000cc                estado_seguridad
 .bss.alarma_seguridad
                0x00000000200000d0        0x4 ./Core/Src/main.o
                0x00000000200000d0                alarma_seguridad
 .bss.button_count.10084
                0x00000000200000d4        0x1 ./Core/Src/main.o
 *fill*         0x00000000200000d5        0x3 
 .bss.counter.10085
                0x00000000200000d8        0x4 ./Core/Src/main.o
 *(COMMON)
 COMMON         0x00000000200000dc      0x1a4 ./Core/Src/main.o
                0x00000000200000dc                tickstart_seguridad
                0x00000000200000e0                tickstart_riego
                0x00000000200000e4                hi2c1
                0x0000000020000138                button_int
                0x000000002000013c                rx_buffer
                0x0000000020000170                tx_buffer
                0x00000000200001a4                hadc1
                0x00000000200001ec                espacio_entre_botones
                0x00000000200001f0                htim6
                0x0000000020000238                huart6
                0x000000002000027c                alto_entre_botones
 COMMON         0x0000000020000280        0x4 ./Drivers/STM32F4xx_HAL_Driver/Src/stm32f4xx_hal.o
                0x0000000020000280                uwTick
                0x0000000020000284                . = ALIGN (0x4)
                0x0000000020000284                _ebss = .
                0x0000000020000284                __bss_end__ = _ebss

._user_heap_stack
                0x0000000020000284      0x604
                0x0000000020000288                . = ALIGN (0x8)
 *fill*         0x0000000020000284        0x4 
                [!provide]                        PROVIDE (end = .)
                0x0000000020000288                PROVIDE (_end = .)
                0x0000000020000488                . = (. + _Min_Heap_Size)
 *fill*         0x0000000020000288      0x200 
                0x0000000020000888                . = (. + _Min_Stack_Size)
 *fill*         0x0000000020000488      0x400 
                0x0000000020000888                . = ALIGN (0x8)

/DISCARD/
 libc.a(*)
 libm.a(*)
 libgcc.a(*)

.ARM.attributes
                0x0000000000000000       0x30
 *(.ARM.attributes)
 .ARM.attributes
                0x0000000000000000       0x1e c:/st/stm32cubeide_1.8.0/stm32cubeide/plugins/com.st.stm32cube.ide.mcu.externaltools.gnu-tools-for-stm32.9-2020-q2-update.win32_2.0.0.202105311346/tools/bin/../lib/gcc/arm-none-eabi/9.3.1/thumb/v7e-m+fp/hard/crti.o
 .ARM.attributes
                0x000000000000001e       0x34 c:/st/stm32cubeide_1.8.0/stm32cubeide/plugins/com.st.stm32cube.ide.mcu.externaltools.gnu-tools-for-stm32.9-2020-q2-update.win32_2.0.0.202105311346/tools/bin/../lib/gcc/arm-none-eabi/9.3.1/thumb/v7e-m+fp/hard/crtbegin.o
 .ARM.attributes
                0x0000000000000052       0x34 ./Core/Src/main.o
 .ARM.attributes
                0x0000000000000086       0x34 ./Core/Src/stm32f4xx_hal_msp.o
 .ARM.attributes
                0x00000000000000ba       0x34 ./Core/Src/stm32f4xx_it.o
 .ARM.attributes
                0x00000000000000ee       0x34 ./Core/Src/system_stm32f4xx.o
 .ARM.attributes
                0x0000000000000122       0x21 ./Core/Startup/startup_stm32f407vgtx.o
 .ARM.attributes
                0x0000000000000143       0x34 ./Drivers/STM32F4xx_HAL_Driver/Src/stm32f4xx_hal.o
 .ARM.attributes
                0x0000000000000177       0x34 ./Drivers/STM32F4xx_HAL_Driver/Src/stm32f4xx_hal_adc.o
 .ARM.attributes
                0x00000000000001ab       0x34 ./Drivers/STM32F4xx_HAL_Driver/Src/stm32f4xx_hal_cortex.o
 .ARM.attributes
                0x00000000000001df       0x34 ./Drivers/STM32F4xx_HAL_Driver/Src/stm32f4xx_hal_gpio.o
 .ARM.attributes
                0x0000000000000213       0x34 ./Drivers/STM32F4xx_HAL_Driver/Src/stm32f4xx_hal_i2c.o
 .ARM.attributes
                0x0000000000000247       0x34 ./Drivers/STM32F4xx_HAL_Driver/Src/stm32f4xx_hal_rcc.o
 .ARM.attributes
                0x000000000000027b       0x34 ./Drivers/STM32F4xx_HAL_Driver/Src/stm32f4xx_hal_tim.o
 .ARM.attributes
                0x00000000000002af       0x34 ./Drivers/STM32F4xx_HAL_Driver/Src/stm32f4xx_hal_tim_ex.o
 .ARM.attributes
                0x00000000000002e3       0x34 ./Drivers/STM32F4xx_HAL_Driver/Src/stm32f4xx_hal_uart.o
 .ARM.attributes
                0x0000000000000317       0x34 c:/st/stm32cubeide_1.8.0/stm32cubeide/plugins/com.st.stm32cube.ide.mcu.externaltools.gnu-tools-for-stm32.9-2020-q2-update.win32_2.0.0.202105311346/tools/bin/../lib/gcc/arm-none-eabi/9.3.1/../../../../arm-none-eabi/lib/thumb/v7e-m+fp/hard\libc_nano.a(lib_a-init.o)
 .ARM.attributes
                0x000000000000034b       0x34 c:/st/stm32cubeide_1.8.0/stm32cubeide/plugins/com.st.stm32cube.ide.mcu.externaltools.gnu-tools-for-stm32.9-2020-q2-update.win32_2.0.0.202105311346/tools/bin/../lib/gcc/arm-none-eabi/9.3.1/../../../../arm-none-eabi/lib/thumb/v7e-m+fp/hard\libc_nano.a(lib_a-memset.o)
 .ARM.attributes
                0x000000000000037f       0x17 c:/st/stm32cubeide_1.8.0/stm32cubeide/plugins/com.st.stm32cube.ide.mcu.externaltools.gnu-tools-for-stm32.9-2020-q2-update.win32_2.0.0.202105311346/tools/bin/../lib/gcc/arm-none-eabi/9.3.1/../../../../arm-none-eabi/lib/thumb/v7e-m+fp/hard\libc_nano.a(lib_a-strlen.o)
 .ARM.attributes
                0x0000000000000396       0x1e c:/st/stm32cubeide_1.8.0/stm32cubeide/plugins/com.st.stm32cube.ide.mcu.externaltools.gnu-tools-for-stm32.9-2020-q2-update.win32_2.0.0.202105311346/tools/bin/../lib/gcc/arm-none-eabi/9.3.1/thumb/v7e-m+fp/hard\libgcc.a(_aeabi_uldivmod.o)
 .ARM.attributes
                0x00000000000003b4       0x34 c:/st/stm32cubeide_1.8.0/stm32cubeide/plugins/com.st.stm32cube.ide.mcu.externaltools.gnu-tools-for-stm32.9-2020-q2-update.win32_2.0.0.202105311346/tools/bin/../lib/gcc/arm-none-eabi/9.3.1/thumb/v7e-m+fp/hard\libgcc.a(_udivmoddi4.o)
 .ARM.attributes
                0x00000000000003e8       0x1e c:/st/stm32cubeide_1.8.0/stm32cubeide/plugins/com.st.stm32cube.ide.mcu.externaltools.gnu-tools-for-stm32.9-2020-q2-update.win32_2.0.0.202105311346/tools/bin/../lib/gcc/arm-none-eabi/9.3.1/thumb/v7e-m+fp/hard\libgcc.a(_dvmd_tls.o)
 .ARM.attributes
                0x0000000000000406       0x1e c:/st/stm32cubeide_1.8.0/stm32cubeide/plugins/com.st.stm32cube.ide.mcu.externaltools.gnu-tools-for-stm32.9-2020-q2-update.win32_2.0.0.202105311346/tools/bin/../lib/gcc/arm-none-eabi/9.3.1/thumb/v7e-m+fp/hard/crtn.o
OUTPUT(Trabajo_SED_Domotica.elf elf32-littlearm)
LOAD linker stubs
LOAD c:/st/stm32cubeide_1.8.0/stm32cubeide/plugins/com.st.stm32cube.ide.mcu.externaltools.gnu-tools-for-stm32.9-2020-q2-update.win32_2.0.0.202105311346/tools/bin/../lib/gcc/arm-none-eabi/9.3.1/../../../../arm-none-eabi/lib/thumb/v7e-m+fp/hard\libc.a
LOAD c:/st/stm32cubeide_1.8.0/stm32cubeide/plugins/com.st.stm32cube.ide.mcu.externaltools.gnu-tools-for-stm32.9-2020-q2-update.win32_2.0.0.202105311346/tools/bin/../lib/gcc/arm-none-eabi/9.3.1/../../../../arm-none-eabi/lib/thumb/v7e-m+fp/hard\libm.a
LOAD c:/st/stm32cubeide_1.8.0/stm32cubeide/plugins/com.st.stm32cube.ide.mcu.externaltools.gnu-tools-for-stm32.9-2020-q2-update.win32_2.0.0.202105311346/tools/bin/../lib/gcc/arm-none-eabi/9.3.1/thumb/v7e-m+fp/hard\libgcc.a

.debug_info     0x0000000000000000    0x11db0
 .debug_info    0x0000000000000000     0x2f74 ./Core/Src/main.o
 .debug_info    0x0000000000002f74     0x13ec ./Core/Src/stm32f4xx_hal_msp.o
 .debug_info    0x0000000000004360      0x282 ./Core/Src/stm32f4xx_it.o
 .debug_info    0x00000000000045e2      0x5a4 ./Core/Src/system_stm32f4xx.o
 .debug_info    0x0000000000004b86       0x22 ./Core/Startup/startup_stm32f407vgtx.o
 .debug_info    0x0000000000004ba8      0x9b2 ./Drivers/STM32F4xx_HAL_Driver/Src/stm32f4xx_hal.o
 .debug_info    0x000000000000555a      0xdbc ./Drivers/STM32F4xx_HAL_Driver/Src/stm32f4xx_hal_adc.o
 .debug_info    0x0000000000006316      0xed7 ./Drivers/STM32F4xx_HAL_Driver/Src/stm32f4xx_hal_cortex.o
 .debug_info    0x00000000000071ed      0x83e ./Drivers/STM32F4xx_HAL_Driver/Src/stm32f4xx_hal_gpio.o
 .debug_info    0x0000000000007a2b     0x264d ./Drivers/STM32F4xx_HAL_Driver/Src/stm32f4xx_hal_i2c.o
 .debug_info    0x000000000000a078      0x996 ./Drivers/STM32F4xx_HAL_Driver/Src/stm32f4xx_hal_rcc.o
 .debug_info    0x000000000000aa0e     0x2c22 ./Drivers/STM32F4xx_HAL_Driver/Src/stm32f4xx_hal_tim.o
 .debug_info    0x000000000000d630     0x15a2 ./Drivers/STM32F4xx_HAL_Driver/Src/stm32f4xx_hal_tim_ex.o
 .debug_info    0x000000000000ebd2     0x31de ./Drivers/STM32F4xx_HAL_Driver/Src/stm32f4xx_hal_uart.o

.debug_abbrev   0x0000000000000000     0x1e56
 .debug_abbrev  0x0000000000000000      0x425 ./Core/Src/main.o
 .debug_abbrev  0x0000000000000425      0x219 ./Core/Src/stm32f4xx_hal_msp.o
 .debug_abbrev  0x000000000000063e       0xd2 ./Core/Src/stm32f4xx_it.o
 .debug_abbrev  0x0000000000000710      0x145 ./Core/Src/system_stm32f4xx.o
 .debug_abbrev  0x0000000000000855       0x12 ./Core/Startup/startup_stm32f407vgtx.o
 .debug_abbrev  0x0000000000000867      0x1ed ./Drivers/STM32F4xx_HAL_Driver/Src/stm32f4xx_hal.o
 .debug_abbrev  0x0000000000000a54      0x22f ./Drivers/STM32F4xx_HAL_Driver/Src/stm32f4xx_hal_adc.o
 .debug_abbrev  0x0000000000000c83      0x33c ./Drivers/STM32F4xx_HAL_Driver/Src/stm32f4xx_hal_cortex.o
 .debug_abbrev  0x0000000000000fbf      0x1f1 ./Drivers/STM32F4xx_HAL_Driver/Src/stm32f4xx_hal_gpio.o
 .debug_abbrev  0x00000000000011b0      0x282 ./Drivers/STM32F4xx_HAL_Driver/Src/stm32f4xx_hal_i2c.o
 .debug_abbrev  0x0000000000001432      0x275 ./Drivers/STM32F4xx_HAL_Driver/Src/stm32f4xx_hal_rcc.o
 .debug_abbrev  0x00000000000016a7      0x25e ./Drivers/STM32F4xx_HAL_Driver/Src/stm32f4xx_hal_tim.o
 .debug_abbrev  0x0000000000001905      0x266 ./Drivers/STM32F4xx_HAL_Driver/Src/stm32f4xx_hal_tim_ex.o
 .debug_abbrev  0x0000000000001b6b      0x2eb ./Drivers/STM32F4xx_HAL_Driver/Src/stm32f4xx_hal_uart.o

.debug_aranges  0x0000000000000000     0x10a0
 .debug_aranges
                0x0000000000000000      0x1c8 ./Core/Src/main.o
 .debug_aranges
                0x00000000000001c8       0x60 ./Core/Src/stm32f4xx_hal_msp.o
 .debug_aranges
                0x0000000000000228       0x80 ./Core/Src/stm32f4xx_it.o
 .debug_aranges
                0x00000000000002a8       0x28 ./Core/Src/system_stm32f4xx.o
 .debug_aranges
                0x00000000000002d0       0x28 ./Core/Startup/startup_stm32f407vgtx.o
 .debug_aranges
                0x00000000000002f8       0xf0 ./Drivers/STM32F4xx_HAL_Driver/Src/stm32f4xx_hal.o
 .debug_aranges
                0x00000000000003e8       0xe8 ./Drivers/STM32F4xx_HAL_Driver/Src/stm32f4xx_hal_adc.o
 .debug_aranges
                0x00000000000004d0      0x118 ./Drivers/STM32F4xx_HAL_Driver/Src/stm32f4xx_hal_cortex.o
 .debug_aranges
                0x00000000000005e8       0x58 ./Drivers/STM32F4xx_HAL_Driver/Src/stm32f4xx_hal_gpio.o
 .debug_aranges
                0x0000000000000640      0x2a0 ./Drivers/STM32F4xx_HAL_Driver/Src/stm32f4xx_hal_i2c.o
 .debug_aranges
                0x00000000000008e0       0x88 ./Drivers/STM32F4xx_HAL_Driver/Src/stm32f4xx_hal_rcc.o
 .debug_aranges
                0x0000000000000968      0x3d0 ./Drivers/STM32F4xx_HAL_Driver/Src/stm32f4xx_hal_tim.o
 .debug_aranges
                0x0000000000000d38      0x168 ./Drivers/STM32F4xx_HAL_Driver/Src/stm32f4xx_hal_tim_ex.o
 .debug_aranges
                0x0000000000000ea0      0x200 ./Drivers/STM32F4xx_HAL_Driver/Src/stm32f4xx_hal_uart.o

.debug_ranges   0x0000000000000000     0x1020
 .debug_ranges  0x0000000000000000      0x1b8 ./Core/Src/main.o
 .debug_ranges  0x00000000000001b8       0x50 ./Core/Src/stm32f4xx_hal_msp.o
 .debug_ranges  0x0000000000000208       0x70 ./Core/Src/stm32f4xx_it.o
 .debug_ranges  0x0000000000000278       0x18 ./Core/Src/system_stm32f4xx.o
 .debug_ranges  0x0000000000000290       0x20 ./Core/Startup/startup_stm32f407vgtx.o
 .debug_ranges  0x00000000000002b0       0xe0 ./Drivers/STM32F4xx_HAL_Driver/Src/stm32f4xx_hal.o
 .debug_ranges  0x0000000000000390       0xd8 ./Drivers/STM32F4xx_HAL_Driver/Src/stm32f4xx_hal_adc.o
 .debug_ranges  0x0000000000000468      0x108 ./Drivers/STM32F4xx_HAL_Driver/Src/stm32f4xx_hal_cortex.o
 .debug_ranges  0x0000000000000570       0x48 ./Drivers/STM32F4xx_HAL_Driver/Src/stm32f4xx_hal_gpio.o
 .debug_ranges  0x00000000000005b8      0x2b8 ./Drivers/STM32F4xx_HAL_Driver/Src/stm32f4xx_hal_i2c.o
 .debug_ranges  0x0000000000000870       0x78 ./Drivers/STM32F4xx_HAL_Driver/Src/stm32f4xx_hal_rcc.o
 .debug_ranges  0x00000000000008e8      0x3c0 ./Drivers/STM32F4xx_HAL_Driver/Src/stm32f4xx_hal_tim.o
 .debug_ranges  0x0000000000000ca8      0x158 ./Drivers/STM32F4xx_HAL_Driver/Src/stm32f4xx_hal_tim_ex.o
 .debug_ranges  0x0000000000000e00      0x220 ./Drivers/STM32F4xx_HAL_Driver/Src/stm32f4xx_hal_uart.o

.debug_macro    0x0000000000000000    0x2232b
 .debug_macro   0x0000000000000000      0x35e ./Core/Src/main.o
 .debug_macro   0x000000000000035e      0xaa8 ./Core/Src/main.o
 .debug_macro   0x0000000000000e06      0x2a7 ./Core/Src/main.o
 .debug_macro   0x00000000000010ad       0x2e ./Core/Src/main.o
 .debug_macro   0x00000000000010db       0x2f ./Core/Src/main.o
 .debug_macro   0x000000000000110a       0x22 ./Core/Src/main.o
 .debug_macro   0x000000000000112c       0x8e ./Core/Src/main.o
 .debug_macro   0x00000000000011ba       0x51 ./Core/Src/main.o
 .debug_macro   0x000000000000120b      0x103 ./Core/Src/main.o
 .debug_macro   0x000000000000130e       0x6a ./Core/Src/main.o
 .debug_macro   0x0000000000001378      0x1df ./Core/Src/main.o
 .debug_macro   0x0000000000001557       0x1c ./Core/Src/main.o
 .debug_macro   0x0000000000001573       0x22 ./Core/Src/main.o
 .debug_macro   0x0000000000001595       0xdf ./Core/Src/main.o
 .debug_macro   0x0000000000001674     0x102d ./Core/Src/main.o
 .debug_macro   0x00000000000026a1      0x11f ./Core/Src/main.o
 .debug_macro   0x00000000000027c0    0x15e58 ./Core/Src/main.o
 .debug_macro   0x0000000000018618       0x6d ./Core/Src/main.o
 .debug_macro   0x0000000000018685     0x3666 ./Core/Src/main.o
 .debug_macro   0x000000000001bceb      0x174 ./Core/Src/main.o
 .debug_macro   0x000000000001be5f       0x5c ./Core/Src/main.o
 .debug_macro   0x000000000001bebb      0x96b ./Core/Src/main.o
 .debug_macro   0x000000000001c826      0x9fe ./Core/Src/main.o
 .debug_macro   0x000000000001d224      0x116 ./Core/Src/main.o
 .debug_macro   0x000000000001d33a      0x13e ./Core/Src/main.o
 .debug_macro   0x000000000001d478       0xa5 ./Core/Src/main.o
 .debug_macro   0x000000000001d51d      0x174 ./Core/Src/main.o
 .debug_macro   0x000000000001d691      0x287 ./Core/Src/main.o
 .debug_macro   0x000000000001d918       0x5f ./Core/Src/main.o
 .debug_macro   0x000000000001d977      0x236 ./Core/Src/main.o
 .debug_macro   0x000000000001dbad      0xb5b ./Core/Src/main.o
 .debug_macro   0x000000000001e708      0x38b ./Core/Src/main.o
 .debug_macro   0x000000000001ea93      0x176 ./Core/Src/main.o
 .debug_macro   0x000000000001ec09       0xf9 ./Core/Src/main.o
 .debug_macro   0x000000000001ed02      0x12c ./Core/Src/main.o
 .debug_macro   0x000000000001ee2e      0x21e ./Core/Src/main.o
 .debug_macro   0x000000000001f04c       0x2e ./Core/Src/main.o
 .debug_macro   0x000000000001f07a      0x1b5 ./Core/Src/main.o
 .debug_macro   0x000000000001f22f       0xd6 ./Core/Src/main.o
 .debug_macro   0x000000000001f305      0x11a ./Core/Src/main.o
 .debug_macro   0x000000000001f41f       0x7e ./Core/Src/main.o
 .debug_macro   0x000000000001f49d       0x89 ./Core/Src/main.o
 .debug_macro   0x000000000001f526      0x8d1 ./Core/Src/main.o
 .debug_macro   0x000000000001fdf7       0x47 ./Core/Src/main.o
 .debug_macro   0x000000000001fe3e      0x295 ./Core/Src/main.o
 .debug_macro   0x00000000000200d3      0x12d ./Core/Src/main.o
 .debug_macro   0x0000000000020200       0x18 ./Core/Src/main.o
 .debug_macro   0x0000000000020218       0x52 ./Core/Src/main.o
 .debug_macro   0x000000000002026a       0x3c ./Core/Src/main.o
 .debug_macro   0x00000000000202a6       0x34 ./Core/Src/main.o
 .debug_macro   0x00000000000202da       0x16 ./Core/Src/main.o
 .debug_macro   0x00000000000202f0       0x35 ./Core/Src/main.o
 .debug_macro   0x0000000000020325       0x16 ./Core/Src/main.o
 .debug_macro   0x000000000002033b       0x43 ./Core/Src/main.o
 .debug_macro   0x000000000002037e       0x34 ./Core/Src/main.o
 .debug_macro   0x00000000000203b2       0x10 ./Core/Src/main.o
 .debug_macro   0x00000000000203c2       0x58 ./Core/Src/main.o
 .debug_macro   0x000000000002041a       0x71 ./Core/Src/main.o
 .debug_macro   0x000000000002048b       0x1c ./Core/Src/main.o
 .debug_macro   0x00000000000204a7      0x12a ./Core/Src/main.o
 .debug_macro   0x00000000000205d1      0x333 ./Core/Src/main.o
 .debug_macro   0x0000000000020904       0x16 ./Core/Src/main.o
 .debug_macro   0x000000000002091a       0x29 ./Core/Src/main.o
 .debug_macro   0x0000000000020943       0x16 ./Core/Src/main.o
 .debug_macro   0x0000000000020959       0x20 ./Core/Src/main.o
 .debug_macro   0x0000000000020979      0x21a ./Core/Src/stm32f4xx_hal_msp.o
 .debug_macro   0x0000000000020b93      0x224 ./Core/Src/stm32f4xx_it.o
 .debug_macro   0x0000000000020db7      0x210 ./Core/Src/system_stm32f4xx.o
 .debug_macro   0x0000000000020fc7      0x270 ./Drivers/STM32F4xx_HAL_Driver/Src/stm32f4xx_hal.o
 .debug_macro   0x0000000000021237      0x211 ./Drivers/STM32F4xx_HAL_Driver/Src/stm32f4xx_hal_adc.o
 .debug_macro   0x0000000000021448      0x210 ./Drivers/STM32F4xx_HAL_Driver/Src/stm32f4xx_hal_cortex.o
 .debug_macro   0x0000000000021658      0x216 ./Drivers/STM32F4xx_HAL_Driver/Src/stm32f4xx_hal_gpio.o
 .debug_macro   0x000000000002186e      0x257 ./Drivers/STM32F4xx_HAL_Driver/Src/stm32f4xx_hal_i2c.o
 .debug_macro   0x0000000000021ac5      0x234 ./Drivers/STM32F4xx_HAL_Driver/Src/stm32f4xx_hal_rcc.o
 .debug_macro   0x0000000000021cf9      0x211 ./Drivers/STM32F4xx_HAL_Driver/Src/stm32f4xx_hal_tim.o
 .debug_macro   0x0000000000021f0a      0x210 ./Drivers/STM32F4xx_HAL_Driver/Src/stm32f4xx_hal_tim_ex.o
 .debug_macro   0x000000000002211a      0x211 ./Drivers/STM32F4xx_HAL_Driver/Src/stm32f4xx_hal_uart.o

.debug_line     0x0000000000000000    0x12cea
 .debug_line    0x0000000000000000     0x1b3d ./Core/Src/main.o
 .debug_line    0x0000000000001b3d      0x859 ./Core/Src/stm32f4xx_hal_msp.o
 .debug_line    0x0000000000002396      0x867 ./Core/Src/stm32f4xx_it.o
 .debug_line    0x0000000000002bfd      0x7c0 ./Core/Src/system_stm32f4xx.o
 .debug_line    0x00000000000033bd       0x88 ./Core/Startup/startup_stm32f407vgtx.o
 .debug_line    0x0000000000003445      0xa26 ./Drivers/STM32F4xx_HAL_Driver/Src/stm32f4xx_hal.o
 .debug_line    0x0000000000003e6b     0x12b0 ./Drivers/STM32F4xx_HAL_Driver/Src/stm32f4xx_hal_adc.o
 .debug_line    0x000000000000511b      0xcd5 ./Drivers/STM32F4xx_HAL_Driver/Src/stm32f4xx_hal_cortex.o
 .debug_line    0x0000000000005df0      0xb9c ./Drivers/STM32F4xx_HAL_Driver/Src/stm32f4xx_hal_gpio.o
 .debug_line    0x000000000000698c     0x39d2 ./Drivers/STM32F4xx_HAL_Driver/Src/stm32f4xx_hal_i2c.o
 .debug_line    0x000000000000a35e      0xda2 ./Drivers/STM32F4xx_HAL_Driver/Src/stm32f4xx_hal_rcc.o
 .debug_line    0x000000000000b100     0x371a ./Drivers/STM32F4xx_HAL_Driver/Src/stm32f4xx_hal_tim.o
 .debug_line    0x000000000000e81a     0x1a23 ./Drivers/STM32F4xx_HAL_Driver/Src/stm32f4xx_hal_tim_ex.o
 .debug_line    0x000000000001023d     0x2aad ./Drivers/STM32F4xx_HAL_Driver/Src/stm32f4xx_hal_uart.o

.debug_str      0x0000000000000000    0xd91fd
 .debug_str     0x0000000000000000    0xd5c3e ./Core/Src/main.o
                                      0xd60d0 (size before relaxing)
 .debug_str     0x00000000000d5c3e       0xda ./Core/Src/stm32f4xx_hal_msp.o
                                      0xd2144 (size before relaxing)
 .debug_str     0x00000000000d5d18      0x107 ./Core/Src/stm32f4xx_it.o
                                      0xd1519 (size before relaxing)
 .debug_str     0x00000000000d5e1f       0xaf ./Core/Src/system_stm32f4xx.o
                                      0xd159f (size before relaxing)
 .debug_str     0x00000000000d5ece       0x36 ./Core/Startup/startup_stm32f407vgtx.o
                                         0x93 (size before relaxing)
 .debug_str     0x00000000000d5f04      0x58d ./Drivers/STM32F4xx_HAL_Driver/Src/stm32f4xx_hal.o
                                      0xd2081 (size before relaxing)
 .debug_str     0x00000000000d6491      0x295 ./Drivers/STM32F4xx_HAL_Driver/Src/stm32f4xx_hal_adc.o
                                      0xd1b4b (size before relaxing)
 .debug_str     0x00000000000d6726      0x392 ./Drivers/STM32F4xx_HAL_Driver/Src/stm32f4xx_hal_cortex.o
                                      0xd1e70 (size before relaxing)
 .debug_str     0x00000000000d6ab8      0x13f ./Drivers/STM32F4xx_HAL_Driver/Src/stm32f4xx_hal_gpio.o
                                      0xd1746 (size before relaxing)
 .debug_str     0x00000000000d6bf7      0xaae ./Drivers/STM32F4xx_HAL_Driver/Src/stm32f4xx_hal_i2c.o
                                      0xd2521 (size before relaxing)
 .debug_str     0x00000000000d76a5      0x24e ./Drivers/STM32F4xx_HAL_Driver/Src/stm32f4xx_hal_rcc.o
                                      0xd19a1 (size before relaxing)
 .debug_str     0x00000000000d78f3      0xe27 ./Drivers/STM32F4xx_HAL_Driver/Src/stm32f4xx_hal_tim.o
                                      0xd28ce (size before relaxing)
 .debug_str     0x00000000000d871a      0x4ee ./Drivers/STM32F4xx_HAL_Driver/Src/stm32f4xx_hal_tim_ex.o
                                      0xd207f (size before relaxing)
 .debug_str     0x00000000000d8c08      0x5f5 ./Drivers/STM32F4xx_HAL_Driver/Src/stm32f4xx_hal_uart.o
                                      0xd1f27 (size before relaxing)

.comment        0x0000000000000000       0x53
 .comment       0x0000000000000000       0x53 ./Core/Src/main.o
                                         0x54 (size before relaxing)
 .comment       0x0000000000000053       0x54 ./Core/Src/stm32f4xx_hal_msp.o
 .comment       0x0000000000000053       0x54 ./Core/Src/stm32f4xx_it.o
 .comment       0x0000000000000053       0x54 ./Core/Src/system_stm32f4xx.o
 .comment       0x0000000000000053       0x54 ./Drivers/STM32F4xx_HAL_Driver/Src/stm32f4xx_hal.o
 .comment       0x0000000000000053       0x54 ./Drivers/STM32F4xx_HAL_Driver/Src/stm32f4xx_hal_adc.o
 .comment       0x0000000000000053       0x54 ./Drivers/STM32F4xx_HAL_Driver/Src/stm32f4xx_hal_cortex.o
 .comment       0x0000000000000053       0x54 ./Drivers/STM32F4xx_HAL_Driver/Src/stm32f4xx_hal_gpio.o
 .comment       0x0000000000000053       0x54 ./Drivers/STM32F4xx_HAL_Driver/Src/stm32f4xx_hal_i2c.o
 .comment       0x0000000000000053       0x54 ./Drivers/STM32F4xx_HAL_Driver/Src/stm32f4xx_hal_rcc.o
 .comment       0x0000000000000053       0x54 ./Drivers/STM32F4xx_HAL_Driver/Src/stm32f4xx_hal_tim.o
 .comment       0x0000000000000053       0x54 ./Drivers/STM32F4xx_HAL_Driver/Src/stm32f4xx_hal_tim_ex.o
 .comment       0x0000000000000053       0x54 ./Drivers/STM32F4xx_HAL_Driver/Src/stm32f4xx_hal_uart.o

.debug_frame    0x0000000000000000     0x47e8
 .debug_frame   0x0000000000000000      0x74c ./Core/Src/main.o
 .debug_frame   0x000000000000074c      0x15c ./Core/Src/stm32f4xx_hal_msp.o
 .debug_frame   0x00000000000008a8      0x174 ./Core/Src/stm32f4xx_it.o
 .debug_frame   0x0000000000000a1c       0x58 ./Core/Src/system_stm32f4xx.o
 .debug_frame   0x0000000000000a74      0x374 ./Drivers/STM32F4xx_HAL_Driver/Src/stm32f4xx_hal.o
 .debug_frame   0x0000000000000de8      0x3fc ./Drivers/STM32F4xx_HAL_Driver/Src/stm32f4xx_hal_adc.o
 .debug_frame   0x00000000000011e4      0x498 ./Drivers/STM32F4xx_HAL_Driver/Src/stm32f4xx_hal_cortex.o
 .debug_frame   0x000000000000167c      0x14c ./Drivers/STM32F4xx_HAL_Driver/Src/stm32f4xx_hal_gpio.o
 .debug_frame   0x00000000000017c8      0xc5c ./Drivers/STM32F4xx_HAL_Driver/Src/stm32f4xx_hal_i2c.o
 .debug_frame   0x0000000000002424      0x1f0 ./Drivers/STM32F4xx_HAL_Driver/Src/stm32f4xx_hal_rcc.o
 .debug_frame   0x0000000000002614     0x11c4 ./Drivers/STM32F4xx_HAL_Driver/Src/stm32f4xx_hal_tim.o
 .debug_frame   0x00000000000037d8      0x638 ./Drivers/STM32F4xx_HAL_Driver/Src/stm32f4xx_hal_tim_ex.o
 .debug_frame   0x0000000000003e10      0x92c ./Drivers/STM32F4xx_HAL_Driver/Src/stm32f4xx_hal_uart.o
 .debug_frame   0x000000000000473c       0x2c c:/st/stm32cubeide_1.8.0/stm32cubeide/plugins/com.st.stm32cube.ide.mcu.externaltools.gnu-tools-for-stm32.9-2020-q2-update.win32_2.0.0.202105311346/tools/bin/../lib/gcc/arm-none-eabi/9.3.1/../../../../arm-none-eabi/lib/thumb/v7e-m+fp/hard\libc_nano.a(lib_a-init.o)
 .debug_frame   0x0000000000004768       0x20 c:/st/stm32cubeide_1.8.0/stm32cubeide/plugins/com.st.stm32cube.ide.mcu.externaltools.gnu-tools-for-stm32.9-2020-q2-update.win32_2.0.0.202105311346/tools/bin/../lib/gcc/arm-none-eabi/9.3.1/../../../../arm-none-eabi/lib/thumb/v7e-m+fp/hard\libc_nano.a(lib_a-memset.o)
 .debug_frame   0x0000000000004788       0x2c c:/st/stm32cubeide_1.8.0/stm32cubeide/plugins/com.st.stm32cube.ide.mcu.externaltools.gnu-tools-for-stm32.9-2020-q2-update.win32_2.0.0.202105311346/tools/bin/../lib/gcc/arm-none-eabi/9.3.1/thumb/v7e-m+fp/hard\libgcc.a(_aeabi_uldivmod.o)
 .debug_frame   0x00000000000047b4       0x34 c:/st/stm32cubeide_1.8.0/stm32cubeide/plugins/com.st.stm32cube.ide.mcu.externaltools.gnu-tools-for-stm32.9-2020-q2-update.win32_2.0.0.202105311346/tools/bin/../lib/gcc/arm-none-eabi/9.3.1/thumb/v7e-m+fp/hard\libgcc.a(_udivmoddi4.o)
