Archive member included to satisfy reference by file (symbol)

c:/st/stm32cubeide_1.8.0/stm32cubeide/plugins/com.st.stm32cube.ide.mcu.externaltools.gnu-tools-for-stm32.9-2020-q2-update.win32_2.0.0.202105311346/tools/bin/../lib/gcc/arm-none-eabi/9.3.1/../../../../arm-none-eabi/lib/thumb/v7e-m+fp/hard\libc_nano.a(lib_a-errno.o)
                              ./Core/Src/syscalls.o (__errno)
c:/st/stm32cubeide_1.8.0/stm32cubeide/plugins/com.st.stm32cube.ide.mcu.externaltools.gnu-tools-for-stm32.9-2020-q2-update.win32_2.0.0.202105311346/tools/bin/../lib/gcc/arm-none-eabi/9.3.1/../../../../arm-none-eabi/lib/thumb/v7e-m+fp/hard\libc_nano.a(lib_a-exit.o)
                              c:/st/stm32cubeide_1.8.0/stm32cubeide/plugins/com.st.stm32cube.ide.mcu.externaltools.gnu-tools-for-stm32.9-2020-q2-update.win32_2.0.0.202105311346/tools/bin/../lib/gcc/arm-none-eabi/9.3.1/../../../../arm-none-eabi/lib/thumb/v7e-m+fp/hard/crt0.o (exit)
c:/st/stm32cubeide_1.8.0/stm32cubeide/plugins/com.st.stm32cube.ide.mcu.externaltools.gnu-tools-for-stm32.9-2020-q2-update.win32_2.0.0.202105311346/tools/bin/../lib/gcc/arm-none-eabi/9.3.1/../../../../arm-none-eabi/lib/thumb/v7e-m+fp/hard\libc_nano.a(lib_a-impure.o)
                              c:/st/stm32cubeide_1.8.0/stm32cubeide/plugins/com.st.stm32cube.ide.mcu.externaltools.gnu-tools-for-stm32.9-2020-q2-update.win32_2.0.0.202105311346/tools/bin/../lib/gcc/arm-none-eabi/9.3.1/../../../../arm-none-eabi/lib/thumb/v7e-m+fp/hard\libc_nano.a(lib_a-exit.o) (_global_impure_ptr)
c:/st/stm32cubeide_1.8.0/stm32cubeide/plugins/com.st.stm32cube.ide.mcu.externaltools.gnu-tools-for-stm32.9-2020-q2-update.win32_2.0.0.202105311346/tools/bin/../lib/gcc/arm-none-eabi/9.3.1/../../../../arm-none-eabi/lib/thumb/v7e-m+fp/hard\libc_nano.a(lib_a-init.o)
                              c:/st/stm32cubeide_1.8.0/stm32cubeide/plugins/com.st.stm32cube.ide.mcu.externaltools.gnu-tools-for-stm32.9-2020-q2-update.win32_2.0.0.202105311346/tools/bin/../lib/gcc/arm-none-eabi/9.3.1/../../../../arm-none-eabi/lib/thumb/v7e-m+fp/hard/crt0.o (__libc_init_array)
c:/st/stm32cubeide_1.8.0/stm32cubeide/plugins/com.st.stm32cube.ide.mcu.externaltools.gnu-tools-for-stm32.9-2020-q2-update.win32_2.0.0.202105311346/tools/bin/../lib/gcc/arm-none-eabi/9.3.1/../../../../arm-none-eabi/lib/thumb/v7e-m+fp/hard\libc_nano.a(lib_a-memset.o)
                              c:/st/stm32cubeide_1.8.0/stm32cubeide/plugins/com.st.stm32cube.ide.mcu.externaltools.gnu-tools-for-stm32.9-2020-q2-update.win32_2.0.0.202105311346/tools/bin/../lib/gcc/arm-none-eabi/9.3.1/../../../../arm-none-eabi/lib/thumb/v7e-m+fp/hard/crt0.o (memset)
c:/st/stm32cubeide_1.8.0/stm32cubeide/plugins/com.st.stm32cube.ide.mcu.externaltools.gnu-tools-for-stm32.9-2020-q2-update.win32_2.0.0.202105311346/tools/bin/../lib/gcc/arm-none-eabi/9.3.1/../../../../arm-none-eabi/lib/thumb/v7e-m+fp/hard\libc_nano.a(lib_a-strlen.o)
                              ./Core/Src/main.o (strlen)
c:/st/stm32cubeide_1.8.0/stm32cubeide/plugins/com.st.stm32cube.ide.mcu.externaltools.gnu-tools-for-stm32.9-2020-q2-update.win32_2.0.0.202105311346/tools/bin/../lib/gcc/arm-none-eabi/9.3.1/thumb/v7e-m+fp/hard\libgcc.a(_aeabi_uldivmod.o)
                              ./Drivers/STM32F4xx_HAL_Driver/Src/stm32f4xx_hal_rcc.o (__aeabi_uldivmod)
c:/st/stm32cubeide_1.8.0/stm32cubeide/plugins/com.st.stm32cube.ide.mcu.externaltools.gnu-tools-for-stm32.9-2020-q2-update.win32_2.0.0.202105311346/tools/bin/../lib/gcc/arm-none-eabi/9.3.1/thumb/v7e-m+fp/hard\libgcc.a(_udivmoddi4.o)
                              c:/st/stm32cubeide_1.8.0/stm32cubeide/plugins/com.st.stm32cube.ide.mcu.externaltools.gnu-tools-for-stm32.9-2020-q2-update.win32_2.0.0.202105311346/tools/bin/../lib/gcc/arm-none-eabi/9.3.1/thumb/v7e-m+fp/hard\libgcc.a(_aeabi_uldivmod.o) (__udivmoddi4)
c:/st/stm32cubeide_1.8.0/stm32cubeide/plugins/com.st.stm32cube.ide.mcu.externaltools.gnu-tools-for-stm32.9-2020-q2-update.win32_2.0.0.202105311346/tools/bin/../lib/gcc/arm-none-eabi/9.3.1/thumb/v7e-m+fp/hard\libgcc.a(_dvmd_tls.o)
                              c:/st/stm32cubeide_1.8.0/stm32cubeide/plugins/com.st.stm32cube.ide.mcu.externaltools.gnu-tools-for-stm32.9-2020-q2-update.win32_2.0.0.202105311346/tools/bin/../lib/gcc/arm-none-eabi/9.3.1/thumb/v7e-m+fp/hard\libgcc.a(_aeabi_uldivmod.o) (__aeabi_ldiv0)

Allocating common symbols
Common symbol       size              file

estado_clima        0x4               ./Core/Src/main.o
tickstart_riego     0x4               ./Core/Src/main.o
hi2c1               0x54              ./Core/Src/main.o
Rh_byte1            0x1               ./Core/Src/main.o
RH                  0x2               ./Core/Src/main.o
uwTick              0x4               ./Drivers/STM32F4xx_HAL_Driver/Src/stm32f4xx_hal.o
pFlash              0x20              ./Drivers/STM32F4xx_HAL_Driver/Src/stm32f4xx_hal_flash.o
TEMP                0x2               ./Core/Src/main.o
rx_buffer           0x32              ./Core/Src/main.o
[...]
Memory Configuration

Name             Origin             Length             Attributes
CCMRAM           0x0000000010000000 0x0000000000010000 xrw
RAM              0x0000000020000000 0x0000000000020000 xrw
FLASH            0x0000000008000000 0x0000000000100000 xr
*default*        0x0000000000000000 0xffffffffffffffff

Linker script and memory map

LOAD c:/st/stm32cubeide_1.8.0/stm32cubeide/plugins/com.st.stm32cube.ide.mcu.externaltools.gnu-tools-for-stm32.9-2020-q2-update.win32_2.0.0.202105311346/tools/bin/../lib/gcc/arm-none-eabi/9.3.1/thumb/v7e-m+fp/hard/crti.o
LOAD c:/st/stm32cubeide_1.8.0/stm32cubeide/plugins/com.st.stm32cube.ide.mcu.externaltools.gnu-tools-for-stm32.9-2020-q2-update.win32_2.0.0.202105311346/tools/bin/../lib/gcc/arm-none-eabi/9.3.1/thumb/v7e-m+fp/hard/crtbegin.o
LOAD c:/st/stm32cubeide_1.8.0/stm32cubeide/plugins/com.st.stm32cube.ide.mcu.externaltools.gnu-tools-for-stm32.9-2020-q2-update.win32_2.0.0.202105311346/tools/bin/../lib/gcc/arm-none-eabi/9.3.1/../../../../arm-none-eabi/lib/thumb/v7e-m+fp/hard/crt0.o
LOAD ./Core/Src/main.o
LOAD ./Core/Src/stm32f4xx_hal_msp.o
LOAD ./Core/Src/stm32f4xx_it.o
LOAD ./Core/Src/syscalls.o
LOAD ./Core/Src/sysmem.o
LOAD ./Core/Src/system_stm32f4xx.o
LOAD ./Core/Startup/startup_stm32f407vgtx.o
LOAD ./Drivers/STM32F4xx_HAL_Driver/Src/stm32f4xx_hal.o
LOAD ./Drivers/STM32F4xx_HAL_Driver/Src/stm32f4xx_hal_adc.o
LOAD ./Drivers/STM32F4xx_HAL_Driver/Src/stm32f4xx_hal_adc_ex.o
LOAD ./Drivers/STM32F4xx_HAL_Driver/Src/stm32f4xx_hal_cortex.o
LOAD ./Drivers/STM32F4xx_HAL_Driver/Src/stm32f4xx_hal_dma.o
LOAD ./Drivers/STM32F4xx_HAL_Driver/Src/stm32f4xx_hal_dma_ex.o
LOAD ./Drivers/STM32F4xx_HAL_Driver/Src/stm32f4xx_hal_exti.o
LOAD ./Drivers/STM32F4xx_HAL_Driver/Src/stm32f4xx_hal_flash.o
LOAD ./Drivers/STM32F4xx_HAL_Driver/Src/stm32f4xx_hal_flash_ex.o
LOAD ./Drivers/STM32F4xx_HAL_Driver/Src/stm32f4xx_hal_flash_ramfunc.o
LOAD ./Drivers/STM32F4xx_HAL_Driver/Src/stm32f4xx_hal_gpio.o
LOAD ./Drivers/STM32F4xx_HAL_Driver/Src/stm32f4xx_hal_i2c.o
LOAD ./Drivers/STM32F4xx_HAL_Driver/Src/stm32f4xx_hal_i2c_ex.o
LOAD ./Drivers/STM32F4xx_HAL_Driver/Src/stm32f4xx_hal_pwr.o
LOAD ./Drivers/STM32F4xx_HAL_Driver/Src/stm32f4xx_hal_pwr_ex.o
LOAD ./Drivers/STM32F4xx_HAL_Driver/Src/stm32f4xx_hal_rcc.o
LOAD ./Drivers/STM32F4xx_HAL_Driver/Src/stm32f4xx_hal_rcc_ex.o
LOAD ./Drivers/STM32F4xx_HAL_Driver/Src/stm32f4xx_hal_tim.o
LOAD ./Drivers/STM32F4xx_HAL_Driver/Src/stm32f4xx_hal_tim_ex.o
LOAD ./Drivers/STM32F4xx_HAL_Driver/Src/stm32f4xx_hal_uart.o
LOAD ./Drivers/STM32F4xx_HAL_Driver/Src/stm32f4xx_ll_adc.o
START GROUP
LOAD c:/st/stm32cubeide_1.8.0/stm32cubeide/plugins/com.st.stm32cube.ide.mcu.externaltools.gnu-tools-for-stm32.9-2020-q2-update.win32_2.0.0.202105311346/tools/bin/../lib/gcc/arm-none-eabi/9.3.1/../../../../arm-none-eabi/lib/thumb/v7e-m+fp/hard\libc_nano.a
LOAD c:/st/stm32cubeide_1.8.0/stm32cubeide/plugins/com.st.stm32cube.ide.mcu.externaltools.gnu-tools-for-stm32.9-2020-q2-update.win32_2.0.0.202105311346/tools/bin/../lib/gcc/arm-none-eabi/9.3.1/../../../../arm-none-eabi/lib/thumb/v7e-m+fp/hard\libm.a
END GROUP
START GROUP
LOAD c:/st/stm32cubeide_1.8.0/stm32cubeide/plugins/com.st.stm32cube.ide.mcu.externaltools.gnu-tools-for-stm32.9-2020-q2-update.win32_2.0.0.202105311346/tools/bin/../lib/gcc/arm-none-eabi/9.3.1/thumb/v7e-m+fp/hard\libgcc.a
LOAD c:/st/stm32cubeide_1.8.0/stm32cubeide/plugins/com.st.stm32cube.ide.mcu.externaltools.gnu-tools-for-stm32.9-2020-q2-update.win32_2.0.0.202105311346/tools/bin/../lib/gcc/arm-none-eabi/9.3.1/../../../../arm-none-eabi/lib/thumb/v7e-m+fp/hard\libc_nano.a
END GROUP
START GROUP
LOAD c:/st/stm32cubeide_1.8.0/stm32cubeide/plugins/com.st.stm32cube.ide.mcu.externaltools.gnu-tools-for-stm32.9-2020-q2-update.win32_2.0.0.202105311346/tools/bin/../lib/gcc/arm-none-eabi/9.3.1/thumb/v7e-m+fp/hard\libgcc.a
LOAD c:/st/stm32cubeide_1.8.0/stm32cubeide/plugins/com.st.stm32cube.ide.mcu.externaltools.gnu-tools-for-stm32.9-2020-q2-update.win32_2.0.0.202105311346/tools/bin/../lib/gcc/arm-none-eabi/9.3.1/../../../../arm-none-eabi/lib/thumb/v7e-m+fp/hard\libc_nano.a
LOAD c:/st/stm32cubeide_1.8.0/stm32cubeide/plugins/com.st.stm32cube.ide.mcu.externaltools.gnu-tools-for-stm32.9-2020-q2-update.win32_2.0.0.202105311346/tools/bin/../lib/gcc/arm-none-eabi/9.3.1/../../../../arm-none-eabi/lib/thumb/v7e-m+fp/hard\libnosys.a
END GROUP
START GROUP
LOAD c:/st/stm32cubeide_1.8.0/stm32cubeide/plugins/com.st.stm32cube.ide.mcu.externaltools.gnu-tools-for-stm32.9-2020-q2-update.win32_2.0.0.202105311346/tools/bin/../lib/gcc/arm-none-eabi/9.3.1/thumb/v7e-m+fp/hard\libgcc.a
LOAD c:/st/stm32cubeide_1.8.0/stm32cubeide/plugins/com.st.stm32cube.ide.mcu.externaltools.gnu-tools-for-stm32.9-2020-q2-update.win32_2.0.0.202105311346/tools/bin/../lib/gcc/arm-none-eabi/9.3.1/../../../../arm-none-eabi/lib/thumb/v7e-m+fp/hard\libc_nano.a
LOAD c:/st/stm32cubeide_1.8.0/stm32cubeide/plugins/com.st.stm32cube.ide.mcu.externaltools.gnu-tools-for-stm32.9-2020-q2-update.win32_2.0.0.202105311346/tools/bin/../lib/gcc/arm-none-eabi/9.3.1/../../../../arm-none-eabi/lib/thumb/v7e-m+fp/hard\libnosys.a
END GROUP
LOAD c:/st/stm32cubeide_1.8.0/stm32cubeide/plugins/com.st.stm32cube.ide.mcu.externaltools.gnu-tools-for-stm32.9-2020-q2-update.win32_2.0.0.202105311346/tools/bin/../lib/gcc/arm-none-eabi/9.3.1/thumb/v7e-m+fp/hard/crtend.o
LOAD c:/st/stm32cubeide_1.8.0/stm32cubeide/plugins/com.st.stm32cube.ide.mcu.externaltools.gnu-tools-for-stm32.9-2020-q2-update.win32_2.0.0.202105311346/tools/bin/../lib/gcc/arm-none-eabi/9.3.1/thumb/v7e-m+fp/hard/crtn.o
                0x0000000020020000                _estack = (ORIGIN (RAM) + LENGTH (RAM))
                0x0000000000000200                _Min_Heap_Size = 0x200
                0x0000000000000400                _Min_Stack_Size = 0x400

.isr_vector     0x0000000008000000      0x188
                0x0000000008000000                . = ALIGN (0x4)
 *(.isr_vector)
 .isr_vector    0x0000000008000000      0x188 ./Core/Startup/startup_stm32f407vgtx.o
                0x0000000008000000                g_pfnVectors
                0x0000000008000188                . = ALIGN (0x4)

.text           0x0000000008000188     0x4510
                0x0000000008000188                . = ALIGN (0x4)
 *(.text)
 .text          0x0000000008000188       0x40 c:/st/stm32cubeide_1.8.0/stm32cubeide/plugins/com.st.stm32cube.ide.mcu.externaltools.gnu-tools-for-stm32.9-2020-q2-update.win32_2.0.0.202105311346/tools/bin/../lib/gcc/arm-none-eabi/9.3.1/thumb/v7e-m+fp/hard/crtbegin.o
 .text          0x00000000080001c8       0x30 c:/st/stm32cubeide_1.8.0/stm32cubeide/plugins/com.st.stm32cube.ide.mcu.externaltools.gnu-tools-for-stm32.9-2020-q2-update.win32_2.0.0.202105311346/tools/bin/../lib/gcc/arm-none-eabi/9.3.1/thumb/v7e-m+fp/hard\libgcc.a(_aeabi_uldivmod.o)
                0x00000000080001c8                __aeabi_uldivmod
 .text          0x00000000080001f8      0x2c4 c:/st/stm32cubeide_1.8.0/stm32cubeide/plugins/com.st.stm32cube.ide.mcu.externaltools.gnu-tools-for-stm32.9-2020-q2-update.win32_2.0.0.202105311346/tools/bin/../lib/gcc/arm-none-eabi/9.3.1/thumb/v7e-m+fp/hard\libgcc.a(_udivmoddi4.o)
                0x00000000080001f8                __udivmoddi4
 .text          0x00000000080004bc        0x4 c:/st/stm32cubeide_1.8.0/stm32cubeide/plugins/com.st.stm32cube.ide.mcu.externaltools.gnu-tools-for-stm32.9-2020-q2-update.win32_2.0.0.202105311346/tools/bin/../lib/gcc/arm-none-eabi/9.3.1/thumb/v7e-m+fp/hard\libgcc.a(_dvmd_tls.o)
                0x00000000080004bc                __aeabi_idiv0
                0x00000000080004bc                __aeabi_ldiv0
 *(.text*)
 .text.setLuces
                0x00000000080004c0       0x94 ./Core/Src/main.o
                0x00000000080004c0                setLuces
 .text.cambiarEstadoLuces
                0x0000000008000554       0x3c ./Core/Src/main.o
                0x0000000008000554                cambiarEstadoLuces
 .text.medirLDR
                0x0000000008000590       0xe4 ./Core/Src/main.o
                0x0000000008000590                medirLDR
 .text.luces    0x0000000008000674        0xc ./Core/Src/main.o
                0x0000000008000674                luces
 .text.setEstadoPersianas
                0x0000000008000680       0x90 ./Core/Src/main.o
                0x0000000008000680                setEstadoPersianas
 .text.getEstadoPersianas
                0x0000000008000710       0x18 ./Core/Src/main.o
                0x0000000008000710                getEstadoPersianas
 .text.getEstadoAnteriorPersianas
                0x0000000008000728       0x18 ./Core/Src/main.o
                0x0000000008000728                getEstadoAnteriorPersianas
 .text.cambiarEstadoPersianas
                0x0000000008000740       0x80 ./Core/Src/main.o
                0x0000000008000740                cambiarEstadoPersianas
 .text.setEstadoRiego
                0x00000000080007c0       0x9c ./Core/Src/main.o
                0x00000000080007c0                setEstadoRiego
 .text.cambiarEstadoRiego
                0x000000000800085c       0x34 ./Core/Src/main.o
                0x000000000800085c                cambiarEstadoRiego
 .text.temporizador_riego
                0x0000000008000890       0x38 ./Core/Src/main.o
                0x0000000008000890                temporizador_riego
 .text.riego    0x00000000080008c8        0xc ./Core/Src/main.o
                0x00000000080008c8                riego
 .text.setEstadoSeguridad
                0x00000000080008d4       0x6c ./Core/Src/main.o
                0x00000000080008d4                setEstadoSeguridad
 .text.activar_sensor
                0x0000000008000940       0x50 ./Core/Src/main.o
                0x0000000008000940                activar_sensor
 .text.getEstadoSeguridad
                0x0000000008000990       0x18 ./Core/Src/main.o
                0x0000000008000990                getEstadoSeguridad
 .text.cambiarEstadoSeguridad
                0x00000000080009a8       0x20 ./Core/Src/main.o
                0x00000000080009a8                cambiarEstadoSeguridad
 .text.intruso_detectado
                0x00000000080009c8       0x24 ./Core/Src/main.o
                0x00000000080009c8                intruso_detectado
 .text.sonar_alarma
                0x00000000080009ec       0x30 ./Core/Src/main.o
                0x00000000080009ec                sonar_alarma
 .text.seguridad
                0x0000000008000a1c       0x10 ./Core/Src/main.o
                0x0000000008000a1c                seguridad
 .text.setEstadoClima
                0x0000000008000a2c       0x84 ./Core/Src/main.o
                0x0000000008000a2c                setEstadoClima
 .text.cambiarEstadoClima
                0x0000000008000ab0       0x44 ./Core/Src/main.o
                0x0000000008000ab0                cambiarEstadoClima
 .text.cambiarControlClima
                0x0000000008000af4       0x28 ./Core/Src/main.o
                0x0000000008000af4                cambiarControlClima
 .text.delay    0x0000000008000b1c       0x34 ./Core/Src/main.o
                0x0000000008000b1c                delay
 .text.Set_Pin_Output
                0x0000000008000b50       0x3c ./Core/Src/main.o
                0x0000000008000b50                Set_Pin_Output
 .text.Set_Pin_Input
                0x0000000008000b8c       0x3c ./Core/Src/main.o
                0x0000000008000b8c                Set_Pin_Input
 .text.DHT11_Start
                0x0000000008000bc8       0x40 ./Core/Src/main.o
                0x0000000008000bc8                DHT11_Start
 .text.DHT11_Check_Response
                0x0000000008000c08       0x5c ./Core/Src/main.o
                0x0000000008000c08                DHT11_Check_Response
 .text.DHT11_Read
                0x0000000008000c64       0x90 ./Core/Src/main.o
                0x0000000008000c64                DHT11_Read
 .text.lectura_dht11
                0x0000000008000cf4       0xb4 ./Core/Src/main.o
                0x0000000008000cf4                lectura_dht11
 .text.clima    0x0000000008000da8       0x78 ./Core/Src/main.o
                0x0000000008000da8                clima
 .text.debouncer
                0x0000000008000e20       0xa0 ./Core/Src/main.o
                0x0000000008000e20                debouncer
 .text.HAL_GPIO_EXTI_Callback
                0x0000000008000ec0       0xe0 ./Core/Src/main.o
                0x0000000008000ec0                HAL_GPIO_EXTI_Callback
 .text.main     0x0000000008000fa0      0x1bc ./Core/Src/main.o
                0x0000000008000fa0                main
 .text.SystemClock_Config
                0x000000000800115c       0xd4 ./Core/Src/main.o
                0x000000000800115c                SystemClock_Config
 .text.MX_ADC1_Init
                0x0000000008001230       0xa4 ./Core/Src/main.o
 .text.MX_I2C1_Init
                0x00000000080012d4       0x5c ./Core/Src/main.o
 .text.MX_TIM1_Init
                0x0000000008001330      0x140 ./Core/Src/main.o
 .text.MX_TIM6_Init
                0x0000000008001470       0x6c ./Core/Src/main.o
 .text.MX_USART6_UART_Init
                0x00000000080014dc       0x54 ./Core/Src/main.o
 .text.MX_GPIO_Init
                0x0000000008001530      0x1c0 ./Core/Src/main.o
 .text.Error_Handler
                0x00000000080016f0        0xa ./Core/Src/main.o
                0x00000000080016f0                Error_Handler
 *fill*         0x00000000080016fa        0x2 
 .text.HAL_MspInit
                0x00000000080016fc       0x50 ./Core/Src/stm32f4xx_hal_msp.o
                0x00000000080016fc                HAL_MspInit
 .text.HAL_ADC_MspInit
                0x000000000800174c       0x88 ./Core/Src/stm32f4xx_hal_msp.o
                0x000000000800174c                HAL_ADC_MspInit
 .text.HAL_I2C_MspInit
                0x00000000080017d4       0x90 ./Core/Src/stm32f4xx_hal_msp.o
                0x00000000080017d4                HAL_I2C_MspInit
 .text.HAL_TIM_Base_MspInit
                0x0000000008001864       0x70 ./Core/Src/stm32f4xx_hal_msp.o
                0x0000000008001864                HAL_TIM_Base_MspInit
 .text.HAL_TIM_MspPostInit
                0x00000000080018d4       0x74 ./Core/Src/stm32f4xx_hal_msp.o
                0x00000000080018d4                HAL_TIM_MspPostInit
 .text.HAL_UART_MspInit
                0x0000000008001948       0x90 ./Core/Src/stm32f4xx_hal_msp.o
                0x0000000008001948                HAL_UART_MspInit
 .text.NMI_Handler
                0x00000000080019d8        0x6 ./Core/Src/stm32f4xx_it.o
                0x00000000080019d8                NMI_Handler
 .text.HardFault_Handler
                0x00000000080019de        0x6 ./Core/Src/stm32f4xx_it.o
                0x00000000080019de                HardFault_Handler
 .text.MemManage_Handler
                0x00000000080019e4        0x6 ./Core/Src/stm32f4xx_it.o
                0x00000000080019e4                MemManage_Handler
 .text.BusFault_Handler
                0x00000000080019ea        0x6 ./Core/Src/stm32f4xx_it.o
                0x00000000080019ea                BusFault_Handler
 .text.UsageFault_Handler
                0x00000000080019f0        0x6 ./Core/Src/stm32f4xx_it.o
                0x00000000080019f0                UsageFault_Handler
 .text.SVC_Handler
                0x00000000080019f6        0xe ./Core/Src/stm32f4xx_it.o
                0x00000000080019f6                SVC_Handler
 .text.DebugMon_Handler
                0x0000000008001a04        0xe ./Core/Src/stm32f4xx_it.o
                0x0000000008001a04                DebugMon_Handler
 .text.PendSV_Handler
                0x0000000008001a12        0xe ./Core/Src/stm32f4xx_it.o
                0x0000000008001a12                PendSV_Handler
 .text.SysTick_Handler
                0x0000000008001a20        0xc ./Core/Src/stm32f4xx_it.o
                0x0000000008001a20                SysTick_Handler
 .text.EXTI0_IRQHandler
                0x0000000008001a2c        0xe ./Core/Src/stm32f4xx_it.o
                0x0000000008001a2c                EXTI0_IRQHandler
 .text.EXTI3_IRQHandler
                0x0000000008001a3a        0xe ./Core/Src/stm32f4xx_it.o
                0x0000000008001a3a                EXTI3_IRQHandler
 .text.EXTI9_5_IRQHandler
                0x0000000008001a48       0x16 ./Core/Src/stm32f4xx_it.o
                0x0000000008001a48                EXTI9_5_IRQHandler
 .text.EXTI15_10_IRQHandler
                0x0000000008001a5e       0x38 ./Core/Src/stm32f4xx_it.o
                0x0000000008001a5e                EXTI15_10_IRQHandler
 *fill*         0x0000000008001a96        0x2 
 .text.SystemInit
                0x0000000008001a98       0x24 ./Core/Src/system_stm32f4xx.o
                0x0000000008001a98                SystemInit
 .text.Reset_Handler
                0x0000000008001abc       0x50 ./Core/Startup/startup_stm32f407vgtx.o
                0x0000000008001abc                Reset_Handler
 .text.Default_Handler
                0x0000000008001b0c        0x2 ./Core/Startup/startup_stm32f407vgtx.o
                0x0000000008001b0c                RTC_Alarm_IRQHandler
                0x0000000008001b0c                HASH_RNG_IRQHandler
                0x0000000008001b0c                EXTI2_IRQHandler
                0x0000000008001b0c                TIM8_CC_IRQHandler
                0x0000000008001b0c                TIM1_CC_IRQHandler
                0x0000000008001b0c                DMA2_Stream5_IRQHandler
                0x0000000008001b0c                DMA1_Stream5_IRQHandler
                0x0000000008001b0c                PVD_IRQHandler
                0x0000000008001b0c                SDIO_IRQHandler
                0x0000000008001b0c                TAMP_STAMP_IRQHandler
                0x0000000008001b0c                CAN2_RX1_IRQHandler
                0x0000000008001b0c                TIM8_TRG_COM_TIM14_IRQHandler
                0x0000000008001b0c                TIM1_UP_TIM10_IRQHandler
                0x0000000008001b0c                TIM8_UP_TIM13_IRQHandler
                0x0000000008001b0c                I2C3_ER_IRQHandler
                0x0000000008001b0c                I2C2_EV_IRQHandler
                0x0000000008001b0c                DMA1_Stream2_IRQHandler
                0x0000000008001b0c                CAN1_RX0_IRQHandler
                0x0000000008001b0c                FPU_IRQHandler
                0x0000000008001b0c                OTG_HS_WKUP_IRQHandler
                0x0000000008001b0c                CAN2_SCE_IRQHandler
                0x0000000008001b0c                DMA2_Stream2_IRQHandler
                0x0000000008001b0c                SPI1_IRQHandler
                0x0000000008001b0c                TIM6_DAC_IRQHandler
                0x0000000008001b0c                TIM1_BRK_TIM9_IRQHandler
                0x0000000008001b0c                DCMI_IRQHandler
                0x0000000008001b0c                CAN2_RX0_IRQHandler
                0x0000000008001b0c                DMA2_Stream3_IRQHandler
                0x0000000008001b0c                USART6_IRQHandler
                0x0000000008001b0c                USART3_IRQHandler
                0x0000000008001b0c                CAN1_RX1_IRQHandler
                0x0000000008001b0c                UART5_IRQHandler
                0x0000000008001b0c                DMA2_Stream0_IRQHandler
                0x0000000008001b0c                TIM4_IRQHandler
                0x0000000008001b0c                I2C1_EV_IRQHandler
                0x0000000008001b0c                DMA1_Stream6_IRQHandler
                0x0000000008001b0c                DMA1_Stream1_IRQHandler
                0x0000000008001b0c                UART4_IRQHandler
                0x0000000008001b0c                TIM3_IRQHandler
                0x0000000008001b0c                RCC_IRQHandler
                0x0000000008001b0c                TIM8_BRK_TIM12_IRQHandler
                0x0000000008001b0c                Default_Handler
                0x0000000008001b0c                ADC_IRQHandler
                0x0000000008001b0c                DMA1_Stream7_IRQHandler
                0x0000000008001b0c                TIM7_IRQHandler
                0x0000000008001b0c                CAN2_TX_IRQHandler
                0x0000000008001b0c                TIM5_IRQHandler
                0x0000000008001b0c                DMA2_Stream7_IRQHandler
                0x0000000008001b0c                I2C3_EV_IRQHandler
                0x0000000008001b0c                RTC_WKUP_IRQHandler
                0x0000000008001b0c                ETH_WKUP_IRQHandler
                0x0000000008001b0c                SPI2_IRQHandler
                0x0000000008001b0c                OTG_HS_EP1_IN_IRQHandler
                0x0000000008001b0c                DMA1_Stream0_IRQHandler
                0x0000000008001b0c                CAN1_TX_IRQHandler
                0x0000000008001b0c                EXTI4_IRQHandler
                0x0000000008001b0c                FSMC_IRQHandler
                0x0000000008001b0c                ETH_IRQHandler
                0x0000000008001b0c                OTG_HS_EP1_OUT_IRQHandler
                0x0000000008001b0c                WWDG_IRQHandler
                0x0000000008001b0c                TIM2_IRQHandler
                0x0000000008001b0c                OTG_FS_WKUP_IRQHandler
                0x0000000008001b0c                TIM1_TRG_COM_TIM11_IRQHandler
                0x0000000008001b0c                OTG_HS_IRQHandler
                0x0000000008001b0c                EXTI1_IRQHandler
                0x0000000008001b0c                USART2_IRQHandler
                0x0000000008001b0c                I2C2_ER_IRQHandler
                0x0000000008001b0c                DMA2_Stream1_IRQHandler
                0x0000000008001b0c                CAN1_SCE_IRQHandler
                0x0000000008001b0c                FLASH_IRQHandler
                0x0000000008001b0c                DMA2_Stream4_IRQHandler
                0x0000000008001b0c                USART1_IRQHandler
                0x0000000008001b0c                OTG_FS_IRQHandler
                0x0000000008001b0c                SPI3_IRQHandler
                0x0000000008001b0c                DMA1_Stream4_IRQHandler
                0x0000000008001b0c                I2C1_ER_IRQHandler
                0x0000000008001b0c                DMA2_Stream6_IRQHandler
                0x0000000008001b0c                DMA1_Stream3_IRQHandler
 *fill*         0x0000000008001b0e        0x2 
 .text.HAL_Init
                0x0000000008001b10       0x44 ./Drivers/STM32F4xx_HAL_Driver/Src/stm32f4xx_hal.o
                0x0000000008001b10                HAL_Init
 .text.HAL_InitTick
                0x0000000008001b54       0x60 ./Drivers/STM32F4xx_HAL_Driver/Src/stm32f4xx_hal.o
                0x0000000008001b54                HAL_InitTick
 .text.HAL_IncTick
                0x0000000008001bb4       0x28 ./Drivers/STM32F4xx_HAL_Driver/Src/stm32f4xx_hal.o
                0x0000000008001bb4                HAL_IncTick
 .text.HAL_GetTick
                0x0000000008001bdc       0x18 ./Drivers/STM32F4xx_HAL_Driver/Src/stm32f4xx_hal.o
                0x0000000008001bdc                HAL_GetTick
 .text.HAL_ADC_Init
                0x0000000008001bf4       0x86 ./Drivers/STM32F4xx_HAL_Driver/Src/stm32f4xx_hal_adc.o
                0x0000000008001bf4                HAL_ADC_Init
 *fill*         0x0000000008001c7a        0x2 
 .text.HAL_ADC_Start
                0x0000000008001c7c      0x1a4 ./Drivers/STM32F4xx_HAL_Driver/Src/stm32f4xx_hal_adc.o
                0x0000000008001c7c                HAL_ADC_Start
 .text.HAL_ADC_Stop
                0x0000000008001e20       0x66 ./Drivers/STM32F4xx_HAL_Driver/Src/stm32f4xx_hal_adc.o
                0x0000000008001e20                HAL_ADC_Stop
 .text.HAL_ADC_PollForConversion
                0x0000000008001e86      0x116 ./Drivers/STM32F4xx_HAL_Driver/Src/stm32f4xx_hal_adc.o
                0x0000000008001e86                HAL_ADC_PollForConversion
 .text.HAL_ADC_GetValue
                0x0000000008001f9c       0x1a ./Drivers/STM32F4xx_HAL_Driver/Src/stm32f4xx_hal_adc.o
                0x0000000008001f9c                HAL_ADC_GetValue
 *fill*         0x0000000008001fb6        0x2 
 .text.HAL_ADC_ConfigChannel
                0x0000000008001fb8      0x244 ./Drivers/STM32F4xx_HAL_Driver/Src/stm32f4xx_hal_adc.o
                0x0000000008001fb8                HAL_ADC_ConfigChannel
 .text.ADC_Init
                0x00000000080021fc      0x1f8 ./Drivers/STM32F4xx_HAL_Driver/Src/stm32f4xx_hal_adc.o
 .text.__NVIC_SetPriorityGrouping
                0x00000000080023f4       0x48 ./Drivers/STM32F4xx_HAL_Driver/Src/stm32f4xx_hal_cortex.o
 .text.__NVIC_GetPriorityGrouping
                0x000000000800243c       0x1c ./Drivers/STM32F4xx_HAL_Driver/Src/stm32f4xx_hal_cortex.o
 .text.__NVIC_EnableIRQ
                0x0000000008002458       0x3c ./Drivers/STM32F4xx_HAL_Driver/Src/stm32f4xx_hal_cortex.o
 .text.__NVIC_SetPriority
                0x0000000008002494       0x54 ./Drivers/STM32F4xx_HAL_Driver/Src/stm32f4xx_hal_cortex.o
 .text.NVIC_EncodePriority
                0x00000000080024e8       0x66 ./Drivers/STM32F4xx_HAL_Driver/Src/stm32f4xx_hal_cortex.o
 *fill*         0x000000000800254e        0x2 
 .text.SysTick_Config
                0x0000000008002550       0x44 ./Drivers/STM32F4xx_HAL_Driver/Src/stm32f4xx_hal_cortex.o
 .text.HAL_NVIC_SetPriorityGrouping
                0x0000000008002594       0x16 ./Drivers/STM32F4xx_HAL_Driver/Src/stm32f4xx_hal_cortex.o
                0x0000000008002594                HAL_NVIC_SetPriorityGrouping
 .text.HAL_NVIC_SetPriority
                0x00000000080025aa       0x38 ./Drivers/STM32F4xx_HAL_Driver/Src/stm32f4xx_hal_cortex.o
                0x00000000080025aa                HAL_NVIC_SetPriority
 .text.HAL_NVIC_EnableIRQ
                0x00000000080025e2       0x1c ./Drivers/STM32F4xx_HAL_Driver/Src/stm32f4xx_hal_cortex.o
                0x00000000080025e2                HAL_NVIC_EnableIRQ
 .text.HAL_SYSTICK_Config
                0x00000000080025fe       0x18 ./Drivers/STM32F4xx_HAL_Driver/Src/stm32f4xx_hal_cortex.o
                0x00000000080025fe                HAL_SYSTICK_Config
 *fill*         0x0000000008002616        0x2 
 .text.HAL_GPIO_Init
                0x0000000008002618      0x338 ./Drivers/STM32F4xx_HAL_Driver/Src/stm32f4xx_hal_gpio.o
                0x0000000008002618                HAL_GPIO_Init
 .text.HAL_GPIO_ReadPin
                0x0000000008002950       0x30 ./Drivers/STM32F4xx_HAL_Driver/Src/stm32f4xx_hal_gpio.o
                0x0000000008002950                HAL_GPIO_ReadPin
 .text.HAL_GPIO_WritePin
                0x0000000008002980       0x32 ./Drivers/STM32F4xx_HAL_Driver/Src/stm32f4xx_hal_gpio.o
                0x0000000008002980                HAL_GPIO_WritePin
 *fill*         0x00000000080029b2        0x2 
 .text.HAL_GPIO_EXTI_IRQHandler
                0x00000000080029b4       0x30 ./Drivers/STM32F4xx_HAL_Driver/Src/stm32f4xx_hal_gpio.o
                0x00000000080029b4                HAL_GPIO_EXTI_IRQHandler
 .text.HAL_I2C_Init
                0x00000000080029e4      0x288 ./Drivers/STM32F4xx_HAL_Driver/Src/stm32f4xx_hal_i2c.o
                0x00000000080029e4                HAL_I2C_Init
 .text.HAL_RCC_OscConfig
                0x0000000008002c6c      0x4f0 ./Drivers/STM32F4xx_HAL_Driver/Src/stm32f4xx_hal_rcc.o
                0x0000000008002c6c                HAL_RCC_OscConfig
 .text.HAL_RCC_ClockConfig
                0x000000000800315c      0x1cc ./Drivers/STM32F4xx_HAL_Driver/Src/stm32f4xx_hal_rcc.o
                0x000000000800315c                HAL_RCC_ClockConfig
 .text.HAL_RCC_GetSysClockFreq
                0x0000000008003328      0x1c4 ./Drivers/STM32F4xx_HAL_Driver/Src/stm32f4xx_hal_rcc.o
                0x0000000008003328                HAL_RCC_GetSysClockFreq
 .text.HAL_RCC_GetHCLKFreq
                0x00000000080034ec       0x18 ./Drivers/STM32F4xx_HAL_Driver/Src/stm32f4xx_hal_rcc.o
                0x00000000080034ec                HAL_RCC_GetHCLKFreq
 .text.HAL_RCC_GetPCLK1Freq
                0x0000000008003504       0x28 ./Drivers/STM32F4xx_HAL_Driver/Src/stm32f4xx_hal_rcc.o
                0x0000000008003504                HAL_RCC_GetPCLK1Freq
 .text.HAL_RCC_GetPCLK2Freq
                0x000000000800352c       0x28 ./Drivers/STM32F4xx_HAL_Driver/Src/stm32f4xx_hal_rcc.o
                0x000000000800352c                HAL_RCC_GetPCLK2Freq
 .text.HAL_TIM_Base_Init
                0x0000000008003554       0x9e ./Drivers/STM32F4xx_HAL_Driver/Src/stm32f4xx_hal_tim.o
                0x0000000008003554                HAL_TIM_Base_Init
 *fill*         0x00000000080035f2        0x2 
 .text.HAL_TIM_Base_Start
                0x00000000080035f4       0xd0 ./Drivers/STM32F4xx_HAL_Driver/Src/stm32f4xx_hal_tim.o
                0x00000000080035f4                HAL_TIM_Base_Start
 .text.HAL_TIM_PWM_Init
                0x00000000080036c4       0x9e ./Drivers/STM32F4xx_HAL_Driver/Src/stm32f4xx_hal_tim.o
                0x00000000080036c4                HAL_TIM_PWM_Init
 .text.HAL_TIM_PWM_MspInit
                0x0000000008003762       0x14 ./Drivers/STM32F4xx_HAL_Driver/Src/stm32f4xx_hal_tim.o
                0x0000000008003762                HAL_TIM_PWM_MspInit
 *fill*         0x0000000008003776        0x2 
 .text.HAL_TIM_PWM_ConfigChannel
                0x0000000008003778      0x184 ./Drivers/STM32F4xx_HAL_Driver/Src/stm32f4xx_hal_tim.o
                0x0000000008003778                HAL_TIM_PWM_ConfigChannel
 .text.HAL_TIM_ConfigClockSource
                0x00000000080038fc      0x18e ./Drivers/STM32F4xx_HAL_Driver/Src/stm32f4xx_hal_tim.o
                0x00000000080038fc                HAL_TIM_ConfigClockSource
 *fill*         0x0000000008003a8a        0x2 
 .text.TIM_Base_SetConfig
                0x0000000008003a8c      0x140 ./Drivers/STM32F4xx_HAL_Driver/Src/stm32f4xx_hal_tim.o
                0x0000000008003a8c                TIM_Base_SetConfig
 .text.TIM_OC1_SetConfig
                0x0000000008003bcc       0xe0 ./Drivers/STM32F4xx_HAL_Driver/Src/stm32f4xx_hal_tim.o
 .text.TIM_OC2_SetConfig
                0x0000000008003cac       0xec ./Drivers/STM32F4xx_HAL_Driver/Src/stm32f4xx_hal_tim.o
                0x0000000008003cac                TIM_OC2_SetConfig
 .text.TIM_OC3_SetConfig
                0x0000000008003d98       0xe8 ./Drivers/STM32F4xx_HAL_Driver/Src/stm32f4xx_hal_tim.o
 .text.TIM_OC4_SetConfig
                0x0000000008003e80       0xac ./Drivers/STM32F4xx_HAL_Driver/Src/stm32f4xx_hal_tim.o
 .text.TIM_TI1_ConfigInputStage
                0x0000000008003f2c       0x5e ./Drivers/STM32F4xx_HAL_Driver/Src/stm32f4xx_hal_tim.o
 .text.TIM_TI2_ConfigInputStage
                0x0000000008003f8a       0x60 ./Drivers/STM32F4xx_HAL_Driver/Src/stm32f4xx_hal_tim.o
 .text.TIM_ITRx_SetConfig
                0x0000000008003fea       0x36 ./Drivers/STM32F4xx_HAL_Driver/Src/stm32f4xx_hal_tim.o
 .text.TIM_ETR_SetConfig
                0x0000000008004020       0x40 ./Drivers/STM32F4xx_HAL_Driver/Src/stm32f4xx_hal_tim.o
                0x0000000008004020                TIM_ETR_SetConfig
 .text.HAL_TIMEx_MasterConfigSynchronization
                0x0000000008004060       0xf8 ./Drivers/STM32F4xx_HAL_Driver/Src/stm32f4xx_hal_tim_ex.o
                0x0000000008004060                HAL_TIMEx_MasterConfigSynchronization
 .text.HAL_TIMEx_ConfigBreakDeadTime
                0x0000000008004158       0xa4 ./Drivers/STM32F4xx_HAL_Driver/Src/stm32f4xx_hal_tim_ex.o
                0x0000000008004158                HAL_TIMEx_ConfigBreakDeadTime
 .text.HAL_UART_Init
                0x00000000080041fc       0x9a ./Drivers/STM32F4xx_HAL_Driver/Src/stm32f4xx_hal_uart.o
                0x00000000080041fc                HAL_UART_Init
 *fill*         0x0000000008004296        0x2 
 .text.UART_SetConfig
                0x0000000008004298      0x390 ./Drivers/STM32F4xx_HAL_Driver/Src/stm32f4xx_hal_uart.o
 .text.__libc_init_array
                0x0000000008004628       0x48 c:/st/stm32cubeide_1.8.0/stm32cubeide/plugins/com.st.stm32cube.ide.mcu.externaltools.gnu-tools-for-stm32.9-2020-q2-update.win32_2.0.0.202105311346/tools/bin/../lib/gcc/arm-none-eabi/9.3.1/../../../../arm-none-eabi/lib/thumb/v7e-m+fp/hard\libc_nano.a(lib_a-init.o)
                0x0000000008004628                __libc_init_array
 .text.memset   0x0000000008004670       0x10 c:/st/stm32cubeide_1.8.0/stm32cubeide/plugins/com.st.stm32cube.ide.mcu.externaltools.gnu-tools-for-stm32.9-2020-q2-update.win32_2.0.0.202105311346/tools/bin/../lib/gcc/arm-none-eabi/9.3.1/../../../../arm-none-eabi/lib/thumb/v7e-m+fp/hard\libc_nano.a(lib_a-memset.o)
                0x0000000008004670                memset
 *(.glue_7)
 .glue_7        0x0000000008004680        0x0 linker stubs
 *(.glue_7t)
 .glue_7t       0x0000000008004680        0x0 linker stubs
 *(.eh_frame)
 .eh_frame      0x0000000008004680        0x0 c:/st/stm32cubeide_1.8.0/stm32cubeide/plugins/com.st.stm32cube.ide.mcu.externaltools.gnu-tools-for-stm32.9-2020-q2-update.win32_2.0.0.202105311346/tools/bin/../lib/gcc/arm-none-eabi/9.3.1/thumb/v7e-m+fp/hard/crtbegin.o
 *(.init)
 .init          0x0000000008004680        0x4 c:/st/stm32cubeide_1.8.0/stm32cubeide/plugins/com.st.stm32cube.ide.mcu.externaltools.gnu-tools-for-stm32.9-2020-q2-update.win32_2.0.0.202105311346/tools/bin/../lib/gcc/arm-none-eabi/9.3.1/thumb/v7e-m+fp/hard/crti.o
                0x0000000008004680                _init
 .init          0x0000000008004684        0x8 c:/st/stm32cubeide_1.8.0/stm32cubeide/plugins/com.st.stm32cube.ide.mcu.externaltools.gnu-tools-for-stm32.9-2020-q2-update.win32_2.0.0.202105311346/tools/bin/../lib/gcc/arm-none-eabi/9.3.1/thumb/v7e-m+fp/hard/crtn.o
 *(.fini)
 .fini          0x000000000800468c        0x4 c:/st/stm32cubeide_1.8.0/stm32cubeide/plugins/com.st.stm32cube.ide.mcu.externaltools.gnu-tools-for-stm32.9-2020-q2-update.win32_2.0.0.202105311346/tools/bin/../lib/gcc/arm-none-eabi/9.3.1/thumb/v7e-m+fp/hard/crti.o
                0x000000000800468c                _fini
 .fini          0x0000000008004690        0x8 c:/st/stm32cubeide_1.8.0/stm32cubeide/plugins/com.st.stm32cube.ide.mcu.externaltools.gnu-tools-for-stm32.9-2020-q2-update.win32_2.0.0.202105311346/tools/bin/../lib/gcc/arm-none-eabi/9.3.1/thumb/v7e-m+fp/hard/crtn.o
                0x0000000008004698                . = ALIGN (0x4)
                0x0000000008004698                _etext = .

.vfp11_veneer   0x0000000008004698        0x0
 .vfp11_veneer  0x0000000008004698        0x0 linker stubs

.v4_bx          0x0000000008004698        0x0
 .v4_bx         0x0000000008004698        0x0 linker stubs

.iplt           0x0000000008004698        0x0
 .iplt          0x0000000008004698        0x0 c:/st/stm32cubeide_1.8.0/stm32cubeide/plugins/com.st.stm32cube.ide.mcu.externaltools.gnu-tools-for-stm32.9-2020-q2-update.win32_2.0.0.202105311346/tools/bin/../lib/gcc/arm-none-eabi/9.3.1/thumb/v7e-m+fp/hard/crtbegin.o

.rodata         0x0000000008004698       0x18
                0x0000000008004698                . = ALIGN (0x4)
 *(.rodata)
 *(.rodata*)
 .rodata.AHBPrescTable
                0x0000000008004698       0x10 ./Core/Src/system_stm32f4xx.o
                0x0000000008004698                AHBPrescTable
 .rodata.APBPrescTable
                0x00000000080046a8        0x8 ./Core/Src/system_stm32f4xx.o
                0x00000000080046a8                APBPrescTable
                0x00000000080046b0                . = ALIGN (0x4)

.ARM.extab      0x00000000080046b0        0x0
                0x00000000080046b0                . = ALIGN (0x4)
 *(.ARM.extab* .gnu.linkonce.armextab.*)
                0x00000000080046b0                . = ALIGN (0x4)

.ARM            0x00000000080046b0        0x8
                0x00000000080046b0                . = ALIGN (0x4)
                0x00000000080046b0                __exidx_start = .
 *(.ARM.exidx*)
 .ARM.exidx     0x00000000080046b0        0x8 c:/st/stm32cubeide_1.8.0/stm32cubeide/plugins/com.st.stm32cube.ide.mcu.externaltools.gnu-tools-for-stm32.9-2020-q2-update.win32_2.0.0.202105311346/tools/bin/../lib/gcc/arm-none-eabi/9.3.1/thumb/v7e-m+fp/hard\libgcc.a(_udivmoddi4.o)
                0x00000000080046b8                __exidx_end = .
                0x00000000080046b8                . = ALIGN (0x4)

.rel.dyn        0x00000000080046b8        0x0
 .rel.iplt      0x00000000080046b8        0x0 c:/st/stm32cubeide_1.8.0/stm32cubeide/plugins/com.st.stm32cube.ide.mcu.externaltools.gnu-tools-for-stm32.9-2020-q2-update.win32_2.0.0.202105311346/tools/bin/../lib/gcc/arm-none-eabi/9.3.1/thumb/v7e-m+fp/hard/crtbegin.o

.preinit_array  0x00000000080046b8        0x0
                0x00000000080046b8                . = ALIGN (0x4)
                0x00000000080046b8                PROVIDE (__preinit_array_start = .)
 *(.preinit_array*)
                0x00000000080046b8                PROVIDE (__preinit_array_end = .)
                0x00000000080046b8                . = ALIGN (0x4)

.init_array     0x00000000080046b8        0x4
                0x00000000080046b8                . = ALIGN (0x4)
                0x00000000080046b8                PROVIDE (__init_array_start = .)
 *(SORT_BY_NAME(.init_array.*))
 *(.init_array*)
 .init_array    0x00000000080046b8        0x4 c:/st/stm32cubeide_1.8.0/stm32cubeide/plugins/com.st.stm32cube.ide.mcu.externaltools.gnu-tools-for-stm32.9-2020-q2-update.win32_2.0.0.202105311346/tools/bin/../lib/gcc/arm-none-eabi/9.3.1/thumb/v7e-m+fp/hard/crtbegin.o
                0x00000000080046bc                PROVIDE (__init_array_end = .)
                0x00000000080046bc                . = ALIGN (0x4)

.fini_array     0x00000000080046bc        0x4
                0x00000000080046bc                . = ALIGN (0x4)
                [!provide]                        PROVIDE (__fini_array_start = .)
 *(SORT_BY_NAME(.fini_array.*))
 *(.fini_array*)
 .fini_array    0x00000000080046bc        0x4 c:/st/stm32cubeide_1.8.0/stm32cubeide/plugins/com.st.stm32cube.ide.mcu.externaltools.gnu-tools-for-stm32.9-2020-q2-update.win32_2.0.0.202105311346/tools/bin/../lib/gcc/arm-none-eabi/9.3.1/thumb/v7e-m+fp/hard/crtbegin.o
                [!provide]                        PROVIDE (__fini_array_end = .)
                0x00000000080046c0                . = ALIGN (0x4)
                0x00000000080046c0                _sidata = LOADADDR (.data)

.data           0x0000000020000000       0x14 load address 0x00000000080046c0
                0x0000000020000000                . = ALIGN (0x4)
                0x0000000020000000                _sdata = .
 *(.data)
 *(.data*)
 .data.estado_riego
                0x0000000020000000        0x4 ./Core/Src/main.o
                0x0000000020000000                estado_riego
 .data.estado_anterior_riego
                0x0000000020000004        0x4 ./Core/Src/main.o
                0x0000000020000004                estado_anterior_riego
 .data.SystemCoreClock
                0x0000000020000008        0x4 ./Core/Src/system_stm32f4xx.o
                0x0000000020000008                SystemCoreClock
 .data.uwTickPrio
                0x000000002000000c        0x4 ./Drivers/STM32F4xx_HAL_Driver/Src/stm32f4xx_hal.o
                0x000000002000000c                uwTickPrio
 .data.uwTickFreq
                0x0000000020000010        0x1 ./Drivers/STM32F4xx_HAL_Driver/Src/stm32f4xx_hal.o
                0x0000000020000010                uwTickFreq
 *(.RamFunc)
 *(.RamFunc*)
                0x0000000020000014                . = ALIGN (0x4)
 *fill*         0x0000000020000011        0x3 
                0x0000000020000014                _edata = .
                0x00000000080046d4                _siccmram = LOADADDR (.ccmram)

.igot.plt       0x0000000020000014        0x0 load address 0x00000000080046d4
 .igot.plt      0x0000000020000014        0x0 c:/st/stm32cubeide_1.8.0/stm32cubeide/plugins/com.st.stm32cube.ide.mcu.externaltools.gnu-tools-for-stm32.9-2020-q2-update.win32_2.0.0.202105311346/tools/bin/../lib/gcc/arm-none-eabi/9.3.1/thumb/v7e-m+fp/hard/crtbegin.o

.ccmram         0x0000000010000000        0x0 load address 0x00000000080046d4
                0x0000000010000000                . = ALIGN (0x4)
                0x0000000010000000                _sccmram = .
 *(.ccmram)
 *(.ccmram*)
                0x0000000010000000                . = ALIGN (0x4)
                0x0000000010000000                _eccmram = .
                0x0000000010000000                . = ALIGN (0x4)

.bss            0x0000000020000014      0x274
                0x0000000020000014                _sbss = .
                0x0000000020000014                __bss_start__ = _sbss
 *(.bss)
 .bss           0x0000000020000014       0x1c c:/st/stm32cubeide_1.8.0/stm32cubeide/plugins/com.st.stm32cube.ide.mcu.externaltools.gnu-tools-for-stm32.9-2020-q2-update.win32_2.0.0.202105311346/tools/bin/../lib/gcc/arm-none-eabi/9.3.1/thumb/v7e-m+fp/hard/crtbegin.o
 *(.bss*)
 .bss.estado_luces
                0x0000000020000030        0x4 ./Core/Src/main.o
                0x0000000020000030                estado_luces
 .bss.counter_luces
                0x0000000020000034        0x4 ./Core/Src/main.o
                0x0000000020000034                counter_luces
 .bss.tickstart_luces
                0x0000000020000038        0x4 ./Core/Src/main.o
                0x0000000020000038                tickstart_luces
 .bss.estado_persianas
                0x000000002000003c        0x4 ./Core/Src/main.o
                0x000000002000003c                estado_persianas
 .bss.estado_anterior_persianas
                0x0000000020000040        0x4 ./Core/Src/main.o
                0x0000000020000040                estado_anterior_persianas
 .bss.estado_seguridad
                0x0000000020000044        0x4 ./Core/Src/main.o
                0x0000000020000044                estado_seguridad
 .bss.alarma_seguridad
                0x0000000020000048        0x4 ./Core/Src/main.o
                0x0000000020000048                alarma_seguridad
 .bss.tickstart_seguridad
                0x000000002000004c        0x4 ./Core/Src/main.o
                0x000000002000004c                tickstart_seguridad
 .bss.counter_seguridad
                0x0000000020000050        0x4 ./Core/Src/main.o
                0x0000000020000050                counter_seguridad
 .bss.Temperature
                0x0000000020000054        0x4 ./Core/Src/main.o
                0x0000000020000054                Temperature
 .bss.Humidity  0x0000000020000058        0x4 ./Core/Src/main.o
                0x0000000020000058                Humidity
 .bss.Presence  0x000000002000005c        0x1 ./Core/Src/main.o
                0x000000002000005c                Presence
 *fill*         0x000000002000005d        0x3 
 .bss.controldelclima
                0x0000000020000060        0x4 ./Core/Src/main.o
                0x0000000020000060                controldelclima
 .bss.tickstart_clima
                0x0000000020000064        0x4 ./Core/Src/main.o
                0x0000000020000064                tickstart_clima
 .bss.counter_clima
                0x0000000020000068        0x4 ./Core/Src/main.o
                0x0000000020000068                counter_clima
 .bss.button_int
                0x000000002000006c        0x4 ./Core/Src/main.o
                0x000000002000006c                button_int
 .bss.boton_presionado
                0x0000000020000070        0x4 ./Core/Src/main.o
                0x0000000020000070                boton_presionado
 .bss.button_count.10158
                0x0000000020000074        0x1 ./Core/Src/main.o
 *fill*         0x0000000020000075        0x3 
 .bss.counter.10159
                0x0000000020000078        0x4 ./Core/Src/main.o
 *(COMMON)
 COMMON         0x000000002000007c      0x206 ./Core/Src/main.o
                0x000000002000007c                estado_clima
                0x0000000020000080                tickstart_riego
                0x0000000020000084                hi2c1
                0x00000000200000d8                Rh_byte1
                0x00000000200000da                RH
                0x00000000200000dc                TEMP
                0x00000000200000e0                rx_buffer
                0x0000000020000114                tx_buffer
                0x0000000020000148                hadc1
                0x0000000020000190                espacio_entre_botones
                0x0000000020000194                Temp_byte1
                0x0000000020000195                Rh_byte2
                0x0000000020000198                htim6
                0x00000000200001e0                htim1
                0x0000000020000228                huart6
                0x000000002000026c                SUM
                0x0000000020000270                alto_entre_botones
                0x0000000020000274                Temp_byte2
                0x0000000020000278                adcval
 *fill*         0x0000000020000282        0x2 
 COMMON         0x0000000020000284        0x4 ./Drivers/STM32F4xx_HAL_Driver/Src/stm32f4xx_hal.o
                0x0000000020000284                uwTick
                0x0000000020000288                . = ALIGN (0x4)
                0x0000000020000288                _ebss = .
                0x0000000020000288                __bss_end__ = _ebss

._user_heap_stack
                0x0000000020000288      0x600
                0x0000000020000288                . = ALIGN (0x8)
                [!provide]                        PROVIDE (end = .)
                0x0000000020000288                PROVIDE (_end = .)
                0x0000000020000488                . = (. + _Min_Heap_Size)
 *fill*         0x0000000020000288      0x200 
                0x0000000020000888                . = (. + _Min_Stack_Size)
 *fill*         0x0000000020000488      0x400 
                0x0000000020000888                . = ALIGN (0x8)

/DISCARD/
 libc.a(*)
 libm.a(*)
 libgcc.a(*)

.ARM.attributes
                0x0000000000000000       0x30
 *(.ARM.attributes)
 .ARM.attributes
                0x0000000000000000       0x1e c:/st/stm32cubeide_1.8.0/stm32cubeide/plugins/com.st.stm32cube.ide.mcu.externaltools.gnu-tools-for-stm32.9-2020-q2-update.win32_2.0.0.202105311346/tools/bin/../lib/gcc/arm-none-eabi/9.3.1/thumb/v7e-m+fp/hard/crti.o
 .ARM.attributes
                0x000000000000001e       0x34 c:/st/stm32cubeide_1.8.0/stm32cubeide/plugins/com.st.stm32cube.ide.mcu.externaltools.gnu-tools-for-stm32.9-2020-q2-update.win32_2.0.0.202105311346/tools/bin/../lib/gcc/arm-none-eabi/9.3.1/thumb/v7e-m+fp/hard/crtbegin.o
 .ARM.attributes
                0x0000000000000052       0x34 ./Core/Src/main.o
 .ARM.attributes
                0x0000000000000086       0x34 ./Core/Src/stm32f4xx_hal_msp.o
 .ARM.attributes
                0x00000000000000ba       0x34 ./Core/Src/stm32f4xx_it.o
 .ARM.attributes
                0x00000000000000ee       0x34 ./Core/Src/system_stm32f4xx.o
 .ARM.attributes
                0x0000000000000122       0x21 ./Core/Startup/startup_stm32f407vgtx.o
 .ARM.attributes
                0x0000000000000143       0x34 ./Drivers/STM32F4xx_HAL_Driver/Src/stm32f4xx_hal.o
 .ARM.attributes
                0x0000000000000177       0x34 ./Drivers/STM32F4xx_HAL_Driver/Src/stm32f4xx_hal_adc.o
 .ARM.attributes
                0x00000000000001ab       0x34 ./Drivers/STM32F4xx_HAL_Driver/Src/stm32f4xx_hal_cortex.o
 .ARM.attributes
                0x00000000000001df       0x34 ./Drivers/STM32F4xx_HAL_Driver/Src/stm32f4xx_hal_gpio.o
 .ARM.attributes
                0x0000000000000213       0x34 ./Drivers/STM32F4xx_HAL_Driver/Src/stm32f4xx_hal_i2c.o
 .ARM.attributes
                0x0000000000000247       0x34 ./Drivers/STM32F4xx_HAL_Driver/Src/stm32f4xx_hal_rcc.o
 .ARM.attributes
                0x000000000000027b       0x34 ./Drivers/STM32F4xx_HAL_Driver/Src/stm32f4xx_hal_tim.o
 .ARM.attributes
                0x00000000000002af       0x34 ./Drivers/STM32F4xx_HAL_Driver/Src/stm32f4xx_hal_tim_ex.o
 .ARM.attributes
                0x00000000000002e3       0x34 ./Drivers/STM32F4xx_HAL_Driver/Src/stm32f4xx_hal_uart.o
 .ARM.attributes
                0x0000000000000317       0x34 c:/st/stm32cubeide_1.8.0/stm32cubeide/plugins/com.st.stm32cube.ide.mcu.externaltools.gnu-tools-for-stm32.9-2020-q2-update.win32_2.0.0.202105311346/tools/bin/../lib/gcc/arm-none-eabi/9.3.1/../../../../arm-none-eabi/lib/thumb/v7e-m+fp/hard\libc_nano.a(lib_a-init.o)
 .ARM.attributes
                0x000000000000034b       0x34 c:/st/stm32cubeide_1.8.0/stm32cubeide/plugins/com.st.stm32cube.ide.mcu.externaltools.gnu-tools-for-stm32.9-2020-q2-update.win32_2.0.0.202105311346/tools/bin/../lib/gcc/arm-none-eabi/9.3.1/../../../../arm-none-eabi/lib/thumb/v7e-m+fp/hard\libc_nano.a(lib_a-memset.o)
 .ARM.attributes
                0x000000000000037f       0x1e c:/st/stm32cubeide_1.8.0/stm32cubeide/plugins/com.st.stm32cube.ide.mcu.externaltools.gnu-tools-for-stm32.9-2020-q2-update.win32_2.0.0.202105311346/tools/bin/../lib/gcc/arm-none-eabi/9.3.1/thumb/v7e-m+fp/hard\libgcc.a(_aeabi_uldivmod.o)
 .ARM.attributes
                0x000000000000039d       0x34 c:/st/stm32cubeide_1.8.0/stm32cubeide/plugins/com.st.stm32cube.ide.mcu.externaltools.gnu-tools-for-stm32.9-2020-q2-update.win32_2.0.0.202105311346/tools/bin/../lib/gcc/arm-none-eabi/9.3.1/thumb/v7e-m+fp/hard\libgcc.a(_udivmoddi4.o)
 .ARM.attributes
                0x00000000000003d1       0x1e c:/st/stm32cubeide_1.8.0/stm32cubeide/plugins/com.st.stm32cube.ide.mcu.externaltools.gnu-tools-for-stm32.9-2020-q2-update.win32_2.0.0.202105311346/tools/bin/../lib/gcc/arm-none-eabi/9.3.1/thumb/v7e-m+fp/hard\libgcc.a(_dvmd_tls.o)
 .ARM.attributes
                0x00000000000003ef       0x1e c:/st/stm32cubeide_1.8.0/stm32cubeide/plugins/com.st.stm32cube.ide.mcu.externaltools.gnu-tools-for-stm32.9-2020-q2-update.win32_2.0.0.202105311346/tools/bin/../lib/gcc/arm-none-eabi/9.3.1/thumb/v7e-m+fp/hard/crtn.o
OUTPUT(Trabajo_SED_Domotica.elf elf32-littlearm)
LOAD linker stubs
LOAD c:/st/stm32cubeide_1.8.0/stm32cubeide/plugins/com.st.stm32cube.ide.mcu.externaltools.gnu-tools-for-stm32.9-2020-q2-update.win32_2.0.0.202105311346/tools/bin/../lib/gcc/arm-none-eabi/9.3.1/../../../../arm-none-eabi/lib/thumb/v7e-m+fp/hard\libc.a
LOAD c:/st/stm32cubeide_1.8.0/stm32cubeide/plugins/com.st.stm32cube.ide.mcu.externaltools.gnu-tools-for-stm32.9-2020-q2-update.win32_2.0.0.202105311346/tools/bin/../lib/gcc/arm-none-eabi/9.3.1/../../../../arm-none-eabi/lib/thumb/v7e-m+fp/hard\libm.a
LOAD c:/st/stm32cubeide_1.8.0/stm32cubeide/plugins/com.st.stm32cube.ide.mcu.externaltools.gnu-tools-for-stm32.9-2020-q2-update.win32_2.0.0.202105311346/tools/bin/../lib/gcc/arm-none-eabi/9.3.1/thumb/v7e-m+fp/hard\libgcc.a

.debug_info     0x0000000000000000    0x122a1
 .debug_info    0x0000000000000000     0x33f8 ./Core/Src/main.o
 .debug_info    0x00000000000033f8     0x1459 ./Core/Src/stm32f4xx_hal_msp.o
 .debug_info    0x0000000000004851      0x282 ./Core/Src/stm32f4xx_it.o
 .debug_info    0x0000000000004ad3      0x5a4 ./Core/Src/system_stm32f4xx.o
 .debug_info    0x0000000000005077       0x22 ./Core/Startup/startup_stm32f407vgtx.o
 .debug_info    0x0000000000005099      0x9b2 ./Drivers/STM32F4xx_HAL_Driver/Src/stm32f4xx_hal.o
 .debug_info    0x0000000000005a4b      0xdbc ./Drivers/STM32F4xx_HAL_Driver/Src/stm32f4xx_hal_adc.o
 .debug_info    0x0000000000006807      0xed7 ./Drivers/STM32F4xx_HAL_Driver/Src/stm32f4xx_hal_cortex.o
 .debug_info    0x00000000000076de      0x83e ./Drivers/STM32F4xx_HAL_Driver/Src/stm32f4xx_hal_gpio.o
 .debug_info    0x0000000000007f1c     0x264d ./Drivers/STM32F4xx_HAL_Driver/Src/stm32f4xx_hal_i2c.o
 .debug_info    0x000000000000a569      0x996 ./Drivers/STM32F4xx_HAL_Driver/Src/stm32f4xx_hal_rcc.o
 .debug_info    0x000000000000aeff     0x2c22 ./Drivers/STM32F4xx_HAL_Driver/Src/stm32f4xx_hal_tim.o
 .debug_info    0x000000000000db21     0x15a2 ./Drivers/STM32F4xx_HAL_Driver/Src/stm32f4xx_hal_tim_ex.o
 .debug_info    0x000000000000f0c3     0x31de ./Drivers/STM32F4xx_HAL_Driver/Src/stm32f4xx_hal_uart.o

.debug_abbrev   0x0000000000000000     0x1ea6
 .debug_abbrev  0x0000000000000000      0x459 ./Core/Src/main.o
 .debug_abbrev  0x0000000000000459      0x235 ./Core/Src/stm32f4xx_hal_msp.o
 .debug_abbrev  0x000000000000068e       0xd2 ./Core/Src/stm32f4xx_it.o
 .debug_abbrev  0x0000000000000760      0x145 ./Core/Src/system_stm32f4xx.o
 .debug_abbrev  0x00000000000008a5       0x12 ./Core/Startup/startup_stm32f407vgtx.o
 .debug_abbrev  0x00000000000008b7      0x1ed ./Drivers/STM32F4xx_HAL_Driver/Src/stm32f4xx_hal.o
 .debug_abbrev  0x0000000000000aa4      0x22f ./Drivers/STM32F4xx_HAL_Driver/Src/stm32f4xx_hal_adc.o
 .debug_abbrev  0x0000000000000cd3      0x33c ./Drivers/STM32F4xx_HAL_Driver/Src/stm32f4xx_hal_cortex.o
 .debug_abbrev  0x000000000000100f      0x1f1 ./Drivers/STM32F4xx_HAL_Driver/Src/stm32f4xx_hal_gpio.o
 .debug_abbrev  0x0000000000001200      0x282 ./Drivers/STM32F4xx_HAL_Driver/Src/stm32f4xx_hal_i2c.o
 .debug_abbrev  0x0000000000001482      0x275 ./Drivers/STM32F4xx_HAL_Driver/Src/stm32f4xx_hal_rcc.o
 .debug_abbrev  0x00000000000016f7      0x25e ./Drivers/STM32F4xx_HAL_Driver/Src/stm32f4xx_hal_tim.o
 .debug_abbrev  0x0000000000001955      0x266 ./Drivers/STM32F4xx_HAL_Driver/Src/stm32f4xx_hal_tim_ex.o
 .debug_abbrev  0x0000000000001bbb      0x2eb ./Drivers/STM32F4xx_HAL_Driver/Src/stm32f4xx_hal_uart.o

.debug_aranges  0x0000000000000000     0x10f8
 .debug_aranges
                0x0000000000000000      0x218 ./Core/Src/main.o
 .debug_aranges
                0x0000000000000218       0x68 ./Core/Src/stm32f4xx_hal_msp.o
 .debug_aranges
                0x0000000000000280       0x80 ./Core/Src/stm32f4xx_it.o
 .debug_aranges
                0x0000000000000300       0x28 ./Core/Src/system_stm32f4xx.o
 .debug_aranges
                0x0000000000000328       0x28 ./Core/Startup/startup_stm32f407vgtx.o
 .debug_aranges
                0x0000000000000350       0xf0 ./Drivers/STM32F4xx_HAL_Driver/Src/stm32f4xx_hal.o
 .debug_aranges
                0x0000000000000440       0xe8 ./Drivers/STM32F4xx_HAL_Driver/Src/stm32f4xx_hal_adc.o
 .debug_aranges
                0x0000000000000528      0x118 ./Drivers/STM32F4xx_HAL_Driver/Src/stm32f4xx_hal_cortex.o
 .debug_aranges
                0x0000000000000640       0x58 ./Drivers/STM32F4xx_HAL_Driver/Src/stm32f4xx_hal_gpio.o
 .debug_aranges
                0x0000000000000698      0x2a0 ./Drivers/STM32F4xx_HAL_Driver/Src/stm32f4xx_hal_i2c.o
 .debug_aranges
                0x0000000000000938       0x88 ./Drivers/STM32F4xx_HAL_Driver/Src/stm32f4xx_hal_rcc.o
 .debug_aranges
                0x00000000000009c0      0x3d0 ./Drivers/STM32F4xx_HAL_Driver/Src/stm32f4xx_hal_tim.o
 .debug_aranges
                0x0000000000000d90      0x168 ./Drivers/STM32F4xx_HAL_Driver/Src/stm32f4xx_hal_tim_ex.o
 .debug_aranges
                0x0000000000000ef8      0x200 ./Drivers/STM32F4xx_HAL_Driver/Src/stm32f4xx_hal_uart.o

.debug_ranges   0x0000000000000000     0x1090
 .debug_ranges  0x0000000000000000      0x220 ./Core/Src/main.o
 .debug_ranges  0x0000000000000220       0x58 ./Core/Src/stm32f4xx_hal_msp.o
 .debug_ranges  0x0000000000000278       0x70 ./Core/Src/stm32f4xx_it.o
 .debug_ranges  0x00000000000002e8       0x18 ./Core/Src/system_stm32f4xx.o
 .debug_ranges  0x0000000000000300       0x20 ./Core/Startup/startup_stm32f407vgtx.o
 .debug_ranges  0x0000000000000320       0xe0 ./Drivers/STM32F4xx_HAL_Driver/Src/stm32f4xx_hal.o
 .debug_ranges  0x0000000000000400       0xd8 ./Drivers/STM32F4xx_HAL_Driver/Src/stm32f4xx_hal_adc.o
 .debug_ranges  0x00000000000004d8      0x108 ./Drivers/STM32F4xx_HAL_Driver/Src/stm32f4xx_hal_cortex.o
 .debug_ranges  0x00000000000005e0       0x48 ./Drivers/STM32F4xx_HAL_Driver/Src/stm32f4xx_hal_gpio.o
 .debug_ranges  0x0000000000000628      0x2b8 ./Drivers/STM32F4xx_HAL_Driver/Src/stm32f4xx_hal_i2c.o
 .debug_ranges  0x00000000000008e0       0x78 ./Drivers/STM32F4xx_HAL_Driver/Src/stm32f4xx_hal_rcc.o
 .debug_ranges  0x0000000000000958      0x3c0 ./Drivers/STM32F4xx_HAL_Driver/Src/stm32f4xx_hal_tim.o
 .debug_ranges  0x0000000000000d18      0x158 ./Drivers/STM32F4xx_HAL_Driver/Src/stm32f4xx_hal_tim_ex.o
 .debug_ranges  0x0000000000000e70      0x220 ./Drivers/STM32F4xx_HAL_Driver/Src/stm32f4xx_hal_uart.o

.debug_macro    0x0000000000000000    0x2234a
 .debug_macro   0x0000000000000000      0x367 ./Core/Src/main.o
 .debug_macro   0x0000000000000367      0xaa8 ./Core/Src/main.o
 .debug_macro   0x0000000000000e0f      0x2a7 ./Core/Src/main.o
 .debug_macro   0x00000000000010b6       0x2e ./Core/Src/main.o
 .debug_macro   0x00000000000010e4       0x2f ./Core/Src/main.o
 .debug_macro   0x0000000000001113       0x22 ./Core/Src/main.o
 .debug_macro   0x0000000000001135       0x8e ./Core/Src/main.o
 .debug_macro   0x00000000000011c3       0x51 ./Core/Src/main.o
 .debug_macro   0x0000000000001214      0x103 ./Core/Src/main.o
 .debug_macro   0x0000000000001317       0x6a ./Core/Src/main.o
 .debug_macro   0x0000000000001381      0x1df ./Core/Src/main.o
 .debug_macro   0x0000000000001560       0x1c ./Core/Src/main.o
 .debug_macro   0x000000000000157c       0x22 ./Core/Src/main.o
 .debug_macro   0x000000000000159e       0xdf ./Core/Src/main.o
 .debug_macro   0x000000000000167d     0x102d ./Core/Src/main.o
 .debug_macro   0x00000000000026aa      0x11f ./Core/Src/main.o
 .debug_macro   0x00000000000027c9    0x15e58 ./Core/Src/main.o
 .debug_macro   0x0000000000018621       0x6d ./Core/Src/main.o
 .debug_macro   0x000000000001868e     0x3666 ./Core/Src/main.o
 .debug_macro   0x000000000001bcf4      0x174 ./Core/Src/main.o
 .debug_macro   0x000000000001be68       0x5c ./Core/Src/main.o
 .debug_macro   0x000000000001bec4      0x96b ./Core/Src/main.o
 .debug_macro   0x000000000001c82f      0x9fe ./Core/Src/main.o
 .debug_macro   0x000000000001d22d      0x116 ./Core/Src/main.o
 .debug_macro   0x000000000001d343      0x13e ./Core/Src/main.o
 .debug_macro   0x000000000001d481       0xa5 ./Core/Src/main.o
 .debug_macro   0x000000000001d526      0x174 ./Core/Src/main.o
 .debug_macro   0x000000000001d69a      0x287 ./Core/Src/main.o
 .debug_macro   0x000000000001d921       0x5f ./Core/Src/main.o
 .debug_macro   0x000000000001d980      0x236 ./Core/Src/main.o
 .debug_macro   0x000000000001dbb6      0xb5b ./Core/Src/main.o
 .debug_macro   0x000000000001e711      0x38b ./Core/Src/main.o
 .debug_macro   0x000000000001ea9c      0x176 ./Core/Src/main.o
 .debug_macro   0x000000000001ec12       0xf9 ./Core/Src/main.o
 .debug_macro   0x000000000001ed0b      0x12c ./Core/Src/main.o
 .debug_macro   0x000000000001ee37      0x21e ./Core/Src/main.o
 .debug_macro   0x000000000001f055       0x2e ./Core/Src/main.o
 .debug_macro   0x000000000001f083      0x1b5 ./Core/Src/main.o
 .debug_macro   0x000000000001f238       0xd6 ./Core/Src/main.o
 .debug_macro   0x000000000001f30e      0x11a ./Core/Src/main.o
 .debug_macro   0x000000000001f428       0x7e ./Core/Src/main.o
 .debug_macro   0x000000000001f4a6       0x89 ./Core/Src/main.o
 .debug_macro   0x000000000001f52f      0x8d1 ./Core/Src/main.o
 .debug_macro   0x000000000001fe00       0x47 ./Core/Src/main.o
 .debug_macro   0x000000000001fe47      0x295 ./Core/Src/main.o
 .debug_macro   0x00000000000200dc      0x12d ./Core/Src/main.o
 .debug_macro   0x0000000000020209       0x18 ./Core/Src/main.o
 .debug_macro   0x0000000000020221       0x52 ./Core/Src/main.o
 .debug_macro   0x0000000000020273       0x3c ./Core/Src/main.o
 .debug_macro   0x00000000000202af       0x34 ./Core/Src/main.o
 .debug_macro   0x00000000000202e3       0x16 ./Core/Src/main.o
 .debug_macro   0x00000000000202f9       0x35 ./Core/Src/main.o
 .debug_macro   0x000000000002032e       0x16 ./Core/Src/main.o
 .debug_macro   0x0000000000020344       0x43 ./Core/Src/main.o
 .debug_macro   0x0000000000020387       0x34 ./Core/Src/main.o
 .debug_macro   0x00000000000203bb       0x10 ./Core/Src/main.o
 .debug_macro   0x00000000000203cb       0x58 ./Core/Src/main.o
 .debug_macro   0x0000000000020423       0x71 ./Core/Src/main.o
 .debug_macro   0x0000000000020494       0x1c ./Core/Src/main.o
 .debug_macro   0x00000000000204b0      0x12a ./Core/Src/main.o
 .debug_macro   0x00000000000205da      0x333 ./Core/Src/main.o
 .debug_macro   0x000000000002090d       0x16 ./Core/Src/main.o
 .debug_macro   0x0000000000020923       0x29 ./Core/Src/main.o
 .debug_macro   0x000000000002094c       0x16 ./Core/Src/main.o
 .debug_macro   0x0000000000020962       0x20 ./Core/Src/main.o
 .debug_macro   0x0000000000020982       0x16 ./Core/Src/main.o
 .debug_macro   0x0000000000020998      0x21a ./Core/Src/stm32f4xx_hal_msp.o
 .debug_macro   0x0000000000020bb2      0x224 ./Core/Src/stm32f4xx_it.o
 .debug_macro   0x0000000000020dd6      0x210 ./Core/Src/system_stm32f4xx.o
 .debug_macro   0x0000000000020fe6      0x270 ./Drivers/STM32F4xx_HAL_Driver/Src/stm32f4xx_hal.o
 .debug_macro   0x0000000000021256      0x211 ./Drivers/STM32F4xx_HAL_Driver/Src/stm32f4xx_hal_adc.o
 .debug_macro   0x0000000000021467      0x210 ./Drivers/STM32F4xx_HAL_Driver/Src/stm32f4xx_hal_cortex.o
 .debug_macro   0x0000000000021677      0x216 ./Drivers/STM32F4xx_HAL_Driver/Src/stm32f4xx_hal_gpio.o
 .debug_macro   0x000000000002188d      0x257 ./Drivers/STM32F4xx_HAL_Driver/Src/stm32f4xx_hal_i2c.o
 .debug_macro   0x0000000000021ae4      0x234 ./Drivers/STM32F4xx_HAL_Driver/Src/stm32f4xx_hal_rcc.o
 .debug_macro   0x0000000000021d18      0x211 ./Drivers/STM32F4xx_HAL_Driver/Src/stm32f4xx_hal_tim.o
 .debug_macro   0x0000000000021f29      0x210 ./Drivers/STM32F4xx_HAL_Driver/Src/stm32f4xx_hal_tim_ex.o
 .debug_macro   0x0000000000022139      0x211 ./Drivers/STM32F4xx_HAL_Driver/Src/stm32f4xx_hal_uart.o

.debug_line     0x0000000000000000    0x13112
 .debug_line    0x0000000000000000     0x1f15 ./Core/Src/main.o
 .debug_line    0x0000000000001f15      0x8a9 ./Core/Src/stm32f4xx_hal_msp.o
 .debug_line    0x00000000000027be      0x867 ./Core/Src/stm32f4xx_it.o
 .debug_line    0x0000000000003025      0x7c0 ./Core/Src/system_stm32f4xx.o
 .debug_line    0x00000000000037e5       0x88 ./Core/Startup/startup_stm32f407vgtx.o
 .debug_line    0x000000000000386d      0xa26 ./Drivers/STM32F4xx_HAL_Driver/Src/stm32f4xx_hal.o
 .debug_line    0x0000000000004293     0x12b0 ./Drivers/STM32F4xx_HAL_Driver/Src/stm32f4xx_hal_adc.o
 .debug_line    0x0000000000005543      0xcd5 ./Drivers/STM32F4xx_HAL_Driver/Src/stm32f4xx_hal_cortex.o
 .debug_line    0x0000000000006218      0xb9c ./Drivers/STM32F4xx_HAL_Driver/Src/stm32f4xx_hal_gpio.o
 .debug_line    0x0000000000006db4     0x39d2 ./Drivers/STM32F4xx_HAL_Driver/Src/stm32f4xx_hal_i2c.o
 .debug_line    0x000000000000a786      0xda2 ./Drivers/STM32F4xx_HAL_Driver/Src/stm32f4xx_hal_rcc.o
 .debug_line    0x000000000000b528     0x371a ./Drivers/STM32F4xx_HAL_Driver/Src/stm32f4xx_hal_tim.o
 .debug_line    0x000000000000ec42     0x1a23 ./Drivers/STM32F4xx_HAL_Driver/Src/stm32f4xx_hal_tim_ex.o
 .debug_line    0x0000000000010665     0x2aad ./Drivers/STM32F4xx_HAL_Driver/Src/stm32f4xx_hal_uart.o

.debug_str      0x0000000000000000    0xd93b0
 .debug_str     0x0000000000000000    0xd5f16 ./Core/Src/main.o
                                      0xd63cc (size before relaxing)
 .debug_str     0x00000000000d5f16       0xf3 ./Core/Src/stm32f4xx_hal_msp.o
                                      0xd215f (size before relaxing)
 .debug_str     0x00000000000d6009      0x107 ./Core/Src/stm32f4xx_it.o
                                      0xd151b (size before relaxing)
 .debug_str     0x00000000000d6110       0xaf ./Core/Src/system_stm32f4xx.o
                                      0xd15a1 (size before relaxing)
 .debug_str     0x00000000000d61bf       0x36 ./Core/Startup/startup_stm32f407vgtx.o
                                         0x95 (size before relaxing)
 .debug_str     0x00000000000d61f5      0x58d ./Drivers/STM32F4xx_HAL_Driver/Src/stm32f4xx_hal.o
                                      0xd2083 (size before relaxing)
 .debug_str     0x00000000000d6782      0x295 ./Drivers/STM32F4xx_HAL_Driver/Src/stm32f4xx_hal_adc.o
                                      0xd1b4d (size before relaxing)
 .debug_str     0x00000000000d6a17      0x392 ./Drivers/STM32F4xx_HAL_Driver/Src/stm32f4xx_hal_cortex.o
                                      0xd1e72 (size before relaxing)
 .debug_str     0x00000000000d6da9      0x139 ./Drivers/STM32F4xx_HAL_Driver/Src/stm32f4xx_hal_gpio.o
                                      0xd1748 (size before relaxing)
 .debug_str     0x00000000000d6ee2      0xaae ./Drivers/STM32F4xx_HAL_Driver/Src/stm32f4xx_hal_i2c.o
                                      0xd2523 (size before relaxing)
 .debug_str     0x00000000000d7990      0x24e ./Drivers/STM32F4xx_HAL_Driver/Src/stm32f4xx_hal_rcc.o
                                      0xd19a3 (size before relaxing)
 .debug_str     0x00000000000d7bde      0xd83 ./Drivers/STM32F4xx_HAL_Driver/Src/stm32f4xx_hal_tim.o
                                      0xd28d0 (size before relaxing)
 .debug_str     0x00000000000d8961      0x45a ./Drivers/STM32F4xx_HAL_Driver/Src/stm32f4xx_hal_tim_ex.o
                                      0xd2081 (size before relaxing)
 .debug_str     0x00000000000d8dbb      0x5f5 ./Drivers/STM32F4xx_HAL_Driver/Src/stm32f4xx_hal_uart.o
                                      0xd1f29 (size before relaxing)

.comment        0x0000000000000000       0x53
 .comment       0x0000000000000000       0x53 ./Core/Src/main.o
                                         0x54 (size before relaxing)
 .comment       0x0000000000000053       0x54 ./Core/Src/stm32f4xx_hal_msp.o
 .comment       0x0000000000000053       0x54 ./Core/Src/stm32f4xx_it.o
 .comment       0x0000000000000053       0x54 ./Core/Src/system_stm32f4xx.o
 .comment       0x0000000000000053       0x54 ./Drivers/STM32F4xx_HAL_Driver/Src/stm32f4xx_hal.o
 .comment       0x0000000000000053       0x54 ./Drivers/STM32F4xx_HAL_Driver/Src/stm32f4xx_hal_adc.o
 .comment       0x0000000000000053       0x54 ./Drivers/STM32F4xx_HAL_Driver/Src/stm32f4xx_hal_cortex.o
 .comment       0x0000000000000053       0x54 ./Drivers/STM32F4xx_HAL_Driver/Src/stm32f4xx_hal_gpio.o
 .comment       0x0000000000000053       0x54 ./Drivers/STM32F4xx_HAL_Driver/Src/stm32f4xx_hal_i2c.o
 .comment       0x0000000000000053       0x54 ./Drivers/STM32F4xx_HAL_Driver/Src/stm32f4xx_hal_rcc.o
 .comment       0x0000000000000053       0x54 ./Drivers/STM32F4xx_HAL_Driver/Src/stm32f4xx_hal_tim.o
 .comment       0x0000000000000053       0x54 ./Drivers/STM32F4xx_HAL_Driver/Src/stm32f4xx_hal_tim_ex.o
 .comment       0x0000000000000053       0x54 ./Drivers/STM32F4xx_HAL_Driver/Src/stm32f4xx_hal_uart.o

.debug_frame    0x0000000000000000     0x495c
 .debug_frame   0x0000000000000000      0x89c ./Core/Src/main.o
 .debug_frame   0x000000000000089c      0x180 ./Core/Src/stm32f4xx_hal_msp.o
 .debug_frame   0x0000000000000a1c      0x174 ./Core/Src/stm32f4xx_it.o
 .debug_frame   0x0000000000000b90       0x58 ./Core/Src/system_stm32f4xx.o
 .debug_frame   0x0000000000000be8      0x374 ./Drivers/STM32F4xx_HAL_Driver/Src/stm32f4xx_hal.o
 .debug_frame   0x0000000000000f5c      0x3fc ./Drivers/STM32F4xx_HAL_Driver/Src/stm32f4xx_hal_adc.o
 .debug_frame   0x0000000000001358      0x498 ./Drivers/STM32F4xx_HAL_Driver/Src/stm32f4xx_hal_cortex.o
 .debug_frame   0x00000000000017f0      0x14c ./Drivers/STM32F4xx_HAL_Driver/Src/stm32f4xx_hal_gpio.o
 .debug_frame   0x000000000000193c      0xc5c ./Drivers/STM32F4xx_HAL_Driver/Src/stm32f4xx_hal_i2c.o
 .debug_frame   0x0000000000002598      0x1f0 ./Drivers/STM32F4xx_HAL_Driver/Src/stm32f4xx_hal_rcc.o
 .debug_frame   0x0000000000002788     0x11c4 ./Drivers/STM32F4xx_HAL_Driver/Src/stm32f4xx_hal_tim.o
 .debug_frame   0x000000000000394c      0x638 ./Drivers/STM32F4xx_HAL_Driver/Src/stm32f4xx_hal_tim_ex.o
 .debug_frame   0x0000000000003f84      0x92c ./Drivers/STM32F4xx_HAL_Driver/Src/stm32f4xx_hal_uart.o
 .debug_frame   0x00000000000048b0       0x2c c:/st/stm32cubeide_1.8.0/stm32cubeide/plugins/com.st.stm32cube.ide.mcu.externaltools.gnu-tools-for-stm32.9-2020-q2-update.win32_2.0.0.202105311346/tools/bin/../lib/gcc/arm-none-eabi/9.3.1/../../../../arm-none-eabi/lib/thumb/v7e-m+fp/hard\libc_nano.a(lib_a-init.o)
 .debug_frame   0x00000000000048dc       0x20 c:/st/stm32cubeide_1.8.0/stm32cubeide/plugins/com.st.stm32cube.ide.mcu.externaltools.gnu-tools-for-stm32.9-2020-q2-update.win32_2.0.0.202105311346/tools/bin/../lib/gcc/arm-none-eabi/9.3.1/../../../../arm-none-eabi/lib/thumb/v7e-m+fp/hard\libc_nano.a(lib_a-memset.o)
 .debug_frame   0x00000000000048fc       0x2c c:/st/stm32cubeide_1.8.0/stm32cubeide/plugins/com.st.stm32cube.ide.mcu.externaltools.gnu-tools-for-stm32.9-2020-q2-update.win32_2.0.0.202105311346/tools/bin/../lib/gcc/arm-none-eabi/9.3.1/thumb/v7e-m+fp/hard\libgcc.a(_aeabi_uldivmod.o)
 .debug_frame   0x0000000000004928       0x34 c:/st/stm32cubeide_1.8.0/stm32cubeide/plugins/com.st.stm32cube.ide.mcu.externaltools.gnu-tools-for-stm32.9-2020-q2-update.win32_2.0.0.202105311346/tools/bin/../lib/gcc/arm-none-eabi/9.3.1/thumb/v7e-m+fp/hard\libgcc.a(_udivmoddi4.o)
