20:07:48 **** Build of configuration Debug for project Trabajo_SED_Domotica ****
make -j4 all 
arm-none-eabi-gcc "../Drivers/STM32F4xx_HAL_Driver/Src/stm32f4xx_hal.c" -mcpu=cortex-m4 -std=gnu11 -g3 -DDEBUG -DUSE_HAL_DRIVER -DSTM32F407xx -c -I../Core/Inc -I../Drivers/STM32F4xx_HAL_Driver/Inc -I../Drivers/STM32F4xx_HAL_Driver/Inc/Legacy -I../Drivers/CMSIS/Device/ST/STM32F4xx/Include -I../Drivers/CMSIS/Include -O0 -ffunction-sections -fdata-sections -Wall -fstack-usage -MMD -MP -MF"Drivers/STM32F4xx_HAL_Driver/Src/stm32f4xx_hal.d" -MT"Drivers/STM32F4xx_HAL_Driver/Src/stm32f4xx_hal.o" --specs=nano.specs -mfpu=fpv4-sp-d16 -mfloat-abi=hard -mthumb -o "Drivers/STM32F4xx_HAL_Driver/Src/stm32f4xx_hal.o"
arm-none-eabi-gcc "../Drivers/STM32F4xx_HAL_Driver/Src/stm32f4xx_hal_cortex.c" -mcpu=cortex-m4 -std=gnu11 -g3 -DDEBUG -DUSE_HAL_DRIVER -DSTM32F407xx -c -I../Core/Inc -I../Drivers/STM32F4xx_HAL_Driver/Inc -I../Drivers/STM32F4xx_HAL_Driver/Inc/Legacy -I../Drivers/CMSIS/Device/ST/STM32F4xx/Include -I../Drivers/CMSIS/Include -O0 -ffunction-sections -fdata-sections -Wall -fstack-usage -MMD -MP -MF"Drivers/STM32F4xx_HAL_Driver/Src/stm32f4xx_hal_cortex.d" -MT"Drivers/STM32F4xx_HAL_Driver/Src/stm32f4xx_hal_cortex.o" --specs=nano.specs -mfpu=fpv4-sp-d16 -mfloat-abi=hard -mthumb -o "Drivers/STM32F4xx_HAL_Driver/Src/stm32f4xx_hal_cortex.o"
arm-none-eabi-gcc "../Drivers/STM32F4xx_HAL_Driver/Src/stm32f4xx_hal_dma.c" -mcpu=cortex-m4 -std=gnu11 -g3 -DDEBUG -DUSE_HAL_DRIVER -DSTM32F407xx -c -I../Core/Inc -I../Drivers/STM32F4xx_HAL_Driver/Inc -I../Drivers/STM32F4xx_HAL_Driver/Inc/Legacy -I../Drivers/CMSIS/Device/ST/STM32F4xx/Include -I../Drivers/CMSIS/Include -O0 -ffunction-sections -fdata-sections -Wall -fstack-usage -MMD -MP -MF"Drivers/STM32F4xx_HAL_Driver/Src/stm32f4xx_hal_dma.d" -MT"Drivers/STM32F4xx_HAL_Driver/Src/stm32f4xx_hal_dma.o" --specs=nano.specs -mfpu=fpv4-sp-d16 -mfloat-abi=hard -mthumb -o "Drivers/STM32F4xx_HAL_Driver/Src/stm32f4xx_hal_dma.o"
arm-none-eabi-gcc "../Drivers/STM32F4xx_HAL_Driver/Src/stm32f4xx_hal_dma_ex.c" -mcpu=cortex-m4 -std=gnu11 -g3 -DDEBUG -DUSE_HAL_DRIVER -DSTM32F407xx -c -I../Core/Inc -I../Drivers/STM32F4xx_HAL_Driver/Inc -I../Drivers/STM32F4xx_HAL_Driver/Inc/Legacy -I../Drivers/CMSIS/Device/ST/STM32F4xx/Include -I../Drivers/CMSIS/Include -O0 -ffunction-sections -fdata-sections -Wall -fstack-usage -MMD -MP -MF"Drivers/STM32F4xx_HAL_Driver/Src/stm32f4xx_hal_dma_ex.d" -MT"Drivers/STM32F4xx_HAL_Driver/Src/stm32f4xx_hal_dma_ex.o" --specs=nano.specs -mfpu=fpv4-sp-d16 -mfloat-abi=hard -mthumb -o "Drivers/STM32F4xx_HAL_Driver/Src/stm32f4xx_hal_dma_ex.o"
arm-none-eabi-gcc "../Drivers/STM32F4xx_HAL_Driver/Src/stm32f4xx_hal_exti.c" -mcpu=cortex-m4 -std=gnu11 -g3 -DDEBUG -DUSE_HAL_DRIVER -DSTM32F407xx -c -I../Core/Inc -I../Drivers/STM32F4xx_HAL_Driver/Inc -I../Drivers/STM32F4xx_HAL_Driver/Inc/Legacy -I../Drivers/CMSIS/Device/ST/STM32F4xx/Include -I../Drivers/CMSIS/Include -O0 -ffunction-sections -fdata-sections -Wall -fstack-usage -MMD -MP -MF"Drivers/STM32F4xx_HAL_Driver/Src/stm32f4xx_hal_exti.d" -MT"Drivers/STM32F4xx_HAL_Driver/Src/stm32f4xx_hal_exti.o" --specs=nano.specs -mfpu=fpv4-sp-d16 -mfloat-abi=hard -mthumb -o "Drivers/STM32F4xx_HAL_Driver/Src/stm32f4xx_hal_exti.o"
arm-none-eabi-gcc "../Drivers/STM32F4xx_HAL_Driver/Src/stm32f4xx_hal_flash.c" -mcpu=cortex-m4 -std=gnu11 -g3 -DDEBUG -DUSE_HAL_DRIVER -DSTM32F407xx -c -I../Core/Inc -I../Drivers/STM32F4xx_HAL_Driver/Inc -I../Drivers/STM32F4xx_HAL_Driver/Inc/Legacy -I../Drivers/CMSIS/Device/ST/STM32F4xx/Include -I../Drivers/CMSIS/Include -O0 -ffunction-sections -fdata-sections -Wall -fstack-usage -MMD -MP -MF"Drivers/STM32F4xx_HAL_Driver/Src/stm32f4xx_hal_flash.d" -MT"Drivers/STM32F4xx_HAL_Driver/Src/stm32f4xx_hal_flash.o" --specs=nano.specs -mfpu=fpv4-sp-d16 -mfloat-abi=hard -mthumb -o "Drivers/STM32F4xx_HAL_Driver/Src/stm32f4xx_hal_flash.o"
arm-none-eabi-gcc "../Drivers/STM32F4xx_HAL_Driver/Src/stm32f4xx_hal_flash_ex.c" -mcpu=cortex-m4 -std=gnu11 -g3 -DDEBUG -DUSE_HAL_DRIVER -DSTM32F407xx -c -I../Core/Inc -I../Drivers/STM32F4xx_HAL_Driver/Inc -I../Drivers/STM32F4xx_HAL_Driver/Inc/Legacy -I../Drivers/CMSIS/Device/ST/STM32F4xx/Include -I../Drivers/CMSIS/Include -O0 -ffunction-sections -fdata-sections -Wall -fstack-usage -MMD -MP -MF"Drivers/STM32F4xx_HAL_Driver/Src/stm32f4xx_hal_flash_ex.d" -MT"Drivers/STM32F4xx_HAL_Driver/Src/stm32f4xx_hal_flash_ex.o" --specs=nano.specs -mfpu=fpv4-sp-d16 -mfloat-abi=hard -mthumb -o "Drivers/STM32F4xx_HAL_Driver/Src/stm32f4xx_hal_flash_ex.o"
arm-none-eabi-gcc "../Drivers/STM32F4xx_HAL_Driver/Src/stm32f4xx_hal_flash_ramfunc.c" -mcpu=cortex-m4 -std=gnu11 -g3 -DDEBUG -DUSE_HAL_DRIVER -DSTM32F407xx -c -I../Core/Inc -I../Drivers/STM32F4xx_HAL_Driver/Inc -I../Drivers/STM32F4xx_HAL_Driver/Inc/Legacy -I../Drivers/CMSIS/Device/ST/STM32F4xx/Include -I../Drivers/CMSIS/Include -O0 -ffunction-sections -fdata-sections -Wall -fstack-usage -MMD -MP -MF"Drivers/STM32F4xx_HAL_Driver/Src/stm32f4xx_hal_flash_ramfunc.d" -MT"Drivers/STM32F4xx_HAL_Driver/Src/stm32f4xx_hal_flash_ramfunc.o" --specs=nano.specs -mfpu=fpv4-sp-d16 -mfloat-abi=hard -mthumb -o "Drivers/STM32F4xx_HAL_Driver/Src/stm32f4xx_hal_flash_ramfunc.o"
arm-none-eabi-gcc "../Drivers/STM32F4xx_HAL_Driver/Src/stm32f4xx_hal_gpio.c" -mcpu=cortex-m4 -std=gnu11 -g3 -DDEBUG -DUSE_HAL_DRIVER -DSTM32F407xx -c -I../Core/Inc -I../Drivers/STM32F4xx_HAL_Driver/Inc -I../Drivers/STM32F4xx_HAL_Driver/Inc/Legacy -I../Drivers/CMSIS/Device/ST/STM32F4xx/Include -I../Drivers/CMSIS/Include -O0 -ffunction-sections -fdata-sections -Wall -fstack-usage -MMD -MP -MF"Drivers/STM32F4xx_HAL_Driver/Src/stm32f4xx_hal_gpio.d" -MT"Drivers/STM32F4xx_HAL_Driver/Src/stm32f4xx_hal_gpio.o" --specs=nano.specs -mfpu=fpv4-sp-d16 -mfloat-abi=hard -mthumb -o "Drivers/STM32F4xx_HAL_Driver/Src/stm32f4xx_hal_gpio.o"
arm-none-eabi-gcc "../Drivers/STM32F4xx_HAL_Driver/Src/stm32f4xx_hal_pwr.c" -mcpu=cortex-m4 -std=gnu11 -g3 -DDEBUG -DUSE_HAL_DRIVER -DSTM32F407xx -c -I../Core/Inc -I../Drivers/STM32F4xx_HAL_Driver/Inc -I../Drivers/STM32F4xx_HAL_Driver/Inc/Legacy -I../Drivers/CMSIS/Device/ST/STM32F4xx/Include -I../Drivers/CMSIS/Include -O0 -ffunction-sections -fdata-sections -Wall -fstack-usage -MMD -MP -MF"Drivers/STM32F4xx_HAL_Driver/Src/stm32f4xx_hal_pwr.d" -MT"Drivers/STM32F4xx_HAL_Driver/Src/stm32f4xx_hal_pwr.o" --specs=nano.specs -mfpu=fpv4-sp-d16 -mfloat-abi=hard -mthumb -o "Drivers/STM32F4xx_HAL_Driver/Src/stm32f4xx_hal_pwr.o"
arm-none-eabi-gcc "../Drivers/STM32F4xx_HAL_Driver/Src/stm32f4xx_hal_pwr_ex.c" -mcpu=cortex-m4 -std=gnu11 -g3 -DDEBUG -DUSE_HAL_DRIVER -DSTM32F407xx -c -I../Core/Inc -I../Drivers/STM32F4xx_HAL_Driver/Inc -I../Drivers/STM32F4xx_HAL_Driver/Inc/Legacy -I../Drivers/CMSIS/Device/ST/STM32F4xx/Include -I../Drivers/CMSIS/Include -O0 -ffunction-sections -fdata-sections -Wall -fstack-usage -MMD -MP -MF"Drivers/STM32F4xx_HAL_Driver/Src/stm32f4xx_hal_pwr_ex.d" -MT"Drivers/STM32F4xx_HAL_Driver/Src/stm32f4xx_hal_pwr_ex.o" --specs=nano.specs -mfpu=fpv4-sp-d16 -mfloat-abi=hard -mthumb -o "Drivers/STM32F4xx_HAL_Driver/Src/stm32f4xx_hal_pwr_ex.o"
arm-none-eabi-gcc "../Drivers/STM32F4xx_HAL_Driver/Src/stm32f4xx_hal_rcc.c" -mcpu=cortex-m4 -std=gnu11 -g3 -DDEBUG -DUSE_HAL_DRIVER -DSTM32F407xx -c -I../Core/Inc -I../Drivers/STM32F4xx_HAL_Driver/Inc -I../Drivers/STM32F4xx_HAL_Driver/Inc/Legacy -I../Drivers/CMSIS/Device/ST/STM32F4xx/Include -I../Drivers/CMSIS/Include -O0 -ffunction-sections -fdata-sections -Wall -fstack-usage -MMD -MP -MF"Drivers/STM32F4xx_HAL_Driver/Src/stm32f4xx_hal_rcc.d" -MT"Drivers/STM32F4xx_HAL_Driver/Src/stm32f4xx_hal_rcc.o" --specs=nano.specs -mfpu=fpv4-sp-d16 -mfloat-abi=hard -mthumb -o "Drivers/STM32F4xx_HAL_Driver/Src/stm32f4xx_hal_rcc.o"
arm-none-eabi-gcc "../Drivers/STM32F4xx_HAL_Driver/Src/stm32f4xx_hal_rcc_ex.c" -mcpu=cortex-m4 -std=gnu11 -g3 -DDEBUG -DUSE_HAL_DRIVER -DSTM32F407xx -c -I../Core/Inc -I../Drivers/STM32F4xx_HAL_Driver/Inc -I../Drivers/STM32F4xx_HAL_Driver/Inc/Legacy -I../Drivers/CMSIS/Device/ST/STM32F4xx/Include -I../Drivers/CMSIS/Include -O0 -ffunction-sections -fdata-sections -Wall -fstack-usage -MMD -MP -MF"Drivers/STM32F4xx_HAL_Driver/Src/stm32f4xx_hal_rcc_ex.d" -MT"Drivers/STM32F4xx_HAL_Driver/Src/stm32f4xx_hal_rcc_ex.o" --specs=nano.specs -mfpu=fpv4-sp-d16 -mfloat-abi=hard -mthumb -o "Drivers/STM32F4xx_HAL_Driver/Src/stm32f4xx_hal_rcc_ex.o"
arm-none-eabi-gcc "../Drivers/STM32F4xx_HAL_Driver/Src/stm32f4xx_hal_tim.c" -mcpu=cortex-m4 -std=gnu11 -g3 -DDEBUG -DUSE_HAL_DRIVER -DSTM32F407xx -c -I../Core/Inc -I../Drivers/STM32F4xx_HAL_Driver/Inc -I../Drivers/STM32F4xx_HAL_Driver/Inc/Legacy -I../Drivers/CMSIS/Device/ST/STM32F4xx/Include -I../Drivers/CMSIS/Include -O0 -ffunction-sections -fdata-sections -Wall -fstack-usage -MMD -MP -MF"Drivers/STM32F4xx_HAL_Driver/Src/stm32f4xx_hal_tim.d" -MT"Drivers/STM32F4xx_HAL_Driver/Src/stm32f4xx_hal_tim.o" --specs=nano.specs -mfpu=fpv4-sp-d16 -mfloat-abi=hard -mthumb -o "Drivers/STM32F4xx_HAL_Driver/Src/stm32f4xx_hal_tim.o"
arm-none-eabi-gcc "../Drivers/STM32F4xx_HAL_Driver/Src/stm32f4xx_hal_tim_ex.c" -mcpu=cortex-m4 -std=gnu11 -g3 -DDEBUG -DUSE_HAL_DRIVER -DSTM32F407xx -c -I../Core/Inc -I../Drivers/STM32F4xx_HAL_Driver/Inc -I../Drivers/STM32F4xx_HAL_Driver/Inc/Legacy -I../Drivers/CMSIS/Device/ST/STM32F4xx/Include -I../Drivers/CMSIS/Include -O0 -ffunction-sections -fdata-sections -Wall -fstack-usage -MMD -MP -MF"Drivers/STM32F4xx_HAL_Driver/Src/stm32f4xx_hal_tim_ex.d" -MT"Drivers/STM32F4xx_HAL_Driver/Src/stm32f4xx_hal_tim_ex.o" --specs=nano.specs -mfpu=fpv4-sp-d16 -mfloat-abi=hard -mthumb -o "Drivers/STM32F4xx_HAL_Driver/Src/stm32f4xx_hal_tim_ex.o"
arm-none-eabi-gcc -mcpu=cortex-m4 -g3 -DDEBUG -c -x assembler-with-cpp -MMD -MP -MF"Core/Startup/startup_stm32f407vgtx.d" -MT"Core/Startup/startup_stm32f407vgtx.o" --specs=nano.specs -mfpu=fpv4-sp-d16 -mfloat-abi=hard -mthumb -o "Core/Startup/startup_stm32f407vgtx.o" "../Core/Startup/startup_stm32f407vgtx.s"
arm-none-eabi-gcc "../Core/Src/main.c" -mcpu=cortex-m4 -std=gnu11 -g3 -DDEBUG -DUSE_HAL_DRIVER -DSTM32F407xx -c -I../Core/Inc -I../Drivers/STM32F4xx_HAL_Driver/Inc -I../Drivers/STM32F4xx_HAL_Driver/Inc/Legacy -I../Drivers/CMSIS/Device/ST/STM32F4xx/Include -I../Drivers/CMSIS/Include -O0 -ffunction-sections -fdata-sections -Wall -fstack-usage -MMD -MP -MF"Core/Src/main.d" -MT"Core/Src/main.o" --specs=nano.specs -mfpu=fpv4-sp-d16 -mfloat-abi=hard -mthumb -o "Core/Src/main.o"
arm-none-eabi-gcc "../Core/Src/stm32f4xx_hal_msp.c" -mcpu=cortex-m4 -std=gnu11 -g3 -DDEBUG -DUSE_HAL_DRIVER -DSTM32F407xx -c -I../Core/Inc -I../Drivers/STM32F4xx_HAL_Driver/Inc -I../Drivers/STM32F4xx_HAL_Driver/Inc/Legacy -I../Drivers/CMSIS/Device/ST/STM32F4xx/Include -I../Drivers/CMSIS/Include -O0 -ffunction-sections -fdata-sections -Wall -fstack-usage -MMD -MP -MF"Core/Src/stm32f4xx_hal_msp.d" -MT"Core/Src/stm32f4xx_hal_msp.o" --specs=nano.specs -mfpu=fpv4-sp-d16 -mfloat-abi=hard -mthumb -o "Core/Src/stm32f4xx_hal_msp.o"
arm-none-eabi-gcc "../Core/Src/stm32f4xx_it.c" -mcpu=cortex-m4 -std=gnu11 -g3 -DDEBUG -DUSE_HAL_DRIVER -DSTM32F407xx -c -I../Core/Inc -I../Drivers/STM32F4xx_HAL_Driver/Inc -I../Drivers/STM32F4xx_HAL_Driver/Inc/Legacy -I../Drivers/CMSIS/Device/ST/STM32F4xx/Include -I../Drivers/CMSIS/Include -O0 -ffunction-sections -fdata-sections -Wall -fstack-usage -MMD -MP -MF"Core/Src/stm32f4xx_it.d" -MT"Core/Src/stm32f4xx_it.o" --specs=nano.specs -mfpu=fpv4-sp-d16 -mfloat-abi=hard -mthumb -o "Core/Src/stm32f4xx_it.o"
arm-none-eabi-gcc "../Core/Src/syscalls.c" -mcpu=cortex-m4 -std=gnu11 -g3 -DDEBUG -DUSE_HAL_DRIVER -DSTM32F407xx -c -I../Core/Inc -I../Drivers/STM32F4xx_HAL_Driver/Inc -I../Drivers/STM32F4xx_HAL_Driver/Inc/Legacy -I../Drivers/CMSIS/Device/ST/STM32F4xx/Include -I../Drivers/CMSIS/Include -O0 -ffunction-sections -fdata-sections -Wall -fstack-usage -MMD -MP -MF"Core/Src/syscalls.d" -MT"Core/Src/syscalls.o" --specs=nano.specs -mfpu=fpv4-sp-d16 -mfloat-abi=hard -mthumb -o "Core/Src/syscalls.o"
arm-none-eabi-gcc "../Core/Src/sysmem.c" -mcpu=cortex-m4 -std=gnu11 -g3 -DDEBUG -DUSE_HAL_DRIVER -DSTM32F407xx -c -I../Core/Inc -I../Drivers/STM32F4xx_HAL_Driver/Inc -I../Drivers/STM32F4xx_HAL_Driver/Inc/Legacy -I../Drivers/CMSIS/Device/ST/STM32F4xx/Include -I../Drivers/CMSIS/Include -O0 -ffunction-sections -fdata-sections -Wall -fstack-usage -MMD -MP -MF"Core/Src/sysmem.d" -MT"Core/Src/sysmem.o" --specs=nano.specs -mfpu=fpv4-sp-d16 -mfloat-abi=hard -mthumb -o "Core/Src/sysmem.o"
arm-none-eabi-gcc "../Core/Src/system_stm32f4xx.c" -mcpu=cortex-m4 -std=gnu11 -g3 -DDEBUG -DUSE_HAL_DRIVER -DSTM32F407xx -c -I../Core/Inc -I../Drivers/STM32F4xx_HAL_Driver/Inc -I../Drivers/STM32F4xx_HAL_Driver/Inc/Legacy -I../Drivers/CMSIS/Device/ST/STM32F4xx/Include -I../Drivers/CMSIS/Include -O0 -ffunction-sections -fdata-sections -Wall -fstack-usage -MMD -MP -MF"Core/Src/system_stm32f4xx.d" -MT"Core/Src/system_stm32f4xx.o" --specs=nano.specs -mfpu=fpv4-sp-d16 -mfloat-abi=hard -mthumb -o "Core/Src/system_stm32f4xx.o"
arm-none-eabi-gcc -o "Trabajo_SED_Domotica.elf" @"objects.list"   -mcpu=cortex-m4 -T"C:\Users\Raul\Documents\GitHub\Trabajo-Microprocesadores-SED-2021\Trabajo_SED_Domotica\STM32F407VGTX_FLASH.ld" --specs=nosys.specs -Wl,-Map="Trabajo_SED_Domotica.map" -Wl,--gc-sections -static --specs=nano.specs -mfpu=fpv4-sp-d16 -mfloat-abi=hard -mthumb -Wl,--start-group -lc -lm -Wl,--end-group
Finished building target: Trabajo_SED_Domotica.elf
 
arm-none-eabi-size   Trabajo_SED_Domotica.elf 
arm-none-eabi-objdump -h -S  Trabajo_SED_Domotica.elf  > "Trabajo_SED_Domotica.list"
   text	   data	    bss	    dec	    hex	filename
   6304	     20	   1580	   7904	   1ee0	Trabajo_SED_Domotica.elf
arm-none-eabi-objcopy  -O binary  Trabajo_SED_Domotica.elf  "Trabajo_SED_Domotica.bin"
Finished building: default.size.stdout
 
Finished building: Trabajo_SED_Domotica.bin
Finished building: Trabajo_SED_Domotica.list
 
 
20:08:04 **** Incremental Build of configuration Debug for project Trabajo_SED_Domotica ****
make -j4 all 
arm-none-eabi-size   Trabajo_SED_Domotica.elf 
   text	   data	    bss	    dec	    hex	filename
   6304	     20	   1580	   7904	   1ee0	Trabajo_SED_Domotica.elf
Finished building: default.size.stdout
 
20:24:55 **** Incremental Build of configuration Debug for project Trabajo_SED_Domotica ****
make -j4 all 
arm-none-eabi-gcc "../Drivers/STM32F4xx_HAL_Driver/Src/stm32f4xx_hal.c" -mcpu=cortex-m4 -std=gnu11 -g3 -DDEBUG -DUSE_HAL_DRIVER -DSTM32F407xx -c -I../Core/Inc -I../Drivers/STM32F4xx_HAL_Driver/Inc -I../Drivers/STM32F4xx_HAL_Driver/Inc/Legacy -I../Drivers/CMSIS/Device/ST/STM32F4xx/Include -I../Drivers/CMSIS/Include -O0 -ffunction-sections -fdata-sections -Wall -fstack-usage -MMD -MP -MF"Drivers/STM32F4xx_HAL_Driver/Src/stm32f4xx_hal.d" -MT"Drivers/STM32F4xx_HAL_Driver/Src/stm32f4xx_hal.o" --specs=nano.specs -mfpu=fpv4-sp-d16 -mfloat-abi=hard -mthumb -o "Drivers/STM32F4xx_HAL_Driver/Src/stm32f4xx_hal.o"
arm-none-eabi-gcc "../Drivers/STM32F4xx_HAL_Driver/Src/stm32f4xx_hal_cortex.c" -mcpu=cortex-m4 -std=gnu11 -g3 -DDEBUG -DUSE_HAL_DRIVER -DSTM32F407xx -c -I../Core/Inc -I../Drivers/STM32F4xx_HAL_Driver/Inc -I../Drivers/STM32F4xx_HAL_Driver/Inc/Legacy -I../Drivers/CMSIS/Device/ST/STM32F4xx/Include -I../Drivers/CMSIS/Include -O0 -ffunction-sections -fdata-sections -Wall -fstack-usage -MMD -MP -MF"Drivers/STM32F4xx_HAL_Driver/Src/stm32f4xx_hal_cortex.d" -MT"Drivers/STM32F4xx_HAL_Driver/Src/stm32f4xx_hal_cortex.o" --specs=nano.specs -mfpu=fpv4-sp-d16 -mfloat-abi=hard -mthumb -o "Drivers/STM32F4xx_HAL_Driver/Src/stm32f4xx_hal_cortex.o"
arm-none-eabi-gcc "../Drivers/STM32F4xx_HAL_Driver/Src/stm32f4xx_hal_dma.c" -mcpu=cortex-m4 -std=gnu11 -g3 -DDEBUG -DUSE_HAL_DRIVER -DSTM32F407xx -c -I../Core/Inc -I../Drivers/STM32F4xx_HAL_Driver/Inc -I../Drivers/STM32F4xx_HAL_Driver/Inc/Legacy -I../Drivers/CMSIS/Device/ST/STM32F4xx/Include -I../Drivers/CMSIS/Include -O0 -ffunction-sections -fdata-sections -Wall -fstack-usage -MMD -MP -MF"Drivers/STM32F4xx_HAL_Driver/Src/stm32f4xx_hal_dma.d" -MT"Drivers/STM32F4xx_HAL_Driver/Src/stm32f4xx_hal_dma.o" --specs=nano.specs -mfpu=fpv4-sp-d16 -mfloat-abi=hard -mthumb -o "Drivers/STM32F4xx_HAL_Driver/Src/stm32f4xx_hal_dma.o"
arm-none-eabi-gcc "../Drivers/STM32F4xx_HAL_Driver/Src/stm32f4xx_hal_dma_ex.c" -mcpu=cortex-m4 -std=gnu11 -g3 -DDEBUG -DUSE_HAL_DRIVER -DSTM32F407xx -c -I../Core/Inc -I../Drivers/STM32F4xx_HAL_Driver/Inc -I../Drivers/STM32F4xx_HAL_Driver/Inc/Legacy -I../Drivers/CMSIS/Device/ST/STM32F4xx/Include -I../Drivers/CMSIS/Include -O0 -ffunction-sections -fdata-sections -Wall -fstack-usage -MMD -MP -MF"Drivers/STM32F4xx_HAL_Driver/Src/stm32f4xx_hal_dma_ex.d" -MT"Drivers/STM32F4xx_HAL_Driver/Src/stm32f4xx_hal_dma_ex.o" --specs=nano.specs -mfpu=fpv4-sp-d16 -mfloat-abi=hard -mthumb -o "Drivers/STM32F4xx_HAL_Driver/Src/stm32f4xx_hal_dma_ex.o"
arm-none-eabi-gcc "../Drivers/STM32F4xx_HAL_Driver/Src/stm32f4xx_hal_exti.c" -mcpu=cortex-m4 -std=gnu11 -g3 -DDEBUG -DUSE_HAL_DRIVER -DSTM32F407xx -c -I../Core/Inc -I../Drivers/STM32F4xx_HAL_Driver/Inc -I../Drivers/STM32F4xx_HAL_Driver/Inc/Legacy -I../Drivers/CMSIS/Device/ST/STM32F4xx/Include -I../Drivers/CMSIS/Include -O0 -ffunction-sections -fdata-sections -Wall -fstack-usage -MMD -MP -MF"Drivers/STM32F4xx_HAL_Driver/Src/stm32f4xx_hal_exti.d" -MT"Drivers/STM32F4xx_HAL_Driver/Src/stm32f4xx_hal_exti.o" --specs=nano.specs -mfpu=fpv4-sp-d16 -mfloat-abi=hard -mthumb -o "Drivers/STM32F4xx_HAL_Driver/Src/stm32f4xx_hal_exti.o"
arm-none-eabi-gcc "../Drivers/STM32F4xx_HAL_Driver/Src/stm32f4xx_hal_flash.c" -mcpu=cortex-m4 -std=gnu11 -g3 -DDEBUG -DUSE_HAL_DRIVER -DSTM32F407xx -c -I../Core/Inc -I../Drivers/STM32F4xx_HAL_Driver/Inc -I../Drivers/STM32F4xx_HAL_Driver/Inc/Legacy -I../Drivers/CMSIS/Device/ST/STM32F4xx/Include -I../Drivers/CMSIS/Include -O0 -ffunction-sections -fdata-sections -Wall -fstack-usage -MMD -MP -MF"Drivers/STM32F4xx_HAL_Driver/Src/stm32f4xx_hal_flash.d" -MT"Drivers/STM32F4xx_HAL_Driver/Src/stm32f4xx_hal_flash.o" --specs=nano.specs -mfpu=fpv4-sp-d16 -mfloat-abi=hard -mthumb -o "Drivers/STM32F4xx_HAL_Driver/Src/stm32f4xx_hal_flash.o"
arm-none-eabi-gcc "../Drivers/STM32F4xx_HAL_Driver/Src/stm32f4xx_hal_flash_ex.c" -mcpu=cortex-m4 -std=gnu11 -g3 -DDEBUG -DUSE_HAL_DRIVER -DSTM32F407xx -c -I../Core/Inc -I../Drivers/STM32F4xx_HAL_Driver/Inc -I../Drivers/STM32F4xx_HAL_Driver/Inc/Legacy -I../Drivers/CMSIS/Device/ST/STM32F4xx/Include -I../Drivers/CMSIS/Include -O0 -ffunction-sections -fdata-sections -Wall -fstack-usage -MMD -MP -MF"Drivers/STM32F4xx_HAL_Driver/Src/stm32f4xx_hal_flash_ex.d" -MT"Drivers/STM32F4xx_HAL_Driver/Src/stm32f4xx_hal_flash_ex.o" --specs=nano.specs -mfpu=fpv4-sp-d16 -mfloat-abi=hard -mthumb -o "Drivers/STM32F4xx_HAL_Driver/Src/stm32f4xx_hal_flash_ex.o"
arm-none-eabi-gcc "../Drivers/STM32F4xx_HAL_Driver/Src/stm32f4xx_hal_flash_ramfunc.c" -mcpu=cortex-m4 -std=gnu11 -g3 -DDEBUG -DUSE_HAL_DRIVER -DSTM32F407xx -c -I../Core/Inc -I../Drivers/STM32F4xx_HAL_Driver/Inc -I../Drivers/STM32F4xx_HAL_Driver/Inc/Legacy -I../Drivers/CMSIS/Device/ST/STM32F4xx/Include -I../Drivers/CMSIS/Include -O0 -ffunction-sections -fdata-sections -Wall -fstack-usage -MMD -MP -MF"Drivers/STM32F4xx_HAL_Driver/Src/stm32f4xx_hal_flash_ramfunc.d" -MT"Drivers/STM32F4xx_HAL_Driver/Src/stm32f4xx_hal_flash_ramfunc.o" --specs=nano.specs -mfpu=fpv4-sp-d16 -mfloat-abi=hard -mthumb -o "Drivers/STM32F4xx_HAL_Driver/Src/stm32f4xx_hal_flash_ramfunc.o"
arm-none-eabi-gcc "../Drivers/STM32F4xx_HAL_Driver/Src/stm32f4xx_hal_gpio.c" -mcpu=cortex-m4 -std=gnu11 -g3 -DDEBUG -DUSE_HAL_DRIVER -DSTM32F407xx -c -I../Core/Inc -I../Drivers/STM32F4xx_HAL_Driver/Inc -I../Drivers/STM32F4xx_HAL_Driver/Inc/Legacy -I../Drivers/CMSIS/Device/ST/STM32F4xx/Include -I../Drivers/CMSIS/Include -O0 -ffunction-sections -fdata-sections -Wall -fstack-usage -MMD -MP -MF"Drivers/STM32F4xx_HAL_Driver/Src/stm32f4xx_hal_gpio.d" -MT"Drivers/STM32F4xx_HAL_Driver/Src/stm32f4xx_hal_gpio.o" --specs=nano.specs -mfpu=fpv4-sp-d16 -mfloat-abi=hard -mthumb -o "Drivers/STM32F4xx_HAL_Driver/Src/stm32f4xx_hal_gpio.o"
arm-none-eabi-gcc "../Drivers/STM32F4xx_HAL_Driver/Src/stm32f4xx_hal_pwr.c" -mcpu=cortex-m4 -std=gnu11 -g3 -DDEBUG -DUSE_HAL_DRIVER -DSTM32F407xx -c -I../Core/Inc -I../Drivers/STM32F4xx_HAL_Driver/Inc -I../Drivers/STM32F4xx_HAL_Driver/Inc/Legacy -I../Drivers/CMSIS/Device/ST/STM32F4xx/Include -I../Drivers/CMSIS/Include -O0 -ffunction-sections -fdata-sections -Wall -fstack-usage -MMD -MP -MF"Drivers/STM32F4xx_HAL_Driver/Src/stm32f4xx_hal_pwr.d" -MT"Drivers/STM32F4xx_HAL_Driver/Src/stm32f4xx_hal_pwr.o" --specs=nano.specs -mfpu=fpv4-sp-d16 -mfloat-abi=hard -mthumb -o "Drivers/STM32F4xx_HAL_Driver/Src/stm32f4xx_hal_pwr.o"
arm-none-eabi-gcc "../Drivers/STM32F4xx_HAL_Driver/Src/stm32f4xx_hal_pwr_ex.c" -mcpu=cortex-m4 -std=gnu11 -g3 -DDEBUG -DUSE_HAL_DRIVER -DSTM32F407xx -c -I../Core/Inc -I../Drivers/STM32F4xx_HAL_Driver/Inc -I../Drivers/STM32F4xx_HAL_Driver/Inc/Legacy -I../Drivers/CMSIS/Device/ST/STM32F4xx/Include -I../Drivers/CMSIS/Include -O0 -ffunction-sections -fdata-sections -Wall -fstack-usage -MMD -MP -MF"Drivers/STM32F4xx_HAL_Driver/Src/stm32f4xx_hal_pwr_ex.d" -MT"Drivers/STM32F4xx_HAL_Driver/Src/stm32f4xx_hal_pwr_ex.o" --specs=nano.specs -mfpu=fpv4-sp-d16 -mfloat-abi=hard -mthumb -o "Drivers/STM32F4xx_HAL_Driver/Src/stm32f4xx_hal_pwr_ex.o"
arm-none-eabi-gcc "../Drivers/STM32F4xx_HAL_Driver/Src/stm32f4xx_hal_rcc.c" -mcpu=cortex-m4 -std=gnu11 -g3 -DDEBUG -DUSE_HAL_DRIVER -DSTM32F407xx -c -I../Core/Inc -I../Drivers/STM32F4xx_HAL_Driver/Inc -I../Drivers/STM32F4xx_HAL_Driver/Inc/Legacy -I../Drivers/CMSIS/Device/ST/STM32F4xx/Include -I../Drivers/CMSIS/Include -O0 -ffunction-sections -fdata-sections -Wall -fstack-usage -MMD -MP -MF"Drivers/STM32F4xx_HAL_Driver/Src/stm32f4xx_hal_rcc.d" -MT"Drivers/STM32F4xx_HAL_Driver/Src/stm32f4xx_hal_rcc.o" --specs=nano.specs -mfpu=fpv4-sp-d16 -mfloat-abi=hard -mthumb -o "Drivers/STM32F4xx_HAL_Driver/Src/stm32f4xx_hal_rcc.o"
arm-none-eabi-gcc "../Drivers/STM32F4xx_HAL_Driver/Src/stm32f4xx_hal_rcc_ex.c" -mcpu=cortex-m4 -std=gnu11 -g3 -DDEBUG -DUSE_HAL_DRIVER -DSTM32F407xx -c -I../Core/Inc -I../Drivers/STM32F4xx_HAL_Driver/Inc -I../Drivers/STM32F4xx_HAL_Driver/Inc/Legacy -I../Drivers/CMSIS/Device/ST/STM32F4xx/Include -I../Drivers/CMSIS/Include -O0 -ffunction-sections -fdata-sections -Wall -fstack-usage -MMD -MP -MF"Drivers/STM32F4xx_HAL_Driver/Src/stm32f4xx_hal_rcc_ex.d" -MT"Drivers/STM32F4xx_HAL_Driver/Src/stm32f4xx_hal_rcc_ex.o" --specs=nano.specs -mfpu=fpv4-sp-d16 -mfloat-abi=hard -mthumb -o "Drivers/STM32F4xx_HAL_Driver/Src/stm32f4xx_hal_rcc_ex.o"
arm-none-eabi-gcc "../Drivers/STM32F4xx_HAL_Driver/Src/stm32f4xx_hal_tim.c" -mcpu=cortex-m4 -std=gnu11 -g3 -DDEBUG -DUSE_HAL_DRIVER -DSTM32F407xx -c -I../Core/Inc -I../Drivers/STM32F4xx_HAL_Driver/Inc -I../Drivers/STM32F4xx_HAL_Driver/Inc/Legacy -I../Drivers/CMSIS/Device/ST/STM32F4xx/Include -I../Drivers/CMSIS/Include -O0 -ffunction-sections -fdata-sections -Wall -fstack-usage -MMD -MP -MF"Drivers/STM32F4xx_HAL_Driver/Src/stm32f4xx_hal_tim.d" -MT"Drivers/STM32F4xx_HAL_Driver/Src/stm32f4xx_hal_tim.o" --specs=nano.specs -mfpu=fpv4-sp-d16 -mfloat-abi=hard -mthumb -o "Drivers/STM32F4xx_HAL_Driver/Src/stm32f4xx_hal_tim.o"
arm-none-eabi-gcc "../Drivers/STM32F4xx_HAL_Driver/Src/stm32f4xx_hal_tim_ex.c" -mcpu=cortex-m4 -std=gnu11 -g3 -DDEBUG -DUSE_HAL_DRIVER -DSTM32F407xx -c -I../Core/Inc -I../Drivers/STM32F4xx_HAL_Driver/Inc -I../Drivers/STM32F4xx_HAL_Driver/Inc/Legacy -I../Drivers/CMSIS/Device/ST/STM32F4xx/Include -I../Drivers/CMSIS/Include -O0 -ffunction-sections -fdata-sections -Wall -fstack-usage -MMD -MP -MF"Drivers/STM32F4xx_HAL_Driver/Src/stm32f4xx_hal_tim_ex.d" -MT"Drivers/STM32F4xx_HAL_Driver/Src/stm32f4xx_hal_tim_ex.o" --specs=nano.specs -mfpu=fpv4-sp-d16 -mfloat-abi=hard -mthumb -o "Drivers/STM32F4xx_HAL_Driver/Src/stm32f4xx_hal_tim_ex.o"
arm-none-eabi-gcc "../Core/Src/main.c" -mcpu=cortex-m4 -std=gnu11 -g3 -DDEBUG -DUSE_HAL_DRIVER -DSTM32F407xx -c -I../Core/Inc -I../Drivers/STM32F4xx_HAL_Driver/Inc -I../Drivers/STM32F4xx_HAL_Driver/Inc/Legacy -I../Drivers/CMSIS/Device/ST/STM32F4xx/Include -I../Drivers/CMSIS/Include -O0 -ffunction-sections -fdata-sections -Wall -fstack-usage -MMD -MP -MF"Core/Src/main.d" -MT"Core/Src/main.o" --specs=nano.specs -mfpu=fpv4-sp-d16 -mfloat-abi=hard -mthumb -o "Core/Src/main.o"
arm-none-eabi-gcc "../Core/Src/stm32f4xx_hal_msp.c" -mcpu=cortex-m4 -std=gnu11 -g3 -DDEBUG -DUSE_HAL_DRIVER -DSTM32F407xx -c -I../Core/Inc -I../Drivers/STM32F4xx_HAL_Driver/Inc -I../Drivers/STM32F4xx_HAL_Driver/Inc/Legacy -I../Drivers/CMSIS/Device/ST/STM32F4xx/Include -I../Drivers/CMSIS/Include -O0 -ffunction-sections -fdata-sections -Wall -fstack-usage -MMD -MP -MF"Core/Src/stm32f4xx_hal_msp.d" -MT"Core/Src/stm32f4xx_hal_msp.o" --specs=nano.specs -mfpu=fpv4-sp-d16 -mfloat-abi=hard -mthumb -o "Core/Src/stm32f4xx_hal_msp.o"
arm-none-eabi-gcc "../Core/Src/stm32f4xx_it.c" -mcpu=cortex-m4 -std=gnu11 -g3 -DDEBUG -DUSE_HAL_DRIVER -DSTM32F407xx -c -I../Core/Inc -I../Drivers/STM32F4xx_HAL_Driver/Inc -I../Drivers/STM32F4xx_HAL_Driver/Inc/Legacy -I../Drivers/CMSIS/Device/ST/STM32F4xx/Include -I../Drivers/CMSIS/Include -O0 -ffunction-sections -fdata-sections -Wall -fstack-usage -MMD -MP -MF"Core/Src/stm32f4xx_it.d" -MT"Core/Src/stm32f4xx_it.o" --specs=nano.specs -mfpu=fpv4-sp-d16 -mfloat-abi=hard -mthumb -o "Core/Src/stm32f4xx_it.o"
arm-none-eabi-gcc "../Core/Src/system_stm32f4xx.c" -mcpu=cortex-m4 -std=gnu11 -g3 -DDEBUG -DUSE_HAL_DRIVER -DSTM32F407xx -c -I../Core/Inc -I../Drivers/STM32F4xx_HAL_Driver/Inc -I../Drivers/STM32F4xx_HAL_Driver/Inc/Legacy -I../Drivers/CMSIS/Device/ST/STM32F4xx/Include -I../Drivers/CMSIS/Include -O0 -ffunction-sections -fdata-sections -Wall -fstack-usage -MMD -MP -MF"Core/Src/system_stm32f4xx.d" -MT"Core/Src/system_stm32f4xx.o" --specs=nano.specs -mfpu=fpv4-sp-d16 -mfloat-abi=hard -mthumb -o "Core/Src/system_stm32f4xx.o"
arm-none-eabi-gcc -o "Trabajo_SED_Domotica.elf" @"objects.list"   -mcpu=cortex-m4 -T"C:\Users\Raul\Documents\GitHub\Trabajo-Microprocesadores-SED-2021\Trabajo_SED_Domotica\STM32F407VGTX_FLASH.ld" --specs=nosys.specs -Wl,-Map="Trabajo_SED_Domotica.map" -Wl,--gc-sections -static --specs=nano.specs -mfpu=fpv4-sp-d16 -mfloat-abi=hard -mthumb -Wl,--start-group -lc -lm -Wl,--end-group
Finished building target: Trabajo_SED_Domotica.elf
 
arm-none-eabi-size   Trabajo_SED_Domotica.elf 
arm-none-eabi-objdump -h -S  Trabajo_SED_Domotica.elf  > "Trabajo_SED_Domotica.list"
   text	   data	    bss	    dec	    hex	filename
   6388	     20	   1588	   7996	   1f3c	Trabajo_SED_Domotica.elf
arm-none-eabi-objcopy  -O binary  Trabajo_SED_Domotica.elf  "Trabajo_SED_Domotica.bin"
Finished building: default.size.stdout
 
Finished building: Trabajo_SED_Domotica.bin
Finished building: Trabajo_SED_Domotica.list
 
 
20:25:05 **** Incremental Build of configuration Debug for project Trabajo_SED_Domotica ****
make -j4 all 
arm-none-eabi-size   Trabajo_SED_Domotica.elf 
   text	   data	    bss	    dec	    hex	filename
   6388	     20	   1588	   7996	   1f3c	Trabajo_SED_Domotica.elf
Finished building: default.size.stdout
 
20:37:49 **** Incremental Build of configuration Debug for project Trabajo_SED_Domotica ****
make -j4 all 
arm-none-eabi-gcc "../Core/Src/main.c" -mcpu=cortex-m4 -std=gnu11 -g3 -DDEBUG -DUSE_HAL_DRIVER -DSTM32F407xx -c -I../Core/Inc -I../Drivers/STM32F4xx_HAL_Driver/Inc -I../Drivers/STM32F4xx_HAL_Driver/Inc/Legacy -I../Drivers/CMSIS/Device/ST/STM32F4xx/Include -I../Drivers/CMSIS/Include -O0 -ffunction-sections -fdata-sections -Wall -fstack-usage -MMD -MP -MF"Core/Src/main.d" -MT"Core/Src/main.o" --specs=nano.specs -mfpu=fpv4-sp-d16 -mfloat-abi=hard -mthumb -o "Core/Src/main.o"
arm-none-eabi-gcc -o "Trabajo_SED_Domotica.elf" @"objects.list"   -mcpu=cortex-m4 -T"C:\Users\Raul\Documents\GitHub\Trabajo-Microprocesadores-SED-2021\Trabajo_SED_Domotica\STM32F407VGTX_FLASH.ld" --specs=nosys.specs -Wl,-Map="Trabajo_SED_Domotica.map" -Wl,--gc-sections -static --specs=nano.specs -mfpu=fpv4-sp-d16 -mfloat-abi=hard -mthumb -Wl,--start-group -lc -lm -Wl,--end-group
Finished building target: Trabajo_SED_Domotica.elf
 
arm-none-eabi-size   Trabajo_SED_Domotica.elf 
arm-none-eabi-objdump -h -S  Trabajo_SED_Domotica.elf  > "Trabajo_SED_Domotica.list"
   text	   data	    bss	    dec	    hex	filename
   6388	     20	   1588	   7996	   1f3c	Trabajo_SED_Domotica.elf
arm-none-eabi-objcopy  -O binary  Trabajo_SED_Domotica.elf  "Trabajo_SED_Domotica.bin"
Finished building: default.size.stdout
 
Finished building: Trabajo_SED_Domotica.bin
Finished building: Trabajo_SED_Domotica.list
 
 
20:37:53 **** Incremental Build of configuration Debug for project Trabajo_SED_Domotica ****
make -j4 all 
arm-none-eabi-size   Trabajo_SED_Domotica.elf 
   text	   data	    bss	    dec	    hex	filename
   6388	     20	   1588	   7996	   1f3c	Trabajo_SED_Domotica.elf
Finished building: default.size.stdout
 
20:39:39 **** Incremental Build of configuration Debug for project Trabajo_SED_Domotica ****
make -j4 all 
arm-none-eabi-gcc "../Core/Src/main.c" -mcpu=cortex-m4 -std=gnu11 -g3 -DDEBUG -DUSE_HAL_DRIVER -DSTM32F407xx -c -I../Core/Inc -I../Drivers/STM32F4xx_HAL_Driver/Inc -I../Drivers/STM32F4xx_HAL_Driver/Inc/Legacy -I../Drivers/CMSIS/Device/ST/STM32F4xx/Include -I../Drivers/CMSIS/Include -O0 -ffunction-sections -fdata-sections -Wall -fstack-usage -MMD -MP -MF"Core/Src/main.d" -MT"Core/Src/main.o" --specs=nano.specs -mfpu=fpv4-sp-d16 -mfloat-abi=hard -mthumb -o "Core/Src/main.o"
arm-none-eabi-gcc -o "Trabajo_SED_Domotica.elf" @"objects.list"   -mcpu=cortex-m4 -T"C:\Users\Raul\Documents\GitHub\Trabajo-Microprocesadores-SED-2021\Trabajo_SED_Domotica\STM32F407VGTX_FLASH.ld" --specs=nosys.specs -Wl,-Map="Trabajo_SED_Domotica.map" -Wl,--gc-sections -static --specs=nano.specs -mfpu=fpv4-sp-d16 -mfloat-abi=hard -mthumb -Wl,--start-group -lc -lm -Wl,--end-group
Finished building target: Trabajo_SED_Domotica.elf
 
arm-none-eabi-size   Trabajo_SED_Domotica.elf 
arm-none-eabi-objdump -h -S  Trabajo_SED_Domotica.elf  > "Trabajo_SED_Domotica.list"
   text	   data	    bss	    dec	    hex	filename
   6388	     20	   1588	   7996	   1f3c	Trabajo_SED_Domotica.elf
arm-none-eabi-objcopy  -O binary  Trabajo_SED_Domotica.elf  "Trabajo_SED_Domotica.bin"
Finished building: default.size.stdout
 
Finished building: Trabajo_SED_Domotica.bin
Finished building: Trabajo_SED_Domotica.list
 
 
20:54:08 **** Incremental Build of configuration Debug for project Trabajo_SED_Domotica ****
make -j4 all 
arm-none-eabi-gcc "../Core/Src/main.c" -mcpu=cortex-m4 -std=gnu11 -g3 -DDEBUG -DUSE_HAL_DRIVER -DSTM32F407xx -c -I../Core/Inc -I../Drivers/STM32F4xx_HAL_Driver/Inc -I../Drivers/STM32F4xx_HAL_Driver/Inc/Legacy -I../Drivers/CMSIS/Device/ST/STM32F4xx/Include -I../Drivers/CMSIS/Include -O0 -ffunction-sections -fdata-sections -Wall -fstack-usage -MMD -MP -MF"Core/Src/main.d" -MT"Core/Src/main.o" --specs=nano.specs -mfpu=fpv4-sp-d16 -mfloat-abi=hard -mthumb -o "Core/Src/main.o"
../Core/Src/main.c: In function 'HAL_GPIO_EXTI_Callback':
../Core/Src/main.c:62:3: error: break statement not within loop or switch
   62 |   break;
      |   ^~~~~
../Core/Src/main.c:63:2: error: case label not within a switch statement
   63 |  case (GPIO_PIN_1):
      |  ^~~~
../Core/Src/main.c:65:3: error: break statement not within loop or switch
   65 |   break;
      |   ^~~~~
make: *** [Core/Src/subdir.mk:34: Core/Src/main.o] Error 1
"make -j4 all" terminated with exit code 2. Build might be incomplete.
20:55:18 **** Incremental Build of configuration Debug for project Trabajo_SED_Domotica ****
make -j4 all 
arm-none-eabi-gcc "../Core/Src/main.c" -mcpu=cortex-m4 -std=gnu11 -g3 -DDEBUG -DUSE_HAL_DRIVER -DSTM32F407xx -c -I../Core/Inc -I../Drivers/STM32F4xx_HAL_Driver/Inc -I../Drivers/STM32F4xx_HAL_Driver/Inc/Legacy -I../Drivers/CMSIS/Device/ST/STM32F4xx/Include -I../Drivers/CMSIS/Include -O0 -ffunction-sections -fdata-sections -Wall -fstack-usage -MMD -MP -MF"Core/Src/main.d" -MT"Core/Src/main.o" --specs=nano.specs -mfpu=fpv4-sp-d16 -mfloat-abi=hard -mthumb -o "Core/Src/main.o"
arm-none-eabi-gcc -o "Trabajo_SED_Domotica.elf" @"objects.list"   -mcpu=cortex-m4 -T"C:\Users\Raul\Documents\GitHub\Trabajo-Microprocesadores-SED-2021\Trabajo_SED_Domotica\STM32F407VGTX_FLASH.ld" --specs=nosys.specs -Wl,-Map="Trabajo_SED_Domotica.map" -Wl,--gc-sections -static --specs=nano.specs -mfpu=fpv4-sp-d16 -mfloat-abi=hard -mthumb -Wl,--start-group -lc -lm -Wl,--end-group
Finished building target: Trabajo_SED_Domotica.elf
 
arm-none-eabi-size   Trabajo_SED_Domotica.elf 
arm-none-eabi-objdump -h -S  Trabajo_SED_Domotica.elf  > "Trabajo_SED_Domotica.list"
   text	   data	    bss	    dec	    hex	filename
   6400	     20	   1588	   8008	   1f48	Trabajo_SED_Domotica.elf
arm-none-eabi-objcopy  -O binary  Trabajo_SED_Domotica.elf  "Trabajo_SED_Domotica.bin"
Finished building: default.size.stdout
 
Finished building: Trabajo_SED_Domotica.bin
Finished building: Trabajo_SED_Domotica.list
 
 
20:55:25 **** Incremental Build of configuration Debug for project Trabajo_SED_Domotica ****
make -j4 all 
arm-none-eabi-size   Trabajo_SED_Domotica.elf 
   text	   data	    bss	    dec	    hex	filename
   6400	     20	   1588	   8008	   1f48	Trabajo_SED_Domotica.elf
Finished building: default.size.stdout
 
20:55:59 **** Incremental Build of configuration Debug for project Trabajo_SED_Domotica ****
make -j4 all 
arm-none-eabi-size   Trabajo_SED_Domotica.elf 
   text	   data	    bss	    dec	    hex	filename
   6400	     20	   1588	   8008	   1f48	Trabajo_SED_Domotica.elf
Finished building: default.size.stdout
 
20:57:29 **** Incremental Build of configuration Debug for project Trabajo_SED_Domotica ****
make -j4 all 
arm-none-eabi-gcc "../Core/Src/main.c" -mcpu=cortex-m4 -std=gnu11 -g3 -DDEBUG -DUSE_HAL_DRIVER -DSTM32F407xx -c -I../Core/Inc -I../Drivers/STM32F4xx_HAL_Driver/Inc -I../Drivers/STM32F4xx_HAL_Driver/Inc/Legacy -I../Drivers/CMSIS/Device/ST/STM32F4xx/Include -I../Drivers/CMSIS/Include -O0 -ffunction-sections -fdata-sections -Wall -fstack-usage -MMD -MP -MF"Core/Src/main.d" -MT"Core/Src/main.o" --specs=nano.specs -mfpu=fpv4-sp-d16 -mfloat-abi=hard -mthumb -o "Core/Src/main.o"
arm-none-eabi-gcc -o "Trabajo_SED_Domotica.elf" @"objects.list"   -mcpu=cortex-m4 -T"C:\Users\Raul\Documents\GitHub\Trabajo-Microprocesadores-SED-2021\Trabajo_SED_Domotica\STM32F407VGTX_FLASH.ld" --specs=nosys.specs -Wl,-Map="Trabajo_SED_Domotica.map" -Wl,--gc-sections -static --specs=nano.specs -mfpu=fpv4-sp-d16 -mfloat-abi=hard -mthumb -Wl,--start-group -lc -lm -Wl,--end-group
Finished building target: Trabajo_SED_Domotica.elf
 
arm-none-eabi-size   Trabajo_SED_Domotica.elf 
arm-none-eabi-objdump -h -S  Trabajo_SED_Domotica.elf  > "Trabajo_SED_Domotica.list"
   text	   data	    bss	    dec	    hex	filename
   6400	     20	   1588	   8008	   1f48	Trabajo_SED_Domotica.elf
arm-none-eabi-objcopy  -O binary  Trabajo_SED_Domotica.elf  "Trabajo_SED_Domotica.bin"
Finished building: default.size.stdout
 
Finished building: Trabajo_SED_Domotica.bin
Finished building: Trabajo_SED_Domotica.list
 
 
20:57:34 **** Incremental Build of configuration Debug for project Trabajo_SED_Domotica ****
make -j4 all 
arm-none-eabi-size   Trabajo_SED_Domotica.elf 
   text	   data	    bss	    dec	    hex	filename
   6400	     20	   1588	   8008	   1f48	Trabajo_SED_Domotica.elf
Finished building: default.size.stdout
 
21:03:25 **** Incremental Build of configuration Debug for project Trabajo_SED_Domotica ****
make -j4 all 
arm-none-eabi-gcc "../Core/Src/main.c" -mcpu=cortex-m4 -std=gnu11 -g3 -DDEBUG -DUSE_HAL_DRIVER -DSTM32F407xx -c -I../Core/Inc -I../Drivers/STM32F4xx_HAL_Driver/Inc -I../Drivers/STM32F4xx_HAL_Driver/Inc/Legacy -I../Drivers/CMSIS/Device/ST/STM32F4xx/Include -I../Drivers/CMSIS/Include -O0 -ffunction-sections -fdata-sections -Wall -fstack-usage -MMD -MP -MF"Core/Src/main.d" -MT"Core/Src/main.o" --specs=nano.specs -mfpu=fpv4-sp-d16 -mfloat-abi=hard -mthumb -o "Core/Src/main.o"
arm-none-eabi-gcc -o "Trabajo_SED_Domotica.elf" @"objects.list"   -mcpu=cortex-m4 -T"C:\Users\Raul\Documents\GitHub\Trabajo-Microprocesadores-SED-2021\Trabajo_SED_Domotica\STM32F407VGTX_FLASH.ld" --specs=nosys.specs -Wl,-Map="Trabajo_SED_Domotica.map" -Wl,--gc-sections -static --specs=nano.specs -mfpu=fpv4-sp-d16 -mfloat-abi=hard -mthumb -Wl,--start-group -lc -lm -Wl,--end-group
Finished building target: Trabajo_SED_Domotica.elf
 
arm-none-eabi-size   Trabajo_SED_Domotica.elf 
arm-none-eabi-objdump -h -S  Trabajo_SED_Domotica.elf  > "Trabajo_SED_Domotica.list"
   text	   data	    bss	    dec	    hex	filename
   6396	     20	   1620	   8036	   1f64	Trabajo_SED_Domotica.elf
arm-none-eabi-objcopy  -O binary  Trabajo_SED_Domotica.elf  "Trabajo_SED_Domotica.bin"
Finished building: default.size.stdout
 
Finished building: Trabajo_SED_Domotica.bin
Finished building: Trabajo_SED_Domotica.list
 
 
21:03:32 **** Incremental Build of configuration Debug for project Trabajo_SED_Domotica ****
make -j4 all 
arm-none-eabi-size   Trabajo_SED_Domotica.elf 
   text	   data	    bss	    dec	    hex	filename
   6396	     20	   1620	   8036	   1f64	Trabajo_SED_Domotica.elf
Finished building: default.size.stdout
 
21:10:28 **** Incremental Build of configuration Debug for project Trabajo_SED_Domotica ****
make -j4 all 
arm-none-eabi-gcc "../Core/Src/main.c" -mcpu=cortex-m4 -std=gnu11 -g3 -DDEBUG -DUSE_HAL_DRIVER -DSTM32F407xx -c -I../Core/Inc -I../Drivers/STM32F4xx_HAL_Driver/Inc -I../Drivers/STM32F4xx_HAL_Driver/Inc/Legacy -I../Drivers/CMSIS/Device/ST/STM32F4xx/Include -I../Drivers/CMSIS/Include -O0 -ffunction-sections -fdata-sections -Wall -fstack-usage -MMD -MP -MF"Core/Src/main.d" -MT"Core/Src/main.o" --specs=nano.specs -mfpu=fpv4-sp-d16 -mfloat-abi=hard -mthumb -o "Core/Src/main.o"
arm-none-eabi-gcc -o "Trabajo_SED_Domotica.elf" @"objects.list"   -mcpu=cortex-m4 -T"C:\Users\Raul\Documents\GitHub\Trabajo-Microprocesadores-SED-2021\Trabajo_SED_Domotica\STM32F407VGTX_FLASH.ld" --specs=nosys.specs -Wl,-Map="Trabajo_SED_Domotica.map" -Wl,--gc-sections -static --specs=nano.specs -mfpu=fpv4-sp-d16 -mfloat-abi=hard -mthumb -Wl,--start-group -lc -lm -Wl,--end-group
Finished building target: Trabajo_SED_Domotica.elf
 
arm-none-eabi-size   Trabajo_SED_Domotica.elf 
arm-none-eabi-objdump -h -S  Trabajo_SED_Domotica.elf  > "Trabajo_SED_Domotica.list"
   text	   data	    bss	    dec	    hex	filename
   6472	     20	   1620	   8112	   1fb0	Trabajo_SED_Domotica.elf
arm-none-eabi-objcopy  -O binary  Trabajo_SED_Domotica.elf  "Trabajo_SED_Domotica.bin"
Finished building: default.size.stdout
 
Finished building: Trabajo_SED_Domotica.bin
Finished building: Trabajo_SED_Domotica.list
 
 
21:10:41 **** Incremental Build of configuration Debug for project Trabajo_SED_Domotica ****
make -j4 all 
arm-none-eabi-size   Trabajo_SED_Domotica.elf 
   text	   data	    bss	    dec	    hex	filename
   6472	     20	   1620	   8112	   1fb0	Trabajo_SED_Domotica.elf
Finished building: default.size.stdout
 
16:08:06 **** Build of configuration Debug for project Trabajo_SED_Domotica ****
make -j4 all 
arm-none-eabi-size   Trabajo_SED_Domotica.elf 
   text	   data	    bss	    dec	    hex	filename
   6472	     20	   1620	   8112	   1fb0	Trabajo_SED_Domotica.elf
Finished building: default.size.stdout
 
16:08:58 **** Incremental Build of configuration Debug for project Trabajo_SED_Domotica ****
make -j4 all 
arm-none-eabi-gcc "../Drivers/STM32F4xx_HAL_Driver/Src/stm32f4xx_hal.c" -mcpu=cortex-m4 -std=gnu11 -g3 -DDEBUG -DUSE_HAL_DRIVER -DSTM32F407xx -c -I../Core/Inc -I../Drivers/STM32F4xx_HAL_Driver/Inc -I../Drivers/STM32F4xx_HAL_Driver/Inc/Legacy -I../Drivers/CMSIS/Device/ST/STM32F4xx/Include -I../Drivers/CMSIS/Include -O0 -ffunction-sections -fdata-sections -Wall -fstack-usage -MMD -MP -MF"Drivers/STM32F4xx_HAL_Driver/Src/stm32f4xx_hal.d" -MT"Drivers/STM32F4xx_HAL_Driver/Src/stm32f4xx_hal.o" --specs=nano.specs -mfpu=fpv4-sp-d16 -mfloat-abi=hard -mthumb -o "Drivers/STM32F4xx_HAL_Driver/Src/stm32f4xx_hal.o"
arm-none-eabi-gcc "../Drivers/STM32F4xx_HAL_Driver/Src/stm32f4xx_hal_cortex.c" -mcpu=cortex-m4 -std=gnu11 -g3 -DDEBUG -DUSE_HAL_DRIVER -DSTM32F407xx -c -I../Core/Inc -I../Drivers/STM32F4xx_HAL_Driver/Inc -I../Drivers/STM32F4xx_HAL_Driver/Inc/Legacy -I../Drivers/CMSIS/Device/ST/STM32F4xx/Include -I../Drivers/CMSIS/Include -O0 -ffunction-sections -fdata-sections -Wall -fstack-usage -MMD -MP -MF"Drivers/STM32F4xx_HAL_Driver/Src/stm32f4xx_hal_cortex.d" -MT"Drivers/STM32F4xx_HAL_Driver/Src/stm32f4xx_hal_cortex.o" --specs=nano.specs -mfpu=fpv4-sp-d16 -mfloat-abi=hard -mthumb -o "Drivers/STM32F4xx_HAL_Driver/Src/stm32f4xx_hal_cortex.o"
arm-none-eabi-gcc "../Drivers/STM32F4xx_HAL_Driver/Src/stm32f4xx_hal_dma.c" -mcpu=cortex-m4 -std=gnu11 -g3 -DDEBUG -DUSE_HAL_DRIVER -DSTM32F407xx -c -I../Core/Inc -I../Drivers/STM32F4xx_HAL_Driver/Inc -I../Drivers/STM32F4xx_HAL_Driver/Inc/Legacy -I../Drivers/CMSIS/Device/ST/STM32F4xx/Include -I../Drivers/CMSIS/Include -O0 -ffunction-sections -fdata-sections -Wall -fstack-usage -MMD -MP -MF"Drivers/STM32F4xx_HAL_Driver/Src/stm32f4xx_hal_dma.d" -MT"Drivers/STM32F4xx_HAL_Driver/Src/stm32f4xx_hal_dma.o" --specs=nano.specs -mfpu=fpv4-sp-d16 -mfloat-abi=hard -mthumb -o "Drivers/STM32F4xx_HAL_Driver/Src/stm32f4xx_hal_dma.o"
arm-none-eabi-gcc "../Drivers/STM32F4xx_HAL_Driver/Src/stm32f4xx_hal_dma_ex.c" -mcpu=cortex-m4 -std=gnu11 -g3 -DDEBUG -DUSE_HAL_DRIVER -DSTM32F407xx -c -I../Core/Inc -I../Drivers/STM32F4xx_HAL_Driver/Inc -I../Drivers/STM32F4xx_HAL_Driver/Inc/Legacy -I../Drivers/CMSIS/Device/ST/STM32F4xx/Include -I../Drivers/CMSIS/Include -O0 -ffunction-sections -fdata-sections -Wall -fstack-usage -MMD -MP -MF"Drivers/STM32F4xx_HAL_Driver/Src/stm32f4xx_hal_dma_ex.d" -MT"Drivers/STM32F4xx_HAL_Driver/Src/stm32f4xx_hal_dma_ex.o" --specs=nano.specs -mfpu=fpv4-sp-d16 -mfloat-abi=hard -mthumb -o "Drivers/STM32F4xx_HAL_Driver/Src/stm32f4xx_hal_dma_ex.o"
arm-none-eabi-gcc "../Drivers/STM32F4xx_HAL_Driver/Src/stm32f4xx_hal_exti.c" -mcpu=cortex-m4 -std=gnu11 -g3 -DDEBUG -DUSE_HAL_DRIVER -DSTM32F407xx -c -I../Core/Inc -I../Drivers/STM32F4xx_HAL_Driver/Inc -I../Drivers/STM32F4xx_HAL_Driver/Inc/Legacy -I../Drivers/CMSIS/Device/ST/STM32F4xx/Include -I../Drivers/CMSIS/Include -O0 -ffunction-sections -fdata-sections -Wall -fstack-usage -MMD -MP -MF"Drivers/STM32F4xx_HAL_Driver/Src/stm32f4xx_hal_exti.d" -MT"Drivers/STM32F4xx_HAL_Driver/Src/stm32f4xx_hal_exti.o" --specs=nano.specs -mfpu=fpv4-sp-d16 -mfloat-abi=hard -mthumb -o "Drivers/STM32F4xx_HAL_Driver/Src/stm32f4xx_hal_exti.o"
arm-none-eabi-gcc "../Drivers/STM32F4xx_HAL_Driver/Src/stm32f4xx_hal_flash.c" -mcpu=cortex-m4 -std=gnu11 -g3 -DDEBUG -DUSE_HAL_DRIVER -DSTM32F407xx -c -I../Core/Inc -I../Drivers/STM32F4xx_HAL_Driver/Inc -I../Drivers/STM32F4xx_HAL_Driver/Inc/Legacy -I../Drivers/CMSIS/Device/ST/STM32F4xx/Include -I../Drivers/CMSIS/Include -O0 -ffunction-sections -fdata-sections -Wall -fstack-usage -MMD -MP -MF"Drivers/STM32F4xx_HAL_Driver/Src/stm32f4xx_hal_flash.d" -MT"Drivers/STM32F4xx_HAL_Driver/Src/stm32f4xx_hal_flash.o" --specs=nano.specs -mfpu=fpv4-sp-d16 -mfloat-abi=hard -mthumb -o "Drivers/STM32F4xx_HAL_Driver/Src/stm32f4xx_hal_flash.o"
arm-none-eabi-gcc "../Drivers/STM32F4xx_HAL_Driver/Src/stm32f4xx_hal_flash_ex.c" -mcpu=cortex-m4 -std=gnu11 -g3 -DDEBUG -DUSE_HAL_DRIVER -DSTM32F407xx -c -I../Core/Inc -I../Drivers/STM32F4xx_HAL_Driver/Inc -I../Drivers/STM32F4xx_HAL_Driver/Inc/Legacy -I../Drivers/CMSIS/Device/ST/STM32F4xx/Include -I../Drivers/CMSIS/Include -O0 -ffunction-sections -fdata-sections -Wall -fstack-usage -MMD -MP -MF"Drivers/STM32F4xx_HAL_Driver/Src/stm32f4xx_hal_flash_ex.d" -MT"Drivers/STM32F4xx_HAL_Driver/Src/stm32f4xx_hal_flash_ex.o" --specs=nano.specs -mfpu=fpv4-sp-d16 -mfloat-abi=hard -mthumb -o "Drivers/STM32F4xx_HAL_Driver/Src/stm32f4xx_hal_flash_ex.o"
arm-none-eabi-gcc "../Drivers/STM32F4xx_HAL_Driver/Src/stm32f4xx_hal_flash_ramfunc.c" -mcpu=cortex-m4 -std=gnu11 -g3 -DDEBUG -DUSE_HAL_DRIVER -DSTM32F407xx -c -I../Core/Inc -I../Drivers/STM32F4xx_HAL_Driver/Inc -I../Drivers/STM32F4xx_HAL_Driver/Inc/Legacy -I../Drivers/CMSIS/Device/ST/STM32F4xx/Include -I../Drivers/CMSIS/Include -O0 -ffunction-sections -fdata-sections -Wall -fstack-usage -MMD -MP -MF"Drivers/STM32F4xx_HAL_Driver/Src/stm32f4xx_hal_flash_ramfunc.d" -MT"Drivers/STM32F4xx_HAL_Driver/Src/stm32f4xx_hal_flash_ramfunc.o" --specs=nano.specs -mfpu=fpv4-sp-d16 -mfloat-abi=hard -mthumb -o "Drivers/STM32F4xx_HAL_Driver/Src/stm32f4xx_hal_flash_ramfunc.o"
arm-none-eabi-gcc "../Drivers/STM32F4xx_HAL_Driver/Src/stm32f4xx_hal_gpio.c" -mcpu=cortex-m4 -std=gnu11 -g3 -DDEBUG -DUSE_HAL_DRIVER -DSTM32F407xx -c -I../Core/Inc -I../Drivers/STM32F4xx_HAL_Driver/Inc -I../Drivers/STM32F4xx_HAL_Driver/Inc/Legacy -I../Drivers/CMSIS/Device/ST/STM32F4xx/Include -I../Drivers/CMSIS/Include -O0 -ffunction-sections -fdata-sections -Wall -fstack-usage -MMD -MP -MF"Drivers/STM32F4xx_HAL_Driver/Src/stm32f4xx_hal_gpio.d" -MT"Drivers/STM32F4xx_HAL_Driver/Src/stm32f4xx_hal_gpio.o" --specs=nano.specs -mfpu=fpv4-sp-d16 -mfloat-abi=hard -mthumb -o "Drivers/STM32F4xx_HAL_Driver/Src/stm32f4xx_hal_gpio.o"
arm-none-eabi-gcc "../Drivers/STM32F4xx_HAL_Driver/Src/stm32f4xx_hal_i2c.c" -mcpu=cortex-m4 -std=gnu11 -g3 -DDEBUG -DUSE_HAL_DRIVER -DSTM32F407xx -c -I../Core/Inc -I../Drivers/STM32F4xx_HAL_Driver/Inc -I../Drivers/STM32F4xx_HAL_Driver/Inc/Legacy -I../Drivers/CMSIS/Device/ST/STM32F4xx/Include -I../Drivers/CMSIS/Include -O0 -ffunction-sections -fdata-sections -Wall -fstack-usage -MMD -MP -MF"Drivers/STM32F4xx_HAL_Driver/Src/stm32f4xx_hal_i2c.d" -MT"Drivers/STM32F4xx_HAL_Driver/Src/stm32f4xx_hal_i2c.o" --specs=nano.specs -mfpu=fpv4-sp-d16 -mfloat-abi=hard -mthumb -o "Drivers/STM32F4xx_HAL_Driver/Src/stm32f4xx_hal_i2c.o"
arm-none-eabi-gcc "../Drivers/STM32F4xx_HAL_Driver/Src/stm32f4xx_hal_i2c_ex.c" -mcpu=cortex-m4 -std=gnu11 -g3 -DDEBUG -DUSE_HAL_DRIVER -DSTM32F407xx -c -I../Core/Inc -I../Drivers/STM32F4xx_HAL_Driver/Inc -I../Drivers/STM32F4xx_HAL_Driver/Inc/Legacy -I../Drivers/CMSIS/Device/ST/STM32F4xx/Include -I../Drivers/CMSIS/Include -O0 -ffunction-sections -fdata-sections -Wall -fstack-usage -MMD -MP -MF"Drivers/STM32F4xx_HAL_Driver/Src/stm32f4xx_hal_i2c_ex.d" -MT"Drivers/STM32F4xx_HAL_Driver/Src/stm32f4xx_hal_i2c_ex.o" --specs=nano.specs -mfpu=fpv4-sp-d16 -mfloat-abi=hard -mthumb -o "Drivers/STM32F4xx_HAL_Driver/Src/stm32f4xx_hal_i2c_ex.o"
arm-none-eabi-gcc "../Drivers/STM32F4xx_HAL_Driver/Src/stm32f4xx_hal_pwr.c" -mcpu=cortex-m4 -std=gnu11 -g3 -DDEBUG -DUSE_HAL_DRIVER -DSTM32F407xx -c -I../Core/Inc -I../Drivers/STM32F4xx_HAL_Driver/Inc -I../Drivers/STM32F4xx_HAL_Driver/Inc/Legacy -I../Drivers/CMSIS/Device/ST/STM32F4xx/Include -I../Drivers/CMSIS/Include -O0 -ffunction-sections -fdata-sections -Wall -fstack-usage -MMD -MP -MF"Drivers/STM32F4xx_HAL_Driver/Src/stm32f4xx_hal_pwr.d" -MT"Drivers/STM32F4xx_HAL_Driver/Src/stm32f4xx_hal_pwr.o" --specs=nano.specs -mfpu=fpv4-sp-d16 -mfloat-abi=hard -mthumb -o "Drivers/STM32F4xx_HAL_Driver/Src/stm32f4xx_hal_pwr.o"
arm-none-eabi-gcc "../Drivers/STM32F4xx_HAL_Driver/Src/stm32f4xx_hal_pwr_ex.c" -mcpu=cortex-m4 -std=gnu11 -g3 -DDEBUG -DUSE_HAL_DRIVER -DSTM32F407xx -c -I../Core/Inc -I../Drivers/STM32F4xx_HAL_Driver/Inc -I../Drivers/STM32F4xx_HAL_Driver/Inc/Legacy -I../Drivers/CMSIS/Device/ST/STM32F4xx/Include -I../Drivers/CMSIS/Include -O0 -ffunction-sections -fdata-sections -Wall -fstack-usage -MMD -MP -MF"Drivers/STM32F4xx_HAL_Driver/Src/stm32f4xx_hal_pwr_ex.d" -MT"Drivers/STM32F4xx_HAL_Driver/Src/stm32f4xx_hal_pwr_ex.o" --specs=nano.specs -mfpu=fpv4-sp-d16 -mfloat-abi=hard -mthumb -o "Drivers/STM32F4xx_HAL_Driver/Src/stm32f4xx_hal_pwr_ex.o"
arm-none-eabi-gcc "../Drivers/STM32F4xx_HAL_Driver/Src/stm32f4xx_hal_rcc.c" -mcpu=cortex-m4 -std=gnu11 -g3 -DDEBUG -DUSE_HAL_DRIVER -DSTM32F407xx -c -I../Core/Inc -I../Drivers/STM32F4xx_HAL_Driver/Inc -I../Drivers/STM32F4xx_HAL_Driver/Inc/Legacy -I../Drivers/CMSIS/Device/ST/STM32F4xx/Include -I../Drivers/CMSIS/Include -O0 -ffunction-sections -fdata-sections -Wall -fstack-usage -MMD -MP -MF"Drivers/STM32F4xx_HAL_Driver/Src/stm32f4xx_hal_rcc.d" -MT"Drivers/STM32F4xx_HAL_Driver/Src/stm32f4xx_hal_rcc.o" --specs=nano.specs -mfpu=fpv4-sp-d16 -mfloat-abi=hard -mthumb -o "Drivers/STM32F4xx_HAL_Driver/Src/stm32f4xx_hal_rcc.o"
arm-none-eabi-gcc "../Drivers/STM32F4xx_HAL_Driver/Src/stm32f4xx_hal_rcc_ex.c" -mcpu=cortex-m4 -std=gnu11 -g3 -DDEBUG -DUSE_HAL_DRIVER -DSTM32F407xx -c -I../Core/Inc -I../Drivers/STM32F4xx_HAL_Driver/Inc -I../Drivers/STM32F4xx_HAL_Driver/Inc/Legacy -I../Drivers/CMSIS/Device/ST/STM32F4xx/Include -I../Drivers/CMSIS/Include -O0 -ffunction-sections -fdata-sections -Wall -fstack-usage -MMD -MP -MF"Drivers/STM32F4xx_HAL_Driver/Src/stm32f4xx_hal_rcc_ex.d" -MT"Drivers/STM32F4xx_HAL_Driver/Src/stm32f4xx_hal_rcc_ex.o" --specs=nano.specs -mfpu=fpv4-sp-d16 -mfloat-abi=hard -mthumb -o "Drivers/STM32F4xx_HAL_Driver/Src/stm32f4xx_hal_rcc_ex.o"
arm-none-eabi-gcc "../Drivers/STM32F4xx_HAL_Driver/Src/stm32f4xx_hal_tim.c" -mcpu=cortex-m4 -std=gnu11 -g3 -DDEBUG -DUSE_HAL_DRIVER -DSTM32F407xx -c -I../Core/Inc -I../Drivers/STM32F4xx_HAL_Driver/Inc -I../Drivers/STM32F4xx_HAL_Driver/Inc/Legacy -I../Drivers/CMSIS/Device/ST/STM32F4xx/Include -I../Drivers/CMSIS/Include -O0 -ffunction-sections -fdata-sections -Wall -fstack-usage -MMD -MP -MF"Drivers/STM32F4xx_HAL_Driver/Src/stm32f4xx_hal_tim.d" -MT"Drivers/STM32F4xx_HAL_Driver/Src/stm32f4xx_hal_tim.o" --specs=nano.specs -mfpu=fpv4-sp-d16 -mfloat-abi=hard -mthumb -o "Drivers/STM32F4xx_HAL_Driver/Src/stm32f4xx_hal_tim.o"
arm-none-eabi-gcc "../Drivers/STM32F4xx_HAL_Driver/Src/stm32f4xx_hal_tim_ex.c" -mcpu=cortex-m4 -std=gnu11 -g3 -DDEBUG -DUSE_HAL_DRIVER -DSTM32F407xx -c -I../Core/Inc -I../Drivers/STM32F4xx_HAL_Driver/Inc -I../Drivers/STM32F4xx_HAL_Driver/Inc/Legacy -I../Drivers/CMSIS/Device/ST/STM32F4xx/Include -I../Drivers/CMSIS/Include -O0 -ffunction-sections -fdata-sections -Wall -fstack-usage -MMD -MP -MF"Drivers/STM32F4xx_HAL_Driver/Src/stm32f4xx_hal_tim_ex.d" -MT"Drivers/STM32F4xx_HAL_Driver/Src/stm32f4xx_hal_tim_ex.o" --specs=nano.specs -mfpu=fpv4-sp-d16 -mfloat-abi=hard -mthumb -o "Drivers/STM32F4xx_HAL_Driver/Src/stm32f4xx_hal_tim_ex.o"
arm-none-eabi-gcc "../Core/Src/main.c" -mcpu=cortex-m4 -std=gnu11 -g3 -DDEBUG -DUSE_HAL_DRIVER -DSTM32F407xx -c -I../Core/Inc -I../Drivers/STM32F4xx_HAL_Driver/Inc -I../Drivers/STM32F4xx_HAL_Driver/Inc/Legacy -I../Drivers/CMSIS/Device/ST/STM32F4xx/Include -I../Drivers/CMSIS/Include -O0 -ffunction-sections -fdata-sections -Wall -fstack-usage -MMD -MP -MF"Core/Src/main.d" -MT"Core/Src/main.o" --specs=nano.specs -mfpu=fpv4-sp-d16 -mfloat-abi=hard -mthumb -o "Core/Src/main.o"
arm-none-eabi-gcc "../Core/Src/stm32f4xx_hal_msp.c" -mcpu=cortex-m4 -std=gnu11 -g3 -DDEBUG -DUSE_HAL_DRIVER -DSTM32F407xx -c -I../Core/Inc -I../Drivers/STM32F4xx_HAL_Driver/Inc -I../Drivers/STM32F4xx_HAL_Driver/Inc/Legacy -I../Drivers/CMSIS/Device/ST/STM32F4xx/Include -I../Drivers/CMSIS/Include -O0 -ffunction-sections -fdata-sections -Wall -fstack-usage -MMD -MP -MF"Core/Src/stm32f4xx_hal_msp.d" -MT"Core/Src/stm32f4xx_hal_msp.o" --specs=nano.specs -mfpu=fpv4-sp-d16 -mfloat-abi=hard -mthumb -o "Core/Src/stm32f4xx_hal_msp.o"
arm-none-eabi-gcc "../Core/Src/stm32f4xx_it.c" -mcpu=cortex-m4 -std=gnu11 -g3 -DDEBUG -DUSE_HAL_DRIVER -DSTM32F407xx -c -I../Core/Inc -I../Drivers/STM32F4xx_HAL_Driver/Inc -I../Drivers/STM32F4xx_HAL_Driver/Inc/Legacy -I../Drivers/CMSIS/Device/ST/STM32F4xx/Include -I../Drivers/CMSIS/Include -O0 -ffunction-sections -fdata-sections -Wall -fstack-usage -MMD -MP -MF"Core/Src/stm32f4xx_it.d" -MT"Core/Src/stm32f4xx_it.o" --specs=nano.specs -mfpu=fpv4-sp-d16 -mfloat-abi=hard -mthumb -o "Core/Src/stm32f4xx_it.o"
arm-none-eabi-gcc "../Core/Src/system_stm32f4xx.c" -mcpu=cortex-m4 -std=gnu11 -g3 -DDEBUG -DUSE_HAL_DRIVER -DSTM32F407xx -c -I../Core/Inc -I../Drivers/STM32F4xx_HAL_Driver/Inc -I../Drivers/STM32F4xx_HAL_Driver/Inc/Legacy -I../Drivers/CMSIS/Device/ST/STM32F4xx/Include -I../Drivers/CMSIS/Include -O0 -ffunction-sections -fdata-sections -Wall -fstack-usage -MMD -MP -MF"Core/Src/system_stm32f4xx.d" -MT"Core/Src/system_stm32f4xx.o" --specs=nano.specs -mfpu=fpv4-sp-d16 -mfloat-abi=hard -mthumb -o "Core/Src/system_stm32f4xx.o"
arm-none-eabi-gcc -o "Trabajo_SED_Domotica.elf" @"objects.list"   -mcpu=cortex-m4 -T"C:\Users\Raul\Documents\GitHub\Trabajo-Microprocesadores-SED-2021\Trabajo_SED_Domotica\STM32F407VGTX_FLASH.ld" --specs=nosys.specs -Wl,-Map="Trabajo_SED_Domotica.map" -Wl,--gc-sections -static --specs=nano.specs -mfpu=fpv4-sp-d16 -mfloat-abi=hard -mthumb -Wl,--start-group -lc -lm -Wl,--end-group
Finished building target: Trabajo_SED_Domotica.elf
 
arm-none-eabi-size   Trabajo_SED_Domotica.elf 
arm-none-eabi-objdump -h -S  Trabajo_SED_Domotica.elf  > "Trabajo_SED_Domotica.list"
   text	   data	    bss	    dec	    hex	filename
   7460	     20	   1700	   9180	   23dc	Trabajo_SED_Domotica.elf
arm-none-eabi-objcopy  -O binary  Trabajo_SED_Domotica.elf  "Trabajo_SED_Domotica.bin"
Finished building: default.size.stdout
 
Finished building: Trabajo_SED_Domotica.bin
Finished building: Trabajo_SED_Domotica.list
 
 
16:10:21 **** Incremental Build of configuration Debug for project Trabajo_SED_Domotica ****
make -j4 all 
arm-none-eabi-gcc "../Core/Src/main.c" -mcpu=cortex-m4 -std=gnu11 -g3 -DDEBUG -DUSE_HAL_DRIVER -DSTM32F407xx -c -I../Core/Inc -I../Drivers/STM32F4xx_HAL_Driver/Inc -I../Drivers/STM32F4xx_HAL_Driver/Inc/Legacy -I../Drivers/CMSIS/Device/ST/STM32F4xx/Include -I../Drivers/CMSIS/Include -O0 -ffunction-sections -fdata-sections -Wall -fstack-usage -MMD -MP -MF"Core/Src/main.d" -MT"Core/Src/main.o" --specs=nano.specs -mfpu=fpv4-sp-d16 -mfloat-abi=hard -mthumb -o "Core/Src/main.o"
arm-none-eabi-gcc -o "Trabajo_SED_Domotica.elf" @"objects.list"   -mcpu=cortex-m4 -T"C:\Users\Raul\Documents\GitHub\Trabajo-Microprocesadores-SED-2021\Trabajo_SED_Domotica\STM32F407VGTX_FLASH.ld" --specs=nosys.specs -Wl,-Map="Trabajo_SED_Domotica.map" -Wl,--gc-sections -static --specs=nano.specs -mfpu=fpv4-sp-d16 -mfloat-abi=hard -mthumb -Wl,--start-group -lc -lm -Wl,--end-group
Finished building target: Trabajo_SED_Domotica.elf
 
arm-none-eabi-size   Trabajo_SED_Domotica.elf 
arm-none-eabi-objdump -h -S  Trabajo_SED_Domotica.elf  > "Trabajo_SED_Domotica.list"
   text	   data	    bss	    dec	    hex	filename
   9004	     20	   1700	  10724	   29e4	Trabajo_SED_Domotica.elf
arm-none-eabi-objcopy  -O binary  Trabajo_SED_Domotica.elf  "Trabajo_SED_Domotica.bin"
Finished building: default.size.stdout
 
Finished building: Trabajo_SED_Domotica.list
Finished building: Trabajo_SED_Domotica.bin
 
 
16:10:31 **** Incremental Build of configuration Debug for project Trabajo_SED_Domotica ****
make -j4 all 
arm-none-eabi-gcc "../Core/Src/main.c" -mcpu=cortex-m4 -std=gnu11 -g3 -DDEBUG -DUSE_HAL_DRIVER -DSTM32F407xx -c -I../Core/Inc -I../Drivers/STM32F4xx_HAL_Driver/Inc -I../Drivers/STM32F4xx_HAL_Driver/Inc/Legacy -I../Drivers/CMSIS/Device/ST/STM32F4xx/Include -I../Drivers/CMSIS/Include -O0 -ffunction-sections -fdata-sections -Wall -fstack-usage -MMD -MP -MF"Core/Src/main.d" -MT"Core/Src/main.o" --specs=nano.specs -mfpu=fpv4-sp-d16 -mfloat-abi=hard -mthumb -o "Core/Src/main.o"
arm-none-eabi-gcc -o "Trabajo_SED_Domotica.elf" @"objects.list"   -mcpu=cortex-m4 -T"C:\Users\Raul\Documents\GitHub\Trabajo-Microprocesadores-SED-2021\Trabajo_SED_Domotica\STM32F407VGTX_FLASH.ld" --specs=nosys.specs -Wl,-Map="Trabajo_SED_Domotica.map" -Wl,--gc-sections -static --specs=nano.specs -mfpu=fpv4-sp-d16 -mfloat-abi=hard -mthumb -Wl,--start-group -lc -lm -Wl,--end-group
Finished building target: Trabajo_SED_Domotica.elf
 
arm-none-eabi-size   Trabajo_SED_Domotica.elf 
arm-none-eabi-objdump -h -S  Trabajo_SED_Domotica.elf  > "Trabajo_SED_Domotica.list"
   text	   data	    bss	    dec	    hex	filename
   9004	     20	   1700	  10724	   29e4	Trabajo_SED_Domotica.elf
arm-none-eabi-objcopy  -O binary  Trabajo_SED_Domotica.elf  "Trabajo_SED_Domotica.bin"
Finished building: default.size.stdout
 
Finished building: Trabajo_SED_Domotica.list
Finished building: Trabajo_SED_Domotica.bin
 
 
16:10:46 **** Incremental Build of configuration Debug for project Trabajo_SED_Domotica ****
make -j4 all 
arm-none-eabi-size   Trabajo_SED_Domotica.elf 
   text	   data	    bss	    dec	    hex	filename
   9004	     20	   1700	  10724	   29e4	Trabajo_SED_Domotica.elf
Finished building: default.size.stdout
 
16:18:59 **** Incremental Build of configuration Debug for project Trabajo_SED_Domotica ****
make -j4 all 
arm-none-eabi-gcc "../Core/Src/main.c" -mcpu=cortex-m4 -std=gnu11 -g3 -DDEBUG -DUSE_HAL_DRIVER -DSTM32F407xx -c -I../Core/Inc -I../Drivers/STM32F4xx_HAL_Driver/Inc -I../Drivers/STM32F4xx_HAL_Driver/Inc/Legacy -I../Drivers/CMSIS/Device/ST/STM32F4xx/Include -I../Drivers/CMSIS/Include -O0 -ffunction-sections -fdata-sections -Wall -fstack-usage -MMD -MP -MF"Core/Src/main.d" -MT"Core/Src/main.o" --specs=nano.specs -mfpu=fpv4-sp-d16 -mfloat-abi=hard -mthumb -o "Core/Src/main.o"
../Core/Src/main.c: In function 'main':
../Core/Src/main.c:152:14: error: lvalue required as increment operand
  152 |         datos++;
      |              ^~
make: *** [Core/Src/subdir.mk:34: Core/Src/main.o] Error 1
"make -j4 all" terminated with exit code 2. Build might be incomplete.
16:19:17 **** Incremental Build of configuration Debug for project Trabajo_SED_Domotica ****
make -j4 all 
arm-none-eabi-gcc "../Core/Src/main.c" -mcpu=cortex-m4 -std=gnu11 -g3 -DDEBUG -DUSE_HAL_DRIVER -DSTM32F407xx -c -I../Core/Inc -I../Drivers/STM32F4xx_HAL_Driver/Inc -I../Drivers/STM32F4xx_HAL_Driver/Inc/Legacy -I../Drivers/CMSIS/Device/ST/STM32F4xx/Include -I../Drivers/CMSIS/Include -O0 -ffunction-sections -fdata-sections -Wall -fstack-usage -MMD -MP -MF"Core/Src/main.d" -MT"Core/Src/main.o" --specs=nano.specs -mfpu=fpv4-sp-d16 -mfloat-abi=hard -mthumb -o "Core/Src/main.o"
arm-none-eabi-gcc -o "Trabajo_SED_Domotica.elf" @"objects.list"   -mcpu=cortex-m4 -T"C:\Users\Raul\Documents\GitHub\Trabajo-Microprocesadores-SED-2021\Trabajo_SED_Domotica\STM32F407VGTX_FLASH.ld" --specs=nosys.specs -Wl,-Map="Trabajo_SED_Domotica.map" -Wl,--gc-sections -static --specs=nano.specs -mfpu=fpv4-sp-d16 -mfloat-abi=hard -mthumb -Wl,--start-group -lc -lm -Wl,--end-group
Finished building target: Trabajo_SED_Domotica.elf
 
arm-none-eabi-size   Trabajo_SED_Domotica.elf 
arm-none-eabi-objdump -h -S  Trabajo_SED_Domotica.elf  > "Trabajo_SED_Domotica.list"
   text	   data	    bss	    dec	    hex	filename
   9020	     20	   1700	  10740	   29f4	Trabajo_SED_Domotica.elf
arm-none-eabi-objcopy  -O binary  Trabajo_SED_Domotica.elf  "Trabajo_SED_Domotica.bin"
Finished building: default.size.stdout
 
Finished building: Trabajo_SED_Domotica.bin
Finished building: Trabajo_SED_Domotica.list
 
 
16:21:17 **** Incremental Build of configuration Debug for project Trabajo_SED_Domotica ****
make -j4 all 
arm-none-eabi-gcc "../Core/Src/main.c" -mcpu=cortex-m4 -std=gnu11 -g3 -DDEBUG -DUSE_HAL_DRIVER -DSTM32F407xx -c -I../Core/Inc -I../Drivers/STM32F4xx_HAL_Driver/Inc -I../Drivers/STM32F4xx_HAL_Driver/Inc/Legacy -I../Drivers/CMSIS/Device/ST/STM32F4xx/Include -I../Drivers/CMSIS/Include -O0 -ffunction-sections -fdata-sections -Wall -fstack-usage -MMD -MP -MF"Core/Src/main.d" -MT"Core/Src/main.o" --specs=nano.specs -mfpu=fpv4-sp-d16 -mfloat-abi=hard -mthumb -o "Core/Src/main.o"
arm-none-eabi-gcc -o "Trabajo_SED_Domotica.elf" @"objects.list"   -mcpu=cortex-m4 -T"C:\Users\Raul\Documents\GitHub\Trabajo-Microprocesadores-SED-2021\Trabajo_SED_Domotica\STM32F407VGTX_FLASH.ld" --specs=nosys.specs -Wl,-Map="Trabajo_SED_Domotica.map" -Wl,--gc-sections -static --specs=nano.specs -mfpu=fpv4-sp-d16 -mfloat-abi=hard -mthumb -Wl,--start-group -lc -lm -Wl,--end-group
Finished building target: Trabajo_SED_Domotica.elf
 
arm-none-eabi-size   Trabajo_SED_Domotica.elf 
arm-none-eabi-objdump -h -S  Trabajo_SED_Domotica.elf  > "Trabajo_SED_Domotica.list"
   text	   data	    bss	    dec	    hex	filename
   9020	     20	   1700	  10740	   29f4	Trabajo_SED_Domotica.elf
arm-none-eabi-objcopy  -O binary  Trabajo_SED_Domotica.elf  "Trabajo_SED_Domotica.bin"
Finished building: default.size.stdout
 
Finished building: Trabajo_SED_Domotica.bin
Finished building: Trabajo_SED_Domotica.list
 
 
16:21:26 **** Incremental Build of configuration Debug for project Trabajo_SED_Domotica ****
make -j4 all 
arm-none-eabi-gcc "../Core/Src/main.c" -mcpu=cortex-m4 -std=gnu11 -g3 -DDEBUG -DUSE_HAL_DRIVER -DSTM32F407xx -c -I../Core/Inc -I../Drivers/STM32F4xx_HAL_Driver/Inc -I../Drivers/STM32F4xx_HAL_Driver/Inc/Legacy -I../Drivers/CMSIS/Device/ST/STM32F4xx/Include -I../Drivers/CMSIS/Include -O0 -ffunction-sections -fdata-sections -Wall -fstack-usage -MMD -MP -MF"Core/Src/main.d" -MT"Core/Src/main.o" --specs=nano.specs -mfpu=fpv4-sp-d16 -mfloat-abi=hard -mthumb -o "Core/Src/main.o"
arm-none-eabi-gcc -o "Trabajo_SED_Domotica.elf" @"objects.list"   -mcpu=cortex-m4 -T"C:\Users\Raul\Documents\GitHub\Trabajo-Microprocesadores-SED-2021\Trabajo_SED_Domotica\STM32F407VGTX_FLASH.ld" --specs=nosys.specs -Wl,-Map="Trabajo_SED_Domotica.map" -Wl,--gc-sections -static --specs=nano.specs -mfpu=fpv4-sp-d16 -mfloat-abi=hard -mthumb -Wl,--start-group -lc -lm -Wl,--end-group
Finished building target: Trabajo_SED_Domotica.elf
 
arm-none-eabi-size   Trabajo_SED_Domotica.elf 
arm-none-eabi-objdump -h -S  Trabajo_SED_Domotica.elf  > "Trabajo_SED_Domotica.list"
   text	   data	    bss	    dec	    hex	filename
   9020	     20	   1700	  10740	   29f4	Trabajo_SED_Domotica.elf
arm-none-eabi-objcopy  -O binary  Trabajo_SED_Domotica.elf  "Trabajo_SED_Domotica.bin"
Finished building: default.size.stdout
 
Finished building: Trabajo_SED_Domotica.bin
Finished building: Trabajo_SED_Domotica.list
 
 
16:21:37 **** Incremental Build of configuration Debug for project Trabajo_SED_Domotica ****
make -j4 all 
arm-none-eabi-size   Trabajo_SED_Domotica.elf 
   text	   data	    bss	    dec	    hex	filename
   9020	     20	   1700	  10740	   29f4	Trabajo_SED_Domotica.elf
Finished building: default.size.stdout
 
16:40:34 **** Incremental Build of configuration Debug for project Trabajo_SED_Domotica ****
make -j4 all 
arm-none-eabi-gcc "../Core/Src/main.c" -mcpu=cortex-m4 -std=gnu11 -g3 -DDEBUG -DUSE_HAL_DRIVER -DSTM32F407xx -c -I../Core/Inc -I../Drivers/STM32F4xx_HAL_Driver/Inc -I../Drivers/STM32F4xx_HAL_Driver/Inc/Legacy -I../Drivers/CMSIS/Device/ST/STM32F4xx/Include -I../Drivers/CMSIS/Include -O0 -ffunction-sections -fdata-sections -Wall -fstack-usage -MMD -MP -MF"Core/Src/main.d" -MT"Core/Src/main.o" --specs=nano.specs -mfpu=fpv4-sp-d16 -mfloat-abi=hard -mthumb -o "Core/Src/main.o"
../Core/Src/main.c: In function 'mostrarpalabra':
../Core/Src/main.c:108:57: warning: 'sizeof' on array function parameter 'palabra' will return size of 'uint8_t *' {aka 'unsigned char *'} [-Wsizeof-array-argument]
  108 |  HAL_I2C_Master_Transmit(&hi2c1, 0x8<<1, palabra, sizeof(palabra), 50);
      |                                                         ^
../Core/Src/main.c:107:29: note: declared here
  107 | void mostrarpalabra(uint8_t palabra[] ){
      |                     ~~~~~~~~^~~~~~~~~
../Core/Src/main.c: In function 'main':
../Core/Src/main.c:155:24: warning: pointer targets in passing argument 1 of 'mostrarpalabra' differ in signedness [-Wpointer-sign]
  155 |         mostrarpalabra("ey mu wenas a todos");
      |                        ^~~~~~~~~~~~~~~~~~~~~
      |                        |
      |                        char *
../Core/Src/main.c:107:29: note: expected 'uint8_t *' {aka 'unsigned char *'} but argument is of type 'char *'
  107 | void mostrarpalabra(uint8_t palabra[] ){
      |                     ~~~~~~~~^~~~~~~~~
../Core/Src/main.c:147:11: warning: unused variable 'datos' [-Wunused-variable]
  147 |   uint8_t datos[5]="hola ";
      |           ^~~~~
arm-none-eabi-gcc -o "Trabajo_SED_Domotica.elf" @"objects.list"   -mcpu=cortex-m4 -T"C:\Users\Raul\Documents\GitHub\Trabajo-Microprocesadores-SED-2021\Trabajo_SED_Domotica\STM32F407VGTX_FLASH.ld" --specs=nosys.specs -Wl,-Map="Trabajo_SED_Domotica.map" -Wl,--gc-sections -static --specs=nano.specs -mfpu=fpv4-sp-d16 -mfloat-abi=hard -mthumb -Wl,--start-group -lc -lm -Wl,--end-group
Finished building target: Trabajo_SED_Domotica.elf
 
arm-none-eabi-size   Trabajo_SED_Domotica.elf 
arm-none-eabi-objdump -h -S  Trabajo_SED_Domotica.elf  > "Trabajo_SED_Domotica.list"
   text	   data	    bss	    dec	    hex	filename
   9064	     20	   1700	  10784	   2a20	Trabajo_SED_Domotica.elf
arm-none-eabi-objcopy  -O binary  Trabajo_SED_Domotica.elf  "Trabajo_SED_Domotica.bin"
Finished building: default.size.stdout
 
Finished building: Trabajo_SED_Domotica.bin
 
Finished building: Trabajo_SED_Domotica.list
 
16:40:52 **** Incremental Build of configuration Debug for project Trabajo_SED_Domotica ****
make -j4 all 
arm-none-eabi-gcc "../Core/Src/main.c" -mcpu=cortex-m4 -std=gnu11 -g3 -DDEBUG -DUSE_HAL_DRIVER -DSTM32F407xx -c -I../Core/Inc -I../Drivers/STM32F4xx_HAL_Driver/Inc -I../Drivers/STM32F4xx_HAL_Driver/Inc/Legacy -I../Drivers/CMSIS/Device/ST/STM32F4xx/Include -I../Drivers/CMSIS/Include -O0 -ffunction-sections -fdata-sections -Wall -fstack-usage -MMD -MP -MF"Core/Src/main.d" -MT"Core/Src/main.o" --specs=nano.specs -mfpu=fpv4-sp-d16 -mfloat-abi=hard -mthumb -o "Core/Src/main.o"
../Core/Src/main.c: In function 'mostrarpalabra':
../Core/Src/main.c:108:57: warning: 'sizeof' on array function parameter 'palabra' will return size of 'uint8_t *' {aka 'unsigned char *'} [-Wsizeof-array-argument]
  108 |  HAL_I2C_Master_Transmit(&hi2c1, 0x8<<1, palabra, sizeof(palabra), 50);
      |                                                         ^
../Core/Src/main.c:107:29: note: declared here
  107 | void mostrarpalabra(uint8_t palabra[] ){
      |                     ~~~~~~~~^~~~~~~~~
../Core/Src/main.c: In function 'main':
../Core/Src/main.c:155:24: warning: pointer targets in passing argument 1 of 'mostrarpalabra' differ in signedness [-Wpointer-sign]
  155 |         mostrarpalabra("ey mu wenas a todos");
      |                        ^~~~~~~~~~~~~~~~~~~~~
      |                        |
      |                        char *
../Core/Src/main.c:107:29: note: expected 'uint8_t *' {aka 'unsigned char *'} but argument is of type 'char *'
  107 | void mostrarpalabra(uint8_t palabra[] ){
      |                     ~~~~~~~~^~~~~~~~~
arm-none-eabi-gcc -o "Trabajo_SED_Domotica.elf" @"objects.list"   -mcpu=cortex-m4 -T"C:\Users\Raul\Documents\GitHub\Trabajo-Microprocesadores-SED-2021\Trabajo_SED_Domotica\STM32F407VGTX_FLASH.ld" --specs=nosys.specs -Wl,-Map="Trabajo_SED_Domotica.map" -Wl,--gc-sections -static --specs=nano.specs -mfpu=fpv4-sp-d16 -mfloat-abi=hard -mthumb -Wl,--start-group -lc -lm -Wl,--end-group
Finished building target: Trabajo_SED_Domotica.elf
 
arm-none-eabi-size   Trabajo_SED_Domotica.elf 
arm-none-eabi-objdump -h -S  Trabajo_SED_Domotica.elf  > "Trabajo_SED_Domotica.list"
   text	   data	    bss	    dec	    hex	filename
   9036	     20	   1700	  10756	   2a04	Trabajo_SED_Domotica.elf
arm-none-eabi-objcopy  -O binary  Trabajo_SED_Domotica.elf  "Trabajo_SED_Domotica.bin"
Finished building: default.size.stdout
 
Finished building: Trabajo_SED_Domotica.bin
 
Finished building: Trabajo_SED_Domotica.list
 
16:42:28 **** Incremental Build of configuration Debug for project Trabajo_SED_Domotica ****
make -j4 all 
arm-none-eabi-gcc "../Core/Src/main.c" -mcpu=cortex-m4 -std=gnu11 -g3 -DDEBUG -DUSE_HAL_DRIVER -DSTM32F407xx -c -I../Core/Inc -I../Drivers/STM32F4xx_HAL_Driver/Inc -I../Drivers/STM32F4xx_HAL_Driver/Inc/Legacy -I../Drivers/CMSIS/Device/ST/STM32F4xx/Include -I../Drivers/CMSIS/Include -O0 -ffunction-sections -fdata-sections -Wall -fstack-usage -MMD -MP -MF"Core/Src/main.d" -MT"Core/Src/main.o" --specs=nano.specs -mfpu=fpv4-sp-d16 -mfloat-abi=hard -mthumb -o "Core/Src/main.o"
../Core/Src/main.c: In function 'mostrarpalabra':
../Core/Src/main.c:108:57: warning: 'sizeof' on array function parameter 'palabra' will return size of 'char *' [-Wsizeof-array-argument]
  108 |  HAL_I2C_Master_Transmit(&hi2c1, 0x8<<1, palabra, sizeof(palabra), 50);
      |                                                         ^
../Core/Src/main.c:107:26: note: declared here
  107 | void mostrarpalabra(char palabra[] ){
      |                     ~~~~~^~~~~~~~~
../Core/Src/main.c:108:42: warning: pointer targets in passing argument 3 of 'HAL_I2C_Master_Transmit' differ in signedness [-Wpointer-sign]
  108 |  HAL_I2C_Master_Transmit(&hi2c1, 0x8<<1, palabra, sizeof(palabra), 50);
      |                                          ^~~~~~~
      |                                          |
      |                                          char *
In file included from ../Core/Inc/stm32f4xx_hal_conf.h:359,
                 from ../Drivers/STM32F4xx_HAL_Driver/Inc/stm32f4xx_hal.h:30,
                 from ../Core/Inc/main.h:30,
                 from ../Core/Src/main.c:20:
../Drivers/STM32F4xx_HAL_Driver/Inc/stm32f4xx_hal_i2c.h:567:98: note: expected 'uint8_t *' {aka 'unsigned char *'} but argument is of type 'char *'
  567 | HAL_StatusTypeDef HAL_I2C_Master_Transmit(I2C_HandleTypeDef *hi2c, uint16_t DevAddress, uint8_t *pData, uint16_t Size, uint32_t Timeout);
      |                                                                                         ~~~~~~~~~^~~~~
arm-none-eabi-gcc -o "Trabajo_SED_Domotica.elf" @"objects.list"   -mcpu=cortex-m4 -T"C:\Users\Raul\Documents\GitHub\Trabajo-Microprocesadores-SED-2021\Trabajo_SED_Domotica\STM32F407VGTX_FLASH.ld" --specs=nosys.specs -Wl,-Map="Trabajo_SED_Domotica.map" -Wl,--gc-sections -static --specs=nano.specs -mfpu=fpv4-sp-d16 -mfloat-abi=hard -mthumb -Wl,--start-group -lc -lm -Wl,--end-group
Finished building target: Trabajo_SED_Domotica.elf
 
arm-none-eabi-size   Trabajo_SED_Domotica.elf 
arm-none-eabi-objdump -h -S  Trabajo_SED_Domotica.elf  > "Trabajo_SED_Domotica.list"
   text	   data	    bss	    dec	    hex	filename
   9036	     20	   1700	  10756	   2a04	Trabajo_SED_Domotica.elf
arm-none-eabi-objcopy  -O binary  Trabajo_SED_Domotica.elf  "Trabajo_SED_Domotica.bin"
Finished building: default.size.stdout
 
Finished building: Trabajo_SED_Domotica.bin
Finished building: Trabajo_SED_Domotica.list
 
 
16:42:35 **** Incremental Build of configuration Debug for project Trabajo_SED_Domotica ****
make -j4 all 
arm-none-eabi-gcc "../Core/Src/main.c" -mcpu=cortex-m4 -std=gnu11 -g3 -DDEBUG -DUSE_HAL_DRIVER -DSTM32F407xx -c -I../Core/Inc -I../Drivers/STM32F4xx_HAL_Driver/Inc -I../Drivers/STM32F4xx_HAL_Driver/Inc/Legacy -I../Drivers/CMSIS/Device/ST/STM32F4xx/Include -I../Drivers/CMSIS/Include -O0 -ffunction-sections -fdata-sections -Wall -fstack-usage -MMD -MP -MF"Core/Src/main.d" -MT"Core/Src/main.o" --specs=nano.specs -mfpu=fpv4-sp-d16 -mfloat-abi=hard -mthumb -o "Core/Src/main.o"
../Core/Src/main.c: In function 'mostrarpalabra':
../Core/Src/main.c:108:57: warning: 'sizeof' on array function parameter 'palabra' will return size of 'const char *' [-Wsizeof-array-argument]
  108 |  HAL_I2C_Master_Transmit(&hi2c1, 0x8<<1, palabra, sizeof(palabra), 50);
      |                                                         ^
../Core/Src/main.c:107:32: note: declared here
  107 | void mostrarpalabra(const char palabra[] ){
      |                     ~~~~~~~~~~~^~~~~~~~~
../Core/Src/main.c:108:42: warning: passing argument 3 of 'HAL_I2C_Master_Transmit' discards 'const' qualifier from pointer target type [-Wdiscarded-qualifiers]
  108 |  HAL_I2C_Master_Transmit(&hi2c1, 0x8<<1, palabra, sizeof(palabra), 50);
      |                                          ^~~~~~~
In file included from ../Core/Inc/stm32f4xx_hal_conf.h:359,
                 from ../Drivers/STM32F4xx_HAL_Driver/Inc/stm32f4xx_hal.h:30,
                 from ../Core/Inc/main.h:30,
                 from ../Core/Src/main.c:20:
../Drivers/STM32F4xx_HAL_Driver/Inc/stm32f4xx_hal_i2c.h:567:98: note: expected 'uint8_t *' {aka 'unsigned char *'} but argument is of type 'const char *'
  567 | HAL_StatusTypeDef HAL_I2C_Master_Transmit(I2C_HandleTypeDef *hi2c, uint16_t DevAddress, uint8_t *pData, uint16_t Size, uint32_t Timeout);
      |                                                                                         ~~~~~~~~~^~~~~
arm-none-eabi-gcc -o "Trabajo_SED_Domotica.elf" @"objects.list"   -mcpu=cortex-m4 -T"C:\Users\Raul\Documents\GitHub\Trabajo-Microprocesadores-SED-2021\Trabajo_SED_Domotica\STM32F407VGTX_FLASH.ld" --specs=nosys.specs -Wl,-Map="Trabajo_SED_Domotica.map" -Wl,--gc-sections -static --specs=nano.specs -mfpu=fpv4-sp-d16 -mfloat-abi=hard -mthumb -Wl,--start-group -lc -lm -Wl,--end-group
Finished building target: Trabajo_SED_Domotica.elf
 
arm-none-eabi-size   Trabajo_SED_Domotica.elf 
arm-none-eabi-objdump -h -S  Trabajo_SED_Domotica.elf  > "Trabajo_SED_Domotica.list"
   text	   data	    bss	    dec	    hex	filename
   9036	     20	   1700	  10756	   2a04	Trabajo_SED_Domotica.elf
arm-none-eabi-objcopy  -O binary  Trabajo_SED_Domotica.elf  "Trabajo_SED_Domotica.bin"
Finished building: default.size.stdout
 
Finished building: Trabajo_SED_Domotica.list
Finished building: Trabajo_SED_Domotica.bin
 
 
16:43:18 **** Incremental Build of configuration Debug for project Trabajo_SED_Domotica ****
make -j4 all 
arm-none-eabi-gcc "../Core/Src/main.c" -mcpu=cortex-m4 -std=gnu11 -g3 -DDEBUG -DUSE_HAL_DRIVER -DSTM32F407xx -c -I../Core/Inc -I../Drivers/STM32F4xx_HAL_Driver/Inc -I../Drivers/STM32F4xx_HAL_Driver/Inc/Legacy -I../Drivers/CMSIS/Device/ST/STM32F4xx/Include -I../Drivers/CMSIS/Include -O0 -ffunction-sections -fdata-sections -Wall -fstack-usage -MMD -MP -MF"Core/Src/main.d" -MT"Core/Src/main.o" --specs=nano.specs -mfpu=fpv4-sp-d16 -mfloat-abi=hard -mthumb -o "Core/Src/main.o"
../Core/Src/main.c: In function 'mostrarpalabra':
../Core/Src/main.c:108:51: warning: implicit declaration of function 'strlen' [-Wimplicit-function-declaration]
  108 |  HAL_I2C_Master_Transmit(&hi2c1, 0x8<<1, palabra, strlen(palabra), 50);
      |                                                   ^~~~~~
../Core/Src/main.c:108:51: warning: incompatible implicit declaration of built-in function 'strlen'
../Core/Src/main.c:25:1: note: include '<string.h>' or provide a declaration of 'strlen'
   24 | #include "stdlib.h"
  +++ |+#include <string.h>
   25 | /* USER CODE END Includes */
../Core/Src/main.c:108:42: warning: passing argument 3 of 'HAL_I2C_Master_Transmit' discards 'const' qualifier from pointer target type [-Wdiscarded-qualifiers]
  108 |  HAL_I2C_Master_Transmit(&hi2c1, 0x8<<1, palabra, strlen(palabra), 50);
      |                                          ^~~~~~~
In file included from ../Core/Inc/stm32f4xx_hal_conf.h:359,
                 from ../Drivers/STM32F4xx_HAL_Driver/Inc/stm32f4xx_hal.h:30,
                 from ../Core/Inc/main.h:30,
                 from ../Core/Src/main.c:20:
../Drivers/STM32F4xx_HAL_Driver/Inc/stm32f4xx_hal_i2c.h:567:98: note: expected 'uint8_t *' {aka 'unsigned char *'} but argument is of type 'const char *'
  567 | HAL_StatusTypeDef HAL_I2C_Master_Transmit(I2C_HandleTypeDef *hi2c, uint16_t DevAddress, uint8_t *pData, uint16_t Size, uint32_t Timeout);
      |                                                                                         ~~~~~~~~~^~~~~
arm-none-eabi-gcc -o "Trabajo_SED_Domotica.elf" @"objects.list"   -mcpu=cortex-m4 -T"C:\Users\Raul\Documents\GitHub\Trabajo-Microprocesadores-SED-2021\Trabajo_SED_Domotica\STM32F407VGTX_FLASH.ld" --specs=nosys.specs -Wl,-Map="Trabajo_SED_Domotica.map" -Wl,--gc-sections -static --specs=nano.specs -mfpu=fpv4-sp-d16 -mfloat-abi=hard -mthumb -Wl,--start-group -lc -lm -Wl,--end-group
Finished building target: Trabajo_SED_Domotica.elf
 
arm-none-eabi-size   Trabajo_SED_Domotica.elf 
arm-none-eabi-objdump -h -S  Trabajo_SED_Domotica.elf  > "Trabajo_SED_Domotica.list"
   text	   data	    bss	    dec	    hex	filename
   9060	     20	   1700	  10780	   2a1c	Trabajo_SED_Domotica.elf
arm-none-eabi-objcopy  -O binary  Trabajo_SED_Domotica.elf  "Trabajo_SED_Domotica.bin"
Finished building: default.size.stdout
 
Finished building: Trabajo_SED_Domotica.list
Finished building: Trabajo_SED_Domotica.bin
 
 
16:43:50 **** Incremental Build of configuration Debug for project Trabajo_SED_Domotica ****
make -j4 all 
arm-none-eabi-gcc "../Core/Src/main.c" -mcpu=cortex-m4 -std=gnu11 -g3 -DDEBUG -DUSE_HAL_DRIVER -DSTM32F407xx -c -I../Core/Inc -I../Drivers/STM32F4xx_HAL_Driver/Inc -I../Drivers/STM32F4xx_HAL_Driver/Inc/Legacy -I../Drivers/CMSIS/Device/ST/STM32F4xx/Include -I../Drivers/CMSIS/Include -O0 -ffunction-sections -fdata-sections -Wall -fstack-usage -MMD -MP -MF"Core/Src/main.d" -MT"Core/Src/main.o" --specs=nano.specs -mfpu=fpv4-sp-d16 -mfloat-abi=hard -mthumb -o "Core/Src/main.o"
../Core/Src/main.c: In function 'mostrarpalabra':
../Core/Src/main.c:108:23: warning: implicit declaration of function 'strlen' [-Wimplicit-function-declaration]
  108 |  int longitud_palabra=strlen(palabra);
      |                       ^~~~~~
../Core/Src/main.c:108:23: warning: incompatible implicit declaration of built-in function 'strlen'
../Core/Src/main.c:25:1: note: include '<string.h>' or provide a declaration of 'strlen'
   24 | #include "stdlib.h"
  +++ |+#include <string.h>
   25 | /* USER CODE END Includes */
../Core/Src/main.c:109:42: warning: passing argument 3 of 'HAL_I2C_Master_Transmit' discards 'const' qualifier from pointer target type [-Wdiscarded-qualifiers]
  109 |  HAL_I2C_Master_Transmit(&hi2c1, 0x8<<1, palabra, longitud_palabra, 50);
      |                                          ^~~~~~~
In file included from ../Core/Inc/stm32f4xx_hal_conf.h:359,
                 from ../Drivers/STM32F4xx_HAL_Driver/Inc/stm32f4xx_hal.h:30,
                 from ../Core/Inc/main.h:30,
                 from ../Core/Src/main.c:20:
../Drivers/STM32F4xx_HAL_Driver/Inc/stm32f4xx_hal_i2c.h:567:98: note: expected 'uint8_t *' {aka 'unsigned char *'} but argument is of type 'const char *'
  567 | HAL_StatusTypeDef HAL_I2C_Master_Transmit(I2C_HandleTypeDef *hi2c, uint16_t DevAddress, uint8_t *pData, uint16_t Size, uint32_t Timeout);
      |                                                                                         ~~~~~~~~~^~~~~
arm-none-eabi-gcc -o "Trabajo_SED_Domotica.elf" @"objects.list"   -mcpu=cortex-m4 -T"C:\Users\Raul\Documents\GitHub\Trabajo-Microprocesadores-SED-2021\Trabajo_SED_Domotica\STM32F407VGTX_FLASH.ld" --specs=nosys.specs -Wl,-Map="Trabajo_SED_Domotica.map" -Wl,--gc-sections -static --specs=nano.specs -mfpu=fpv4-sp-d16 -mfloat-abi=hard -mthumb -Wl,--start-group -lc -lm -Wl,--end-group
Finished building target: Trabajo_SED_Domotica.elf
 
arm-none-eabi-size   Trabajo_SED_Domotica.elf 
arm-none-eabi-objdump -h -S  Trabajo_SED_Domotica.elf  > "Trabajo_SED_Domotica.list"
arm-none-eabi-objcopy  -O binary  Trabajo_SED_Domotica.elf  "Trabajo_SED_Domotica.bin"
   text	   data	    bss	    dec	    hex	filename
   9064	     20	   1700	  10784	   2a20	Trabajo_SED_Domotica.elf
Finished building: default.size.stdout
 
Finished building: Trabajo_SED_Domotica.bin
 
Finished building: Trabajo_SED_Domotica.list
 
16:44:27 **** Incremental Build of configuration Debug for project Trabajo_SED_Domotica ****
make -j4 all 
arm-none-eabi-gcc "../Core/Src/main.c" -mcpu=cortex-m4 -std=gnu11 -g3 -DDEBUG -DUSE_HAL_DRIVER -DSTM32F407xx -c -I../Core/Inc -I../Drivers/STM32F4xx_HAL_Driver/Inc -I../Drivers/STM32F4xx_HAL_Driver/Inc/Legacy -I../Drivers/CMSIS/Device/ST/STM32F4xx/Include -I../Drivers/CMSIS/Include -O0 -ffunction-sections -fdata-sections -Wall -fstack-usage -MMD -MP -MF"Core/Src/main.d" -MT"Core/Src/main.o" --specs=nano.specs -mfpu=fpv4-sp-d16 -mfloat-abi=hard -mthumb -o "Core/Src/main.o"
../Core/Src/main.c: In function 'mostrarpalabra':
../Core/Src/main.c:108:23: warning: implicit declaration of function 'strlen' [-Wimplicit-function-declaration]
  108 |  int longitud_palabra=strlen(palabra);
      |                       ^~~~~~
../Core/Src/main.c:108:23: warning: incompatible implicit declaration of built-in function 'strlen'
../Core/Src/main.c:25:1: note: include '<string.h>' or provide a declaration of 'strlen'
[...]
Finished building: default.size.stdout
 
17:36:14 **** Incremental Build of configuration Debug for project Trabajo_SED_Domotica ****
make -j4 all 
arm-none-eabi-gcc "../Core/Src/main.c" -mcpu=cortex-m4 -std=gnu11 -g3 -DDEBUG -DUSE_HAL_DRIVER -DSTM32F407xx -c -I../Core/Inc -I../Drivers/STM32F4xx_HAL_Driver/Inc -I../Drivers/STM32F4xx_HAL_Driver/Inc/Legacy -I../Drivers/CMSIS/Device/ST/STM32F4xx/Include -I../Drivers/CMSIS/Include -O0 -ffunction-sections -fdata-sections -Wall -fstack-usage -MMD -MP -MF"Core/Src/main.d" -MT"Core/Src/main.o" --specs=nano.specs -mfpu=fpv4-sp-d16 -mfloat-abi=hard -mthumb -o "Core/Src/main.o"
../Core/Src/main.c: In function 'mostrartexto':
../Core/Src/main.c:110:42: warning: passing argument 3 of 'HAL_I2C_Master_Transmit' discards 'const' qualifier from pointer target type [-Wdiscarded-qualifiers]
  110 |  HAL_I2C_Master_Transmit(&hi2c1, 0x8<<1, palabra, longitud, 50);
      |                                          ^~~~~~~
In file included from ../Core/Inc/stm32f4xx_hal_conf.h:359,
                 from ../Drivers/STM32F4xx_HAL_Driver/Inc/stm32f4xx_hal.h:30,
                 from ../Core/Inc/main.h:30,
                 from ../Core/Src/main.c:20:
../Drivers/STM32F4xx_HAL_Driver/Inc/stm32f4xx_hal_i2c.h:567:98: note: expected 'uint8_t *' {aka 'unsigned char *'} but argument is of type 'const char *'
  567 | HAL_StatusTypeDef HAL_I2C_Master_Transmit(I2C_HandleTypeDef *hi2c, uint16_t DevAddress, uint8_t *pData, uint16_t Size, uint32_t Timeout);
      |                                                                                         ~~~~~~~~~^~~~~
arm-none-eabi-gcc -o "Trabajo_SED_Domotica.elf" @"objects.list"   -mcpu=cortex-m4 -T"C:\Users\Raul\Documents\GitHub\Trabajo-Microprocesadores-SED-2021\Trabajo_SED_Domotica\STM32F407VGTX_FLASH.ld" --specs=nosys.specs -Wl,-Map="Trabajo_SED_Domotica.map" -Wl,--gc-sections -static --specs=nano.specs -mfpu=fpv4-sp-d16 -mfloat-abi=hard -mthumb -Wl,--start-group -lc -lm -Wl,--end-group
Finished building target: Trabajo_SED_Domotica.elf
 
arm-none-eabi-size   Trabajo_SED_Domotica.elf 
arm-none-eabi-objdump -h -S  Trabajo_SED_Domotica.elf  > "Trabajo_SED_Domotica.list"
   text	   data	    bss	    dec	    hex	filename
   9252	     20	   1700	  10972	   2adc	Trabajo_SED_Domotica.elf
arm-none-eabi-objcopy  -O binary  Trabajo_SED_Domotica.elf  "Trabajo_SED_Domotica.bin"
Finished building: default.size.stdout
 
Finished building: Trabajo_SED_Domotica.bin
Finished building: Trabajo_SED_Domotica.list
 
 
16:32:54 **** Incremental Build of configuration Debug for project Trabajo_SED_Domotica ****
make -j4 all 
arm-none-eabi-gcc "../Core/Src/main.c" -mcpu=cortex-m4 -std=gnu11 -g3 -DDEBUG -DUSE_HAL_DRIVER -DSTM32F407xx -c -I../Core/Inc -I../Drivers/STM32F4xx_HAL_Driver/Inc -I../Drivers/STM32F4xx_HAL_Driver/Inc/Legacy -I../Drivers/CMSIS/Device/ST/STM32F4xx/Include -I../Drivers/CMSIS/Include -O0 -ffunction-sections -fdata-sections -Wall -fstack-usage -MMD -MP -MF"Core/Src/main.d" -MT"Core/Src/main.o" --specs=nano.specs -mfpu=fpv4-sp-d16 -mfloat-abi=hard -mthumb -o "Core/Src/main.o"
arm-none-eabi-gcc -o "Trabajo_SED_Domotica.elf" @"objects.list"   -mcpu=cortex-m4 -T"C:\Users\Raul\Documents\GitHub\Trabajo-Microprocesadores-SED-2021\Trabajo_SED_Domotica\STM32F407VGTX_FLASH.ld" --specs=nosys.specs -Wl,-Map="Trabajo_SED_Domotica.map" -Wl,--gc-sections -static --specs=nano.specs -mfpu=fpv4-sp-d16 -mfloat-abi=hard -mthumb -Wl,--start-group -lc -lm -Wl,--end-group
Finished building target: Trabajo_SED_Domotica.elf
 
arm-none-eabi-size   Trabajo_SED_Domotica.elf 
arm-none-eabi-objdump -h -S  Trabajo_SED_Domotica.elf  > "Trabajo_SED_Domotica.list"
   text	   data	    bss	    dec	    hex	filename
   9256	     20	   1700	  10976	   2ae0	Trabajo_SED_Domotica.elf
arm-none-eabi-objcopy  -O binary  Trabajo_SED_Domotica.elf  "Trabajo_SED_Domotica.bin"
Finished building: default.size.stdout
 
Finished building: Trabajo_SED_Domotica.list
 
Finished building: Trabajo_SED_Domotica.bin
 
16:45:10 **** Incremental Build of configuration Debug for project Trabajo_SED_Domotica ****
make -j4 all 
arm-none-eabi-size   Trabajo_SED_Domotica.elf 
   text	   data	    bss	    dec	    hex	filename
   9256	     20	   1700	  10976	   2ae0	Trabajo_SED_Domotica.elf
Finished building: default.size.stdout
 
16:48:21 **** Incremental Build of configuration Debug for project Trabajo_SED_Domotica ****
make -j4 all 
arm-none-eabi-gcc "../Core/Src/main.c" -mcpu=cortex-m4 -std=gnu11 -g3 -DDEBUG -DUSE_HAL_DRIVER -DSTM32F407xx -c -I../Core/Inc -I../Drivers/STM32F4xx_HAL_Driver/Inc -I../Drivers/STM32F4xx_HAL_Driver/Inc/Legacy -I../Drivers/CMSIS/Device/ST/STM32F4xx/Include -I../Drivers/CMSIS/Include -O0 -ffunction-sections -fdata-sections -Wall -fstack-usage -MMD -MP -MF"Core/Src/main.d" -MT"Core/Src/main.o" --specs=nano.specs -mfpu=fpv4-sp-d16 -mfloat-abi=hard -mthumb -o "Core/Src/main.o"
arm-none-eabi-gcc -o "Trabajo_SED_Domotica.elf" @"objects.list"   -mcpu=cortex-m4 -T"C:\Users\Raul\Documents\GitHub\Trabajo-Microprocesadores-SED-2021\Trabajo_SED_Domotica\STM32F407VGTX_FLASH.ld" --specs=nosys.specs -Wl,-Map="Trabajo_SED_Domotica.map" -Wl,--gc-sections -static --specs=nano.specs -mfpu=fpv4-sp-d16 -mfloat-abi=hard -mthumb -Wl,--start-group -lc -lm -Wl,--end-group
Finished building target: Trabajo_SED_Domotica.elf
 
arm-none-eabi-size   Trabajo_SED_Domotica.elf 
arm-none-eabi-objdump -h -S  Trabajo_SED_Domotica.elf  > "Trabajo_SED_Domotica.list"
   text	   data	    bss	    dec	    hex	filename
   9256	     20	   1700	  10976	   2ae0	Trabajo_SED_Domotica.elf
arm-none-eabi-objcopy  -O binary  Trabajo_SED_Domotica.elf  "Trabajo_SED_Domotica.bin"
Finished building: default.size.stdout
 
Finished building: Trabajo_SED_Domotica.bin
 
Finished building: Trabajo_SED_Domotica.list
 
16:49:59 **** Incremental Build of configuration Debug for project Trabajo_SED_Domotica ****
make -j4 all 
arm-none-eabi-gcc "../Core/Src/main.c" -mcpu=cortex-m4 -std=gnu11 -g3 -DDEBUG -DUSE_HAL_DRIVER -DSTM32F407xx -c -I../Core/Inc -I../Drivers/STM32F4xx_HAL_Driver/Inc -I../Drivers/STM32F4xx_HAL_Driver/Inc/Legacy -I../Drivers/CMSIS/Device/ST/STM32F4xx/Include -I../Drivers/CMSIS/Include -O0 -ffunction-sections -fdata-sections -Wall -fstack-usage -MMD -MP -MF"Core/Src/main.d" -MT"Core/Src/main.o" --specs=nano.specs -mfpu=fpv4-sp-d16 -mfloat-abi=hard -mthumb -o "Core/Src/main.o"
arm-none-eabi-gcc -o "Trabajo_SED_Domotica.elf" @"objects.list"   -mcpu=cortex-m4 -T"C:\Users\Raul\Documents\GitHub\Trabajo-Microprocesadores-SED-2021\Trabajo_SED_Domotica\STM32F407VGTX_FLASH.ld" --specs=nosys.specs -Wl,-Map="Trabajo_SED_Domotica.map" -Wl,--gc-sections -static --specs=nano.specs -mfpu=fpv4-sp-d16 -mfloat-abi=hard -mthumb -Wl,--start-group -lc -lm -Wl,--end-group
Finished building target: Trabajo_SED_Domotica.elf
 
arm-none-eabi-size   Trabajo_SED_Domotica.elf 
arm-none-eabi-objdump -h -S  Trabajo_SED_Domotica.elf  > "Trabajo_SED_Domotica.list"
   text	   data	    bss	    dec	    hex	filename
   9208	     20	   1700	  10928	   2ab0	Trabajo_SED_Domotica.elf
arm-none-eabi-objcopy  -O binary  Trabajo_SED_Domotica.elf  "Trabajo_SED_Domotica.bin"
Finished building: default.size.stdout
 
Finished building: Trabajo_SED_Domotica.bin
Finished building: Trabajo_SED_Domotica.list
 
 
16:55:11 **** Incremental Build of configuration Debug for project Trabajo_SED_Domotica ****
make -j4 all 
arm-none-eabi-gcc "../Core/Src/main.c" -mcpu=cortex-m4 -std=gnu11 -g3 -DDEBUG -DUSE_HAL_DRIVER -DSTM32F407xx -c -I../Core/Inc -I../Drivers/STM32F4xx_HAL_Driver/Inc -I../Drivers/STM32F4xx_HAL_Driver/Inc/Legacy -I../Drivers/CMSIS/Device/ST/STM32F4xx/Include -I../Drivers/CMSIS/Include -O0 -ffunction-sections -fdata-sections -Wall -fstack-usage -MMD -MP -MF"Core/Src/main.d" -MT"Core/Src/main.o" --specs=nano.specs -mfpu=fpv4-sp-d16 -mfloat-abi=hard -mthumb -o "Core/Src/main.o"
arm-none-eabi-gcc -o "Trabajo_SED_Domotica.elf" @"objects.list"   -mcpu=cortex-m4 -T"C:\Users\Raul\Documents\GitHub\Trabajo-Microprocesadores-SED-2021\Trabajo_SED_Domotica\STM32F407VGTX_FLASH.ld" --specs=nosys.specs -Wl,-Map="Trabajo_SED_Domotica.map" -Wl,--gc-sections -static --specs=nano.specs -mfpu=fpv4-sp-d16 -mfloat-abi=hard -mthumb -Wl,--start-group -lc -lm -Wl,--end-group
Finished building target: Trabajo_SED_Domotica.elf
 
arm-none-eabi-size   Trabajo_SED_Domotica.elf 
arm-none-eabi-objdump -h -S  Trabajo_SED_Domotica.elf  > "Trabajo_SED_Domotica.list"
   text	   data	    bss	    dec	    hex	filename
   9224	     20	   1700	  10944	   2ac0	Trabajo_SED_Domotica.elf
arm-none-eabi-objcopy  -O binary  Trabajo_SED_Domotica.elf  "Trabajo_SED_Domotica.bin"
Finished building: default.size.stdout
 
Finished building: Trabajo_SED_Domotica.bin
 
Finished building: Trabajo_SED_Domotica.list
 
17:30:24 **** Incremental Build of configuration Debug for project Trabajo_SED_Domotica ****
make -j4 all 
arm-none-eabi-gcc "../Core/Src/main.c" -mcpu=cortex-m4 -std=gnu11 -g3 -DDEBUG -DUSE_HAL_DRIVER -DSTM32F407xx -c -I../Core/Inc -I../Drivers/STM32F4xx_HAL_Driver/Inc -I../Drivers/STM32F4xx_HAL_Driver/Inc/Legacy -I../Drivers/CMSIS/Device/ST/STM32F4xx/Include -I../Drivers/CMSIS/Include -O0 -ffunction-sections -fdata-sections -Wall -fstack-usage -MMD -MP -MF"Core/Src/main.d" -MT"Core/Src/main.o" --specs=nano.specs -mfpu=fpv4-sp-d16 -mfloat-abi=hard -mthumb -o "Core/Src/main.o"
../Core/Src/main.c: In function 'main':
../Core/Src/main.c:182:14: error: expected ';' before '}' token
  182 |         pos++
      |              ^
      |              ;
  183 |        }else{
      |        ~      
../Core/Src/main.c:189:21: error: expected ';' before '}' token
  189 |                pos--
      |                     ^
      |                     ;
  190 |        }
      |        ~             
make: *** [Core/Src/subdir.mk:34: Core/Src/main.o] Error 1
"make -j4 all" terminated with exit code 2. Build might be incomplete.
17:30:56 **** Incremental Build of configuration Debug for project Trabajo_SED_Domotica ****
make -j4 all 
arm-none-eabi-gcc "../Core/Src/main.c" -mcpu=cortex-m4 -std=gnu11 -g3 -DDEBUG -DUSE_HAL_DRIVER -DSTM32F407xx -c -I../Core/Inc -I../Drivers/STM32F4xx_HAL_Driver/Inc -I../Drivers/STM32F4xx_HAL_Driver/Inc/Legacy -I../Drivers/CMSIS/Device/ST/STM32F4xx/Include -I../Drivers/CMSIS/Include -O0 -ffunction-sections -fdata-sections -Wall -fstack-usage -MMD -MP -MF"Core/Src/main.d" -MT"Core/Src/main.o" --specs=nano.specs -mfpu=fpv4-sp-d16 -mfloat-abi=hard -mthumb -o "Core/Src/main.o"
../Core/Src/main.c: In function 'main':
../Core/Src/main.c:182:14: error: expected ';' before '}' token
  182 |         pos++
      |              ^
      |              ;
  183 |        }else if(debouncer(&button[0], GPIOA, GPIO_PIN_0)&&pos==1){
      |        ~      
../Core/Src/main.c:189:21: error: expected ';' before '}' token
  189 |                pos--
      |                     ^
      |                     ;
  190 |        }
      |        ~             
make: *** [Core/Src/subdir.mk:34: Core/Src/main.o] Error 1
"make -j4 all" terminated with exit code 2. Build might be incomplete.
17:31:05 **** Incremental Build of configuration Debug for project Trabajo_SED_Domotica ****
make -j4 all 
arm-none-eabi-gcc "../Core/Src/main.c" -mcpu=cortex-m4 -std=gnu11 -g3 -DDEBUG -DUSE_HAL_DRIVER -DSTM32F407xx -c -I../Core/Inc -I../Drivers/STM32F4xx_HAL_Driver/Inc -I../Drivers/STM32F4xx_HAL_Driver/Inc/Legacy -I../Drivers/CMSIS/Device/ST/STM32F4xx/Include -I../Drivers/CMSIS/Include -O0 -ffunction-sections -fdata-sections -Wall -fstack-usage -MMD -MP -MF"Core/Src/main.d" -MT"Core/Src/main.o" --specs=nano.specs -mfpu=fpv4-sp-d16 -mfloat-abi=hard -mthumb -o "Core/Src/main.o"
arm-none-eabi-gcc -o "Trabajo_SED_Domotica.elf" @"objects.list"   -mcpu=cortex-m4 -T"C:\Users\Raul\Documents\GitHub\Trabajo-Microprocesadores-SED-2021\Trabajo_SED_Domotica\STM32F407VGTX_FLASH.ld" --specs=nosys.specs -Wl,-Map="Trabajo_SED_Domotica.map" -Wl,--gc-sections -static --specs=nano.specs -mfpu=fpv4-sp-d16 -mfloat-abi=hard -mthumb -Wl,--start-group -lc -lm -Wl,--end-group
Finished building target: Trabajo_SED_Domotica.elf
 
arm-none-eabi-size   Trabajo_SED_Domotica.elf 
arm-none-eabi-objdump -h -S  Trabajo_SED_Domotica.elf  > "Trabajo_SED_Domotica.list"
   text	   data	    bss	    dec	    hex	filename
   9296	     20	   1700	  11016	   2b08	Trabajo_SED_Domotica.elf
arm-none-eabi-objcopy  -O binary  Trabajo_SED_Domotica.elf  "Trabajo_SED_Domotica.bin"
Finished building: default.size.stdout
 
Finished building: Trabajo_SED_Domotica.bin
 
Finished building: Trabajo_SED_Domotica.list
 
17:31:27 **** Incremental Build of configuration Debug for project Trabajo_SED_Domotica ****
make -j4 all 
arm-none-eabi-gcc "../Core/Src/main.c" -mcpu=cortex-m4 -std=gnu11 -g3 -DDEBUG -DUSE_HAL_DRIVER -DSTM32F407xx -c -I../Core/Inc -I../Drivers/STM32F4xx_HAL_Driver/Inc -I../Drivers/STM32F4xx_HAL_Driver/Inc/Legacy -I../Drivers/CMSIS/Device/ST/STM32F4xx/Include -I../Drivers/CMSIS/Include -O0 -ffunction-sections -fdata-sections -Wall -fstack-usage -MMD -MP -MF"Core/Src/main.d" -MT"Core/Src/main.o" --specs=nano.specs -mfpu=fpv4-sp-d16 -mfloat-abi=hard -mthumb -o "Core/Src/main.o"
arm-none-eabi-gcc -o "Trabajo_SED_Domotica.elf" @"objects.list"   -mcpu=cortex-m4 -T"C:\Users\Raul\Documents\GitHub\Trabajo-Microprocesadores-SED-2021\Trabajo_SED_Domotica\STM32F407VGTX_FLASH.ld" --specs=nosys.specs -Wl,-Map="Trabajo_SED_Domotica.map" -Wl,--gc-sections -static --specs=nano.specs -mfpu=fpv4-sp-d16 -mfloat-abi=hard -mthumb -Wl,--start-group -lc -lm -Wl,--end-group
Finished building target: Trabajo_SED_Domotica.elf
 
arm-none-eabi-size   Trabajo_SED_Domotica.elf 
arm-none-eabi-objdump -h -S  Trabajo_SED_Domotica.elf  > "Trabajo_SED_Domotica.list"
   text	   data	    bss	    dec	    hex	filename
   9296	     20	   1700	  11016	   2b08	Trabajo_SED_Domotica.elf
arm-none-eabi-objcopy  -O binary  Trabajo_SED_Domotica.elf  "Trabajo_SED_Domotica.bin"
Finished building: default.size.stdout
 
Finished building: Trabajo_SED_Domotica.bin
Finished building: Trabajo_SED_Domotica.list
 
 
17:41:57 **** Incremental Build of configuration Debug for project Trabajo_SED_Domotica ****
make -j4 all 
arm-none-eabi-gcc "../Core/Src/main.c" -mcpu=cortex-m4 -std=gnu11 -g3 -DDEBUG -DUSE_HAL_DRIVER -DSTM32F407xx -c -I../Core/Inc -I../Drivers/STM32F4xx_HAL_Driver/Inc -I../Drivers/STM32F4xx_HAL_Driver/Inc/Legacy -I../Drivers/CMSIS/Device/ST/STM32F4xx/Include -I../Drivers/CMSIS/Include -O0 -ffunction-sections -fdata-sections -Wall -fstack-usage -MMD -MP -MF"Core/Src/main.d" -MT"Core/Src/main.o" --specs=nano.specs -mfpu=fpv4-sp-d16 -mfloat-abi=hard -mthumb -o "Core/Src/main.o"
arm-none-eabi-gcc -o "Trabajo_SED_Domotica.elf" @"objects.list"   -mcpu=cortex-m4 -T"C:\Users\Raul\Documents\GitHub\Trabajo-Microprocesadores-SED-2021\Trabajo_SED_Domotica\STM32F407VGTX_FLASH.ld" --specs=nosys.specs -Wl,-Map="Trabajo_SED_Domotica.map" -Wl,--gc-sections -static --specs=nano.specs -mfpu=fpv4-sp-d16 -mfloat-abi=hard -mthumb -Wl,--start-group -lc -lm -Wl,--end-group
Finished building target: Trabajo_SED_Domotica.elf
 
arm-none-eabi-size   Trabajo_SED_Domotica.elf 
arm-none-eabi-objdump -h -S  Trabajo_SED_Domotica.elf  > "Trabajo_SED_Domotica.list"
   text	   data	    bss	    dec	    hex	filename
   9276	     20	   1700	  10996	   2af4	Trabajo_SED_Domotica.elf
arm-none-eabi-objcopy  -O binary  Trabajo_SED_Domotica.elf  "Trabajo_SED_Domotica.bin"
Finished building: default.size.stdout
 
Finished building: Trabajo_SED_Domotica.bin
Finished building: Trabajo_SED_Domotica.list
 
 
17:44:14 **** Incremental Build of configuration Debug for project Trabajo_SED_Domotica ****
make -j4 all 
arm-none-eabi-gcc "../Core/Src/main.c" -mcpu=cortex-m4 -std=gnu11 -g3 -DDEBUG -DUSE_HAL_DRIVER -DSTM32F407xx -c -I../Core/Inc -I../Drivers/STM32F4xx_HAL_Driver/Inc -I../Drivers/STM32F4xx_HAL_Driver/Inc/Legacy -I../Drivers/CMSIS/Device/ST/STM32F4xx/Include -I../Drivers/CMSIS/Include -O0 -ffunction-sections -fdata-sections -Wall -fstack-usage -MMD -MP -MF"Core/Src/main.d" -MT"Core/Src/main.o" --specs=nano.specs -mfpu=fpv4-sp-d16 -mfloat-abi=hard -mthumb -o "Core/Src/main.o"
arm-none-eabi-gcc -o "Trabajo_SED_Domotica.elf" @"objects.list"   -mcpu=cortex-m4 -T"C:\Users\Raul\Documents\GitHub\Trabajo-Microprocesadores-SED-2021\Trabajo_SED_Domotica\STM32F407VGTX_FLASH.ld" --specs=nosys.specs -Wl,-Map="Trabajo_SED_Domotica.map" -Wl,--gc-sections -static --specs=nano.specs -mfpu=fpv4-sp-d16 -mfloat-abi=hard -mthumb -Wl,--start-group -lc -lm -Wl,--end-group
Finished building target: Trabajo_SED_Domotica.elf
 
arm-none-eabi-size   Trabajo_SED_Domotica.elf 
arm-none-eabi-objdump -h -S  Trabajo_SED_Domotica.elf  > "Trabajo_SED_Domotica.list"
   text	   data	    bss	    dec	    hex	filename
   9296	     20	   1700	  11016	   2b08	Trabajo_SED_Domotica.elf
arm-none-eabi-objcopy  -O binary  Trabajo_SED_Domotica.elf  "Trabajo_SED_Domotica.bin"
Finished building: default.size.stdout
 
Finished building: Trabajo_SED_Domotica.bin
 
Finished building: Trabajo_SED_Domotica.list
 
17:45:37 **** Incremental Build of configuration Debug for project Trabajo_SED_Domotica ****
make -j4 all 
arm-none-eabi-gcc "../Core/Src/main.c" -mcpu=cortex-m4 -std=gnu11 -g3 -DDEBUG -DUSE_HAL_DRIVER -DSTM32F407xx -c -I../Core/Inc -I../Drivers/STM32F4xx_HAL_Driver/Inc -I../Drivers/STM32F4xx_HAL_Driver/Inc/Legacy -I../Drivers/CMSIS/Device/ST/STM32F4xx/Include -I../Drivers/CMSIS/Include -O0 -ffunction-sections -fdata-sections -Wall -fstack-usage -MMD -MP -MF"Core/Src/main.d" -MT"Core/Src/main.o" --specs=nano.specs -mfpu=fpv4-sp-d16 -mfloat-abi=hard -mthumb -o "Core/Src/main.o"
arm-none-eabi-gcc -o "Trabajo_SED_Domotica.elf" @"objects.list"   -mcpu=cortex-m4 -T"C:\Users\Raul\Documents\GitHub\Trabajo-Microprocesadores-SED-2021\Trabajo_SED_Domotica\STM32F407VGTX_FLASH.ld" --specs=nosys.specs -Wl,-Map="Trabajo_SED_Domotica.map" -Wl,--gc-sections -static --specs=nano.specs -mfpu=fpv4-sp-d16 -mfloat-abi=hard -mthumb -Wl,--start-group -lc -lm -Wl,--end-group
Finished building target: Trabajo_SED_Domotica.elf
 
arm-none-eabi-size   Trabajo_SED_Domotica.elf 
arm-none-eabi-objdump -h -S  Trabajo_SED_Domotica.elf  > "Trabajo_SED_Domotica.list"
   text	   data	    bss	    dec	    hex	filename
   9296	     20	   1700	  11016	   2b08	Trabajo_SED_Domotica.elf
arm-none-eabi-objcopy  -O binary  Trabajo_SED_Domotica.elf  "Trabajo_SED_Domotica.bin"
Finished building: default.size.stdout
 
Finished building: Trabajo_SED_Domotica.bin
Finished building: Trabajo_SED_Domotica.list
 
 
17:46:32 **** Incremental Build of configuration Debug for project Trabajo_SED_Domotica ****
make -j4 all 
arm-none-eabi-gcc "../Core/Src/main.c" -mcpu=cortex-m4 -std=gnu11 -g3 -DDEBUG -DUSE_HAL_DRIVER -DSTM32F407xx -c -I../Core/Inc -I../Drivers/STM32F4xx_HAL_Driver/Inc -I../Drivers/STM32F4xx_HAL_Driver/Inc/Legacy -I../Drivers/CMSIS/Device/ST/STM32F4xx/Include -I../Drivers/CMSIS/Include -O0 -ffunction-sections -fdata-sections -Wall -fstack-usage -MMD -MP -MF"Core/Src/main.d" -MT"Core/Src/main.o" --specs=nano.specs -mfpu=fpv4-sp-d16 -mfloat-abi=hard -mthumb -o "Core/Src/main.o"
arm-none-eabi-gcc -o "Trabajo_SED_Domotica.elf" @"objects.list"   -mcpu=cortex-m4 -T"C:\Users\Raul\Documents\GitHub\Trabajo-Microprocesadores-SED-2021\Trabajo_SED_Domotica\STM32F407VGTX_FLASH.ld" --specs=nosys.specs -Wl,-Map="Trabajo_SED_Domotica.map" -Wl,--gc-sections -static --specs=nano.specs -mfpu=fpv4-sp-d16 -mfloat-abi=hard -mthumb -Wl,--start-group -lc -lm -Wl,--end-group
Finished building target: Trabajo_SED_Domotica.elf
 
arm-none-eabi-size   Trabajo_SED_Domotica.elf 
arm-none-eabi-objdump -h -S  Trabajo_SED_Domotica.elf  > "Trabajo_SED_Domotica.list"
   text	   data	    bss	    dec	    hex	filename
   9296	     20	   1700	  11016	   2b08	Trabajo_SED_Domotica.elf
arm-none-eabi-objcopy  -O binary  Trabajo_SED_Domotica.elf  "Trabajo_SED_Domotica.bin"
Finished building: default.size.stdout
 
Finished building: Trabajo_SED_Domotica.bin
Finished building: Trabajo_SED_Domotica.list
 
 
