control_luces.h:17:6:setLuces	16	static
control_luces.h:34:5:getEstadoLuces	4	static
control_luces.h:38:6:cambiarEstadoLuces	8	static
control_luces.h:49:6:medirLDR	16	static
control_luces.h:73:6:luces	8	static
TFT.h:18:6:clrScr	24	static
TFT.h:24:6:setColor	40	static
TFT.h:29:6:setBackColor	40	static
TFT.h:34:6:drawRect	64	static
TFT.h:52:6:fillRect	64	static
TFT.h:70:6:print	104	static
TFT.h:92:6:printfrase	32	static
TFT.h:100:6:setFont	32	static
TFT.h:105:6:drawCircle	56	static
TFT.h:120:6:fillCircle	56	static
TFT.h:156:6:botones	24	static
TFT.h:187:6:crear_botonera	32	static
TFT.h:203:6:resaltar_boton	64	static
TFT.h:247:6:rellenar_botones	104	static
TFT.h:289:6:pantalla_principal	176	static
TFT.h:321:6:pantalla_luces	176	static
TFT.h:351:6:pantalla_luces_manual	32	static
control_persianas.h:15:6:setEstadoPersianas	16	static
control_persianas.h:30:5:getEstadoPersianas	4	static
control_persianas.h:34:5:getEstadoAnteriorPersianas	4	static
control_persianas.h:38:6:cambiarEstadoPersianas	8	static
control_riego.h:16:6:setEstadoRiego	16	static
control_riego.h:33:6:cambiarEstadoRiego	8	static
control_riego.h:43:6:temporizador_riego	8	static
control_riego.h:50:6:riego	8	static
control_seguridad.h:17:6:setEstadoSeguridad	16	static
control_seguridad.h:31:6:activar_sensor	8	static
control_seguridad.h:47:5:getEstadoSeguridad	4	static
control_seguridad.h:51:6:cambiarEstadoSeguridad	8	static
control_seguridad.h:59:6:intruso_detectado	4	static
control_seguridad.h:65:6:sonar_alarma	8	static
control_seguridad.h:72:6:seguridad	8	static
control_clima.h:23:6:setEstadoClima	16	static
control_clima.h:37:5:getEstadoClima	4	static
control_clima.h:41:6:cambiarEstadoClima	8	static
control_clima.h:53:6:cambiarControlClima	4	static
control_clima.h:62:6:delay	16	static
control_clima.h:68:6:Set_Pin_Output	40	static
control_clima.h:76:6:Set_Pin_Input	40	static
control_clima.h:87:6:DHT11_Start	8	static
control_clima.h:96:9:DHT11_Check_Response	16	static
control_clima.h:112:9:DHT11_Read	16	static
control_clima.h:129:6:lectura_dht11	8	static
control_clima.h:143:6:clima	8	static
control_BT.h:29:6:bluetooth	8	static
main.c:82:5:debouncer	24	static
main.c:109:6:HAL_GPIO_EXTI_Callback	16	static
main.c:147:5:main	16	static
main.c:340:6:SystemClock_Config	88	static
main.c:385:13:MX_ADC1_Init	24	static
main.c:435:13:MX_I2C1_Init	8	static
main.c:469:13:MX_TIM1_Init	32	static
main.c:515:13:MX_TIM6_Init	16	static
main.c:553:13:MX_USART6_UART_Init	8	static
main.c:586:13:MX_GPIO_Init	56	static
main.c:666:6:Error_Handler	4	static,ignoring_inline_asm
