control_luces.h:19:6:setLuces	16	static
control_luces.h:37:5:getEstadoLuces	4	static
control_luces.h:41:6:cambiarEstadoLuces	8	static
control_luces.h:52:6:setUmbralLuces	16	static
control_luces.h:56:6:medirLDR	16	static
control_luces.h:80:6:luces	8	static
control_persianas.h:15:6:setEstadoPersianas	16	static
control_persianas.h:31:5:getEstadoPersianas	4	static
control_persianas.h:35:5:getEstadoAnteriorPersianas	4	static
control_persianas.h:39:6:cambiarEstadoPersianas	8	static
control_riego.h:17:6:setEstadoRiego	16	static
control_riego.h:35:6:cambiarEstadoRiego	8	static
control_riego.h:44:5:getEstadoAnteriorRiego	4	static
control_riego.h:47:6:temporizador_riego	8	static
control_riego.h:54:6:riego	8	static
control_seguridad.h:17:6:setEstadoSeguridad	16	static
control_seguridad.h:32:6:activar_sensor	8	static
control_seguridad.h:48:5:getEstadoSeguridad	4	static
control_seguridad.h:52:6:cambiarEstadoSeguridad	8	static
control_seguridad.h:60:6:intruso_detectado	4	static
control_seguridad.h:66:6:sonar_alarma	8	static
control_seguridad.h:73:6:seguridad	8	static
control_clima.h:24:6:setEstadoClima	16	static
control_clima.h:39:5:getEstadoClima	4	static
control_clima.h:43:6:cambiarEstadoClima	8	static
control_clima.h:55:6:setControlClima	16	static
control_clima.h:62:5:getControlClima	4	static
control_clima.h:66:6:cambiarControlClima	8	static
control_clima.h:76:6:setTemperaturaObjetivo	16	static
control_clima.h:80:5:getTemperaturaObjetivo	4	static
control_clima.h:84:6:delay	16	static
control_clima.h:90:6:Set_Pin_Output	40	static
control_clima.h:98:6:Set_Pin_Input	40	static
control_clima.h:109:6:DHT11_Start	8	static
control_clima.h:118:9:DHT11_Check_Response	16	static
control_clima.h:134:9:DHT11_Read	16	static
control_clima.h:151:6:lectura_dht11	8	static
control_clima.h:165:6:clima	8	static
control_BT.h:30:6:bluetooth	16	static
TFT.h:23:6:clrScr	24	static
TFT.h:29:6:setColor	40	static
TFT.h:34:6:setBackColor	40	static
TFT.h:39:6:drawRect	64	static
TFT.h:57:6:fillRect	64	static
TFT.h:75:6:print	104	static
TFT.h:97:6:printfrase	32	static
TFT.h:105:6:setFont	32	static
TFT.h:110:6:drawCircle	56	static
TFT.h:125:6:fillCircle	56	static
TFT.h:141:6:pantalla_principal	32	static
TFT.h:173:6:actualizar_pantalla	24	static
main.c:78:6:HAL_UART_RxCpltCallback	16	static
main.c:88:5:debouncer	24	static
main.c:115:6:HAL_GPIO_EXTI_Callback	16	static
main.c:150:5:main	8	static
main.c:280:6:SystemClock_Config	88	static
main.c:325:13:MX_ADC1_Init	24	static
main.c:375:13:MX_I2C1_Init	8	static
main.c:409:13:MX_TIM1_Init	32	static
main.c:455:13:MX_TIM6_Init	16	static
main.c:493:13:MX_USART6_UART_Init	8	static
main.c:526:13:MX_GPIO_Init	56	static
main.c:606:6:Error_Handler	4	static,ignoring_inline_asm
