TFT.h:17:6:clrScr	24	static
TFT.h:23:6:setColor	40	static
TFT.h:28:6:setBackColor	40	static
TFT.h:33:6:drawRect	64	static
TFT.h:51:6:fillRect	64	static
TFT.h:69:6:print	104	static
TFT.h:91:6:printfrase	32	static
TFT.h:99:6:setFont	32	static
TFT.h:125:6:botones	24	static
TFT.h:156:6:crear_botonera	32	static
TFT.h:172:6:resaltar_boton	64	static
TFT.h:216:6:rellenar_botones	104	static
TFT.h:258:6:pantalla_principal	176	static
TFT.h:290:6:pantalla_luces	176	static
control_BT.h:17:6:reset_buffer	16	static
control_BT.h:27:5:seleccion_menu_principal	16	static
control_BT.h:104:5:seleccion_menu_luces	8	static
main.c:68:7:rellbotones	24	static
main.c:67:6:HAL_GPIO_EXTI_Callback	24	static
main.c:84:5:debouncer	24	static
main.c:117:5:main	16	static
main.c:195:6:SystemClock_Config	88	static
main.c:240:13:MX_I2C1_Init	8	static
main.c:274:13:MX_USART6_UART_Init	8	static
main.c:307:13:MX_GPIO_Init	48	static
main.c:349:6:Error_Handler	4	static,ignoring_inline_asm
