control_luces.h:16:6:setLuces	16	static
control_luces.h:26:5:getEstadoLuces	4	static
control_luces.h:30:6:cambiarEstadoLuces	8	static
TFT.h:18:6:clrScr	24	static
TFT.h:24:6:setColor	40	static
TFT.h:29:6:setBackColor	40	static
TFT.h:34:6:drawRect	64	static
TFT.h:52:6:fillRect	64	static
TFT.h:70:6:print	104	static
TFT.h:92:6:printfrase	32	static
TFT.h:100:6:setFont	32	static
TFT.h:105:6:drawCircle	56	static
TFT.h:120:6:fillCircle	56	static
TFT.h:156:6:botones	24	static
TFT.h:187:6:crear_botonera	32	static
TFT.h:203:6:resaltar_boton	64	static
TFT.h:247:6:rellenar_botones	104	static
TFT.h:289:6:pantalla_principal	176	static
TFT.h:321:6:pantalla_luces	176	static
TFT.h:351:6:pantalla_luces_manual	32	static
control_BT.h:17:6:reset_buffer	16	static
control_BT.h:27:5:seleccion_menu_principal	16	static
control_BT.h:101:5:seleccion_menu_luces	16	static
control_BT.h:142:5:menu_luces_manual	8	static
main.c:70:5:debouncer	24	static
main.c:97:6:HAL_GPIO_EXTI_Callback	16	static
main.c:122:5:main	16	static
main.c:222:6:SystemClock_Config	88	static
main.c:267:13:MX_I2C1_Init	8	static
main.c:301:13:MX_USART6_UART_Init	8	static
main.c:334:13:MX_GPIO_Init	48	static
main.c:408:6:Error_Handler	4	static,ignoring_inline_asm
