main.c:63:7:rellenar_botones	24	static
main.c:62:6:HAL_GPIO_EXTI_Callback	24	static
main.c:79:5:debouncer	24	static
main.c:108:6:mostrartexto7s	48	dynamic
main.c:118:6:mostrarnum7s	32	static
main.c:138:6:clrScr	24	static
main.c:143:6:setColor	40	static
main.c:148:6:setBackColor	40	static
main.c:153:6:drawRect	64	static
main.c:171:6:fillRect	64	static
main.c:189:6:print	104	static
main.c:211:6:printfrase	32	static
main.c:219:6:setFont	32	static
main.c:245:6:botones	24	static
main.c:276:6:crear_botonera	32	static
main.c:292:6:resaltar_boton	64	static
main.c:336:6:rellenar_botones	104	static
main.c:388:5:main	160	static
main.c:482:6:SystemClock_Config	88	static
main.c:524:13:MX_I2C1_Init	8	static
main.c:556:13:MX_GPIO_Init	40	static
main.c:597:6:Error_Handler	4	static,ignoring_inline_asm
