control_luces.h:18:6:setLuces	16	static
control_luces.h:35:5:getEstadoLuces	4	static
control_luces.h:39:6:cambiarEstadoLuces	8	static
control_luces.h:50:6:setUmbralLuces	16	static
control_luces.h:54:6:medirLDR	16	static
control_luces.h:78:6:luces	8	static
TFT.h:18:6:clrScr	24	static
TFT.h:24:6:setColor	40	static
TFT.h:29:6:setBackColor	40	static
TFT.h:34:6:drawRect	64	static
TFT.h:52:6:fillRect	64	static
TFT.h:70:6:print	104	static
TFT.h:92:6:printfrase	32	static
TFT.h:100:6:setFont	32	static
TFT.h:105:6:drawCircle	56	static
TFT.h:120:6:fillCircle	56	static
TFT.h:156:6:botones	24	static
TFT.h:187:6:crear_botonera	32	static
TFT.h:203:6:resaltar_boton	64	static
TFT.h:247:6:rellenar_botones	104	static
TFT.h:289:6:pantalla_principal	176	static
TFT.h:321:6:pantalla_luces	176	static
TFT.h:351:6:pantalla_luces_manual	32	static
control_persianas.h:15:6:setEstadoPersianas	16	static
control_persianas.h:30:5:getEstadoPersianas	4	static
control_persianas.h:34:5:getEstadoAnteriorPersianas	4	static
control_persianas.h:38:6:cambiarEstadoPersianas	8	static
control_riego.h:16:6:setEstadoRiego	16	static
control_riego.h:33:6:cambiarEstadoRiego	8	static
control_riego.h:42:5:getEstadoAnteriorRiego	4	static
control_riego.h:45:6:temporizador_riego	8	static
control_riego.h:52:6:riego	8	static
control_seguridad.h:17:6:setEstadoSeguridad	16	static
control_seguridad.h:31:6:activar_sensor	8	static
control_seguridad.h:47:5:getEstadoSeguridad	4	static
control_seguridad.h:51:6:cambiarEstadoSeguridad	8	static
control_seguridad.h:59:6:intruso_detectado	4	static
control_seguridad.h:65:6:sonar_alarma	8	static
control_seguridad.h:72:6:seguridad	8	static
control_clima.h:24:6:setEstadoClima	16	static
control_clima.h:38:5:getEstadoClima	4	static
control_clima.h:42:6:cambiarEstadoClima	8	static
control_clima.h:54:6:setControlClima	16	static
control_clima.h:61:5:getControlClima	4	static
control_clima.h:65:6:cambiarControlClima	8	static
control_clima.h:74:6:setTemperaturaObjetivo	16	static
control_clima.h:78:5:getTemperaturaObjetivo	4	static
control_clima.h:82:6:delay	16	static
control_clima.h:88:6:Set_Pin_Output	40	static
control_clima.h:96:6:Set_Pin_Input	40	static
control_clima.h:107:6:DHT11_Start	8	static
control_clima.h:116:9:DHT11_Check_Response	16	static
control_clima.h:132:9:DHT11_Read	16	static
control_clima.h:149:6:lectura_dht11	8	static
control_clima.h:163:6:clima	8	static
control_BT.h:30:6:bluetooth	16	static
main.c:78:6:HAL_UART_RxCpltCallback	16	static
main.c:88:5:debouncer	24	static
main.c:115:6:HAL_GPIO_EXTI_Callback	16	static
main.c:150:5:main	16	static
main.c:338:6:SystemClock_Config	88	static
main.c:383:13:MX_ADC1_Init	24	static
main.c:433:13:MX_I2C1_Init	8	static
main.c:467:13:MX_TIM1_Init	32	static
main.c:513:13:MX_TIM6_Init	16	static
main.c:551:13:MX_USART6_UART_Init	8	static
main.c:584:13:MX_GPIO_Init	56	static
main.c:664:6:Error_Handler	4	static,ignoring_inline_asm
