control_luces.h:16:6:setLuces	16	static
control_luces.h:26:5:getEstadoLuces	4	static
control_luces.h:30:6:cambiarEstadoLuces	8	static
control_luces.h:38:6:setModoLuces	16	static
control_luces.h:48:5:getModoLuces	4	static
control_luces.h:52:6:cambiarModoLuces	8	static
control_luces.h:60:6:medirLDR	16	static
control_luces.h:74:6:luces	8	static
TFT.h:18:6:clrScr	24	static
TFT.h:24:6:setColor	40	static
TFT.h:29:6:setBackColor	40	static
TFT.h:34:6:drawRect	64	static
TFT.h:52:6:fillRect	64	static
TFT.h:70:6:print	104	static
TFT.h:92:6:printfrase	32	static
TFT.h:100:6:setFont	32	static
TFT.h:105:6:drawCircle	56	static
TFT.h:120:6:fillCircle	56	static
TFT.h:156:6:botones	24	static
TFT.h:187:6:crear_botonera	32	static
TFT.h:203:6:resaltar_boton	64	static
TFT.h:247:6:rellenar_botones	104	static
TFT.h:289:6:pantalla_principal	176	static
TFT.h:321:6:pantalla_luces	176	static
TFT.h:351:6:pantalla_luces_manual	32	static
control_BT.h:17:6:reset_buffer	16	static
control_BT.h:27:5:seleccion_menu_principal	16	static
control_BT.h:101:5:seleccion_menu_luces	16	static
control_BT.h:142:5:menu_luces_manual	8	static
control_persianas.h:15:6:setEstadoPersianas	16	static
control_persianas.h:30:5:getEstadoPersianas	4	static
control_persianas.h:34:5:getEstadoAnteriorPersianas	4	static
control_persianas.h:38:6:cambiarEstadoPersianas	8	static
control_riego.h:16:6:setEstadoRiego	16	static
control_riego.h:33:6:cambiarEstadoRiego	8	static
control_riego.h:43:6:temporizador_riego	8	static
control_riego.h:50:6:riego	8	static
control_seguridad.h:19:6:setEstadoSeguridad	16	static
control_seguridad.h:32:6:activar_sensor	8	static
control_seguridad.h:40:5:getEstadoSeguridad	4	static
control_seguridad.h:44:6:cambiarEstadoSeguridad	8	static
control_seguridad.h:52:6:intruso_detectado	4	static
control_seguridad.h:59:6:sonar_alarma	4	static
control_seguridad.h:63:6:seguridad	8	static
main.c:79:5:debouncer	24	static
main.c:106:6:HAL_GPIO_EXTI_Callback	16	static
main.c:161:5:main	16	static
main.c:266:6:SystemClock_Config	88	static
main.c:311:13:MX_ADC1_Init	24	static
main.c:361:13:MX_I2C1_Init	8	static
main.c:395:13:MX_TIM6_Init	16	static
main.c:433:13:MX_USART6_UART_Init	8	static
main.c:466:13:MX_GPIO_Init	48	static
main.c:539:6:Error_Handler	4	static,ignoring_inline_asm
